Aadorf
Aarau
Aarau Rohr
Aarberg
Aarburg
Aarwangen
Aathal-Seegräben
Aawangen
Abländschen
Abtwil
Abtwil AG
Abtwil SG
Achseten
Aclens
Acquarossa
Adelboden
Adetswil
Adligenswil
Adlikon
Adlikon b. Andelfingen
Adlikon b. Regensdorf
Adliswil
Aedermannsdorf
Aefligen
Aegerten
Aesch
Aesch (Neftenbach)
Aesch BL
Aesch LU
Aesch Neftenbach
Aesch ZH
Aeschau
Aeschi
Aeschi b. Spiez
Aeschi SO
Aeschiried
Aeschlen
Aeschlen b. Oberdiessbach
Aeschlen ob Gunten
Aetigkofen
Aetingen
Aettenschwil
Aeugst
Aeugst am Albis
Aeugstertal
Affeltrangen
Affoltern
Affoltern am Albis
Affoltern im Emmental
Agarn
Agarone
Agasul
Agiez
Agno
Agra
Agriswil
Aigle
Aïre
Aire-la-Ville
Airolo
Alberswil
Albeuve
Albinen
Albligen
Alchenflüh
Alchenstorf
Aldesago
Algetshausen
Alikon
Allaman
Alle
Allens
Allenwinden
Allerheiligenberg
Allmendingen
Allmendingen b. Bern
Allschwil
Almens
Alosen
Alp Grüm
Alpnach
Alpnach Dorf
Alpnachstad
Alpthal
Alt St. Johann
Altbüron
Altdorf
Altdorf SH
Altdorf UR
Alten
Altendorf
Altenrhein
Alterswil
Alterswil FR
Alterswilen
Altikon
Altishausen
Altishofen
Altnau
Altstätten
Altstätten SG
Altwis
Alvaneu
Alvaneu Bad
Alvaneu Dorf
Alvaschein
Am Bach (Avers)
Am Bach Avers
Ambrì
Amden
Aminona
Amlikon-Bissegg
Ammerswil
Ammerswil AG
Ammerzwil
Ammerzwil BE
Amriswil
Amsoldingen
Amsteg
Andeer
Andelfingen
Andermatt
Andhausen
Andiast
Andwil
Andwil SG
Andwil TG
Anglikon
Anières
Anwil
Anzère
Anzonico
Appenzell
Appenzell Eggerstanden
Appenzell Enggenhütten
Appenzell Meistersrüte
Appenzell Schlatt
Appenzell Steinegg
Apples
Aproz
Aproz (Nendaz)
Aproz Nendaz
Aquila
Aran
Aranno
Arbaz
Arbedo
Arboldswil
Arbon
Arcegno
Arch
Arconciel
Ardez
Ardon
Areuse
Argnou
Argnou (Ayent)
Argnou Ayent
Arisdorf
Aristau
Arlesheim
Arnegg
Arnex-sur-Nyon
Arnex-sur-Orbe
Arni
Arni AG
Arni BE
Arogno
Arolla
Arosa
Arosio
Arth
Arveyes
Arvigo
Arvillard
Arvillard (Salins)
Arvillard Salins
Arzier-Le Muids
Arzo
Ascharina
Ascona
Asp
Assens
Astano
Asuel
Athenaz
Athenaz (Avusy)
Athenaz Avusy
Attalens
Attelwil
Attikon
Attinghausen
Attiswil
Au
Au SG
Au TG
Au ZH
Aubonne
Auboranges
Auddes-sur-Riddes
Auenstein
Augio
Augst
Augst BL
Aumont
Auressio
Aurigeno
Auslikon
Ausserberg
Ausserbinn
Ausserferrera
Auswil
Autafond
Autavaux
Autigny
Auvernier
Auw
Avegno
Aven
Avenches
Avry-devant-Pont
Avry-sur-Matran
Avully
Axalp
Ayer
Azmoos
Baar
Baar (Nendaz)
Baar Nendaz
Bäch
Bäch SZ
Bachenbülach
Bächli
Bächli (Hemberg)
Bächli Hemberg
Bachs
Bad Ragaz
Bad Zurzach
Baden
Baldegg
Baldingen
Balerna
Balgach
Ballaigues
Ballens
Ballmoos
Ballwil
Balm
Balm b. Günsberg
Balm b. Messen
Balmberg
Balsthal
Balterswil
Baltschieder
Balzers
Banco
Bangerten
Bangerten b. Dieterswil
Bänk
Bänk (Dägerlen)
Bänk Dägerlen
Bannwil
Bärau
Barbengo
Barberêche
Bäretswil
Bargen
Bargen BE
Bargen SH
Bäriswil
Bäriswil BE
Barmelweid
Bärschwil
Barzheim
Basadingen
Basel
Basse-Nendaz
Bassecourt
Bassersdorf
Bassins
Bätterkinden
Bättwil
Bauen
Baulmes
Bauma
Bavois
Bazenheid
Beatenberg
Beckenried
Bedano
Bedigliora
Bedretto
Beggingen
Begnins
Beinwil
Beinwil (Freiamt)
Beinwil am See
Beinwil Freiamt
Beinwil SO
Belalp
Belfaux
Bellach
Bellelay
Bellerive
Bellerive VD
Bellevue
Bellikon
Bellinzona
Bellmund
Bellwald
Belmont-sur-Lausanne
Belmont-sur-Yverdon
Belp
Belpberg
Belprahon
Benglen
Benken
Benken SG
Benken ZH
Bennau
Bennwil
Benzenschwil
Bercher
Berg
Berg (Dägerlen)
Berg am Irchel
Berg Dägerlen
Berg SG
Berg TG
Bergdietikon
Bergün
Bergün-Bravuogn
Bergün/Bravuogn
Berikon
Beringen
Berken
Berlens
Berlingen
Bern
Berneck
Bernex
Bernhardzell
Berolle
Beromünster
Berschis
Bertschikon
Bertschikon (Gossau ZH)
Bertschikon Gossau
Berzona
Besazio
Besenbüren
Besencens
Betschwanden
Betten
Bettenhausen
Bettens
Bettingen
Bettlach
Bettmeralp
Bettwiesen
Bettwil
Beurnevésin
Beuson
Beuson (Nendaz)
Beuson Nendaz
Bevaix
Bever
Bévilard
Bex
Biasca
Biberen
Biberist
Bibern
Bibern SH
Bibern SO
Biberstein
Bichelsee
Bichwil
Bidogno
Biel
Biel VS
Biel-Benken
Biel-Benken BL
Biel-Bienne
Biel/Bienne
Bielersee
Biembach
Biembach im Emmental
Bienne
Bière
Biessenhofen
Bieudron
Bieudron (Nendaz)
Bieudron Nendaz
Biezwil
Bigenthal
Biglen
Bignasco
Bigorio
Billens
Bilten
Binn
Binningen
Binz
Bioggio
Biogno-Beride
Bioley-Magnoux
Bioley-Orjulaz
Bionnens
Birgisch
Birmensdorf
Birmensdorf ZH
Birmenstorf
Birmenstorf AG
Bironico
Birr
Birrhard
Birrwil
Birsfelden
Birwinken
Bischofszell
Bisisthal
Bissone
Bister
Bitsch
Bivio
Blankenburg
Blatten
Blatten (Lötschen)
Blatten b. Naters
Blatten Lötschen
Blauen
Blausee-Mitholz
Bleienbach
Bleiken
Bleiken b. Oberdiessbach
Blessens
Blignou
Blignou (Ayent)
Blignou Ayent
Blitzingen
Blonay
Blumenstein
Böbikon
Böckten
Bodio
Bodio TI
Boécourt
Bofflens
Bogis-Bossey
Bogno
Bôle
Bolken
Boll
Bolligen
Bollingen
Bollion
Bollodingen
Boltigen
Bombinasco
Bonaduz
Bonau
Boncourt
Bondo
Bonfol
Bönigen
Bönigen b. Interlaken
Boningen
Boniswil
Bonnefontaine
Bonstetten
Bonvillars
Boppelsen
Borex
Borgnone
Borgonovo
Bosco
Bosco Luganese
Bosco-Gurin
Bosco/Gurin
Bösingen
Bossonnens
Boswil
Bottens
Bottenwil
Botterens
Bottighofen
Bottmingen
Böttstein
Botyre
Botyre (Ayent)
Botyre Ayent
Boudevilliers
Boudry
Bougy-Villars
Boulens
Bouloz
Bourg-St-Pierre
Bourguillon
Bournens
Bourrignon
Boussens
Bouveret
Boveresse
Bovernier
Bowil
Bözberg
Bözen
Braggio
Brail
Bramboden
Bramois
Bratsch
Braunau
Braunwald
Bravuogn
Brè
Brè sopra Lugano
Breganzona
Breil
Breil-Brigels
Breil/Brigels
Breitenbach
Bremblens
Bremgarten
Bremgarten AG
Bremgarten b. Bern
Brenles
Breno
Brent
Brenzikofen
Bressaucourt
Bretigny-sur-Morrens
Bretonnières
Bretzwil
Brienz
Brienz BE
Brienz-Brinzauls
Brienz/Brinzauls
Brienz/Brinzauls GR
Brienzersee
Brienzwiler
Brig
Brigels
Brigerbad
Brignon
Brignon (Nendaz)
Brignon Nendaz
Brinzauls
Brione
Brione (Verzasca)
Brione sopra Minusio
Brione Verzasca
Brislach
Brissago
Bristen
Brittern
Brittnau
Broc
Broglio
Bronschhofen
Brontallo
Brot-Dessous
Brot-Plamboz
Bruderholz
Brugg
Brügg
Brugg AG
Brügg BE
Brügglen
Brülisau
Brunegg
Brünig
Brünisried
Brunnadern
Brunnen
Brunnenthal
Brusino
Brusino Arsizio
Brusio
Bruson
Brüttelen
Brütten
Brüttisellen
Bruzella
Bubendorf
Bubikon
Buch
Buch am Irchel
Buch b. Frauenfeld
Buch b. Kümmertshausen
Buch b. Märwil
Buch SH
Buchackern
Buchberg
Buchen
Buchen BE
Buchen im Prättigau
Buchillon
Buchrain
Buchs
Buchs AG
Buchs LU
Buchs SG
Buchs ZH
Büchslen
Buckten
Büetigen
Bühl
Bühl b. Aarberg
Bühler
Buhwil
Buix
Bülach
Bulle
Bullet
Bünzen
Buochs
Buonas
Bürchen
Bure
Büren
Büren an der Aare
Büren NW
Büren SO
Büren zum Hof
Burg
Burg AG
Burg im Leimental
Burgäschi
Burgdorf
Bürgenstock
Burgistein
Burglauenen
Bürglen
Bürglen OW
Bürglen TG
Bürglen UR
Büriswilen
Büron
Bursinel
Bursins
Burtigny
Buseno
Büsserach
Bussigny
Bussigny-sur-Oron
Bussnang
Busswil
Busswil b. Melchnau
Busswil BE
Busswil TG
Bussy
Bussy FR
Bussy-Chardonney
Bussy-sur-Moudon
Bütschwil
Büttenhardt
Buttes
Buttikon
Büttikon
Büttikon AG
Buttikon SZ
Buttisholz
Buttwil
Bützberg
Buus
Cabbio
Cademario
Cadempino
Cadenazzo
Cadro
Cagiallo
Calfreisen
Calonico
Calpiogna
Cama
Camedo
Camignolo
Camischolas
Camorino
Campascio
Campello
Camperio
Campo
Campo (Blenio)
Campo (Vallemaggia)
Campo Blenio
Campo Vallemaggia
Campocologno
Campora
Campsut-Cröt
Camuns
Caneggio
Canobbio
Capolago
Carabbia
Carabietta
Carena
Carì
Carona
Carouge
Carouge GE
Carrouge
Carrouge VD
Cartigny
Casaccia
Casima
Caslano
Cassina
Cassina d'Agno
Castagnola
Castaneda
Castasegna
Castel
Castel San Pietro
Castelrotto
Castiel
Castione
Castrisch
Castro
Cauco
Caux
Cavagnago
Cavardiras
Cavergno
Caviano
Cavigliano
Cazis
Celerina
Celerina-Schlarigna
Celerina/Schlarigna
Céligny
Cerentino
Cerniat
Cerniat FR
Cerniaz
Cerniaz VD
Cernier
Certara
Cevio
Châbles
Châbles FR
Chabrey
Chailly-Montreux
Chalais
Cham
Chambésy
Chamblon
Chambrelien
Chamby
Chamoille
Chamoille (Sembrancher)
Chamoille Sembrancher
Chamoson
Champ-du-Moulin
Champagne
Champéry
Champex-Lac
Champfèr
Champlan
Champlan (Grimisuat)
Champlan Grimisuat
Champoussin
Champoz
Champsec
Champtauroz
Champvent
Champzabé
Chancy
Chandolin
Chandon
Chandonne
Chandonne (Liddes)
Chandonne Liddes
Chanéaz
Chapelle
Chapelle (Broye)
Chapelle (Glâne)
Chapelle Broye
Chapelle Glâne
Chapelle-sur-Moudon
Chardonne
Charmey
Charmey (Gruyère)
Charmey Gruyère
Charmoille
Charrat
Château-d'Oex
Châtel-St-Denis
Châtel-sur-Montsalvens
Châtelaine
Châtelat
Châtillens
Châtillon
Châtillon FR
Châtillon JU
Châtonnaye
Chaumont
Chavannes-de-Bogis
Chavannes-des-Bois
Chavannes-le-Chêne
Chavannes-le-Veyron
Chavannes-les-Forts
Chavannes-près-Renens
Chavannes-sous-Orsonnens
Chavannes-sur-Moudon
Chavornay
Cheiry
Chemin
Chenaux
Chêne-Bougeries
Chêne-Bourg
Chêne-Pâquier
Chénens
Chermignon
Chermignon-d'en-Bas
Chernex
Chesalles-sur-Moudon
Chesalles-sur-Oron
Cheseaux-Noréaz
Cheseaux-sur-Lausanne
Chéserex
Chesières
Chésopelloz
Chessel
Chevenez
Chevilly
Chevroux
Chexbres
Cheyres
Chez
Chez Petit (Liddes)
Chez Petit Liddes
Chez-le-Bart
Chézard-St-Martin
Chiasso
Chiggiogna
Chigny
Chippis
Chironico
Choëx
Choulex
Chur
Churwalden
Cimadera
Cimalmotto
Cimo
Cinuos-chel
Clarens
Clarmont
Claro
Clavaleyres
Clèbes
Clèbes (Nendaz)
Clèbes Nendaz
Clugin
Coeuve
Coffrane
Coglio
Coinsins
Cointrin
Coldrerio
Colla
Collex
Collombey
Collonge-Bellerive
Collonges
Cologny
Colombier
Colombier NE
Colombier VD
Comano
Combremont-le-Grand
Combremont-le-Petit
Commugny
Comologno
Conches
Concise
Condémines
Condémines (Nendaz)
Condémines Nendaz
Confignon
Constantine
Conters
Conters im Prättigau
Conthey
Contone
Contra
Coppet
Corban
Corbeyrier
Corbières
Corcelles
Corcelles BE
Corcelles NE
Corcelles-le-Jorat
Corcelles-près-Concise
Corcelles-près-Payerne
Corcelles-sur-Chavornay
Cordast
Corgémont
Corin-de-la-Crête
Corippo
Corjolens
Cormagens
Cormérod
Corminboeuf
Cormondrèche
Cormoret
Cornaux
Cornaux NE
Cornol
Corpataux
Correvon
Corseaux
Corserey
Corsier
Corsier GE
Corsier-sur-Vevey
Cortaillod
Cortébert
Corteglia
Corticiasca
Corzoneso
Cossonay-Ville
Cottens
Cottens FR
Cottens VD
Cotterd
Courcelon
Courchapoix
Courchavon
Courfaivre
Courgenay
Courgevaux
Courlevon
Cournillens
Courrendlin
Courroux
Court
Courtaman
Courtedoux
Courtelary
Courtemaîche
Courtemautruy
Courtepin
Courtételle
Courtion
Cousset
Couvet
Cozzo
Crana
Crans-Montana
Crans-près-Céligny
Crassier
Cremin
Crémines
Cresciano
Cressier
Cressier FR
Cressier NE
Cresta
Cresta (Avers)
Cresta Avers
Crésuz
Crête-à-l'Oeil (Les Agettes)
Crête-à-l'Oeil Les Agettes
Cries
Cries (Vollèges)
Cries Vollèges
Crissier
Cronay
Croy
Crusch
Cuarnens
Cuarny
Cudrefin
Cugnasco
Cugy
Cugy FR
Cugy VD
Cully
Cumbel
Cumpadials
Cunter
Curaglia
Cureggia
Cureglia
Curio
Curtilles
Curtina
Dachsen
Dägerlen
Dagmersellen
Daillens
Daillon
Daiwil
Dalin
Dallenwil
Dällikon
Dalpe
Damphreux
Damvant
Dangio
Däniken
Däniken SO
Dänikon
Dänikon ZH
Danis
Dardagny
Dardin
Därligen
Därstetten
Dättlikon
Dättwil
Dättwil AG
Davesco-Soragno
Davos
Davos Clavadel
Davos Dorf
Davos Frauenkirch
Davos Glaris
Davos Monstein
Davos Platz
Davos Wiesen
Davos Wolfgang
Degen
Degersheim
Deisswil
Deisswil b. Münchenbuchsee
Deitingen
Delémont
Delley
Démoret
Denens
Denezy
Denges
Densbüren
Derendingen
Detligen
Dettighofen
Dettighofen (Lengwil)
Dettighofen Lengwil
Develier
Dickbuch
Dicken
Diegten
Dielsdorf
Diemerswil
Diemtigen
Diepflingen
Diepoldsau
Dierikon
Diesbach
Diesbach GL
Diessbach
Diessbach b. Büren
Diesse
Diessenhofen
Dieterswil
Dietfurt
Dietikon
Dietlikon
Dietschwil
Dietwil
Dinhard
Dino
Dintikon
Disentis
Disentis-Mustér
Disentis/Mustér
Dittingen
Dizy
Domat
Domat-Ems
Domat/Ems
Dombresson
Domdidier
Dommartin
Dompierre
Dompierre FR
Dompierre VD
Donat
Donatyre
Dongio
Donneloye
Donzhausen
Doppleschwand
Dorénaz
Dorf
Dörflingen
Dornach
Dotnacht
Dottikon
Döttingen
Dotzigen
Dozwil
Dranse
Dranse (Liddes)
Dranse Liddes
Dreien
Dübendorf
Düdingen
Duggingen
Dugny
Dugny (Leytron)
Dugny Leytron
Duillier
Dulliken
Dully
Dürnten
Dürrenäsch
Dürrenroth
Dussnang
Duvin
Ebersecken
Ebersol
Ebertswil
Ebikon
Ebmatingen
Ebnat-Kappel
Ebnet
Echallens
Echandens
Echarlens
Echichens
Eclagnens
Eclépens
Ecoteaux
Ecublens
Ecublens FR
Ecublens VD
Ecuvillens
Ederswiler
Edlibach
Effingen
Effretikon
Egerkingen
Egg
Egg (Flawil)
Egg b. Zürich
Egg Flawil
Egg SZ
Eggenwil
Eggerberg
Eggersriet
Eggiwil
Eglisau
Egliswil
Egnach
Egolzwil
Ehrendingen
Ehrikon
Eich
Eichberg
Eigenthal
Eigergletscher
Eiken
Einigen
Einsiedeln
Eischoll
Eison
Eison (St-Martin)
Eison St-Martin
Eisten
Elfingen
Elgg
Ellighausen
Ellikon
Ellikon am Rhein
Ellikon an der Thur
Elm
Elsau
Embd
Embrach
Emdthal
Emmen
Emmenbrücke
Emmenmatt
Emmetten
Ems
Endingen
Engelberg
Engelburg
Enges
Enggistein
Engi
Engishofen
Englisberg
Engollon
Engwang
Engwilen
Ennenda
Ennetaach
Ennetbaden
Ennetbühl
Ennetbürgen
Ennetmoos
Enney
Entlebuch
Epagny
Epalinges
Epautheyres
Epauvillers
Ependes
Ependes FR
Ependes VD
Epesses
Epiquerez
Eppenberg
Epsach
Eptingen
Erde
Ergisch
Eriswil
Eriz
Erlach
Erlen
Erlenbach
Erlenbach im Simmental
Erlenbach ZH
Erlinsbach
Erlinsbach SO
Ermatingen
Ermensee
Ermenswil
Ernen
Ernetschwil
Erschmatt
Erschwil
Ersigen
Erstfeld
Eschen
Eschenbach
Eschenbach LU
Eschenbach SG
Eschenz
Eschert
Eschikofen
Eschlikon
Eschlikon TG
Escholzmatt
Esmonts
Essert
Essert FR
Essert-Pittet
Essert-sous-Champvent
Essertes
Essertines-sur-Rolle
Essertines-sur-Yverdon
Esslingen
Estavannens
Estavayer-le-Gibloux
Estavayer-le-Lac
Estévenens
Etagnières
Etoy
Ettenhausen
Ettenhausen TG
Ettingen
Ettiswil
Etzelkofen
Etzgen
Etziken
Etzwilen
Euseigne
Euthal
Evilard
Evionnaz
Evolène
Eyholz
Eysins
Fahrni
Fahrni b. Thun
Fahrwangen
Fahrweid
Fahy
Faido
Fajauna
Falera
Fällanden
Fanas
Fankhaus
Fankhaus (Trub)
Fankhaus Trub
Faoug
Farnern
Farvagny-le-Grand
Farvagny-le-Petit
Faulensee
Féchy
Fehraltorf
Fehren
Felben-Wellhausen
Feldbach
Feldbrunnen
Feldis
Feldis-Veulden
Feldis/Veulden
Felsberg
Fenalet-sur-Bex
Fenil-sur-Corsier
Fenin
Fenkrieden
Ferden
Ferenbalm
Ferlens
Ferlens VD
Ferpicloz
Ferreyres
Fescoggia
Fétigny
Feuerthalen
Feusisberg
Feutersoey
Fex
Fey
Fey (Nendaz)
Fey Nendaz
Fiaugères
Fidaz
Fideris
Fiesch
Fieschertal
Fiez
Figino
Filet
Filisur
Filzbach
Finhaut
Finsterhennen
Finstersee
Finsterwald
Finsterwald b. Entlebuch
Fionnay
Fischbach
Fischbach LU
Fischbach-Göslikon
Fischenthal
Fischingen
Fisibach
Fislisbach
Flaach
Flamatt
Flanthey
Fläsch
Flawil
Flendruz
Flerden
Fleurier
Flims
Flims Dorf
Flims Waldhaus
Flond
Flüelen
Flüeli-Ranft
Flüh
Flühli
Flühli LU
Flumenthal
Flums
Flums Hochwiese
Flumserberg
Flumserberg Bergheim
Flumserberg Portels
Flumserberg Saxli
Flumserberg Tannenbodenalp
Flumserberg Tannenheim
Flurlingen
Font
Fontaine
Fontaine Dessous (Liddes)
Fontaine Dessous Liddes
Fontaine Dessus (Liddes)
Fontaine Dessus Liddes
Fontainemelon
Fontaines
Fontaines NE
Fontaines-sur-Grandson
Fontanezier
Fontannen
Fontannen b. Wolhusen
Fontenais
Fontnas
Forch
Forel
Forel (Lavaux)
Forel FR
Forel Lavaux
Forel-sur-Lucens
Formangueires
Fornet-Dessous
Fornet-Dessus
Fornex
Fornex (Liddes)
Fornex Liddes
Forst
Forst b. Längenbühl
Fortunau
Fortunau (Ayent)
Fortunau Ayent
Founex
Fräschels
Frasco
Frasnacht
Frasses
Fraubrunnen
Frauenfeld
Frauenkappelen
Fregiécourt
Freidorf
Freidorf TG
Freienbach
Freienstein
Freienwil
Freimettigen
Frenières-sur-Bex
Frenkendorf
Fresens
Fretereules
Freudwil
Fribourg
Frick
Frieswil
Friltschen
Frinvillier
Froideville
Frümsen
Fruthwilen
Frutigen
Ftan
Fuldera
Fulenbach
Full-Reuenthal
Füllinsdorf
Fully
Fürigen
Furna
Fürstenau
Fürstenaubruck
Fusio
Gabi
Gabi (Simplon)
Gabi Simplon
Gächlingen
Gächliwil
Gachnang
Gadenstätt
Gadmen
Gähwil
Gais
Galgenen
Galmiz
Gals
Gammen
Gampel
Gampelen
Gamprin-Bendern
Gams
Gamsen
Gandria
Gänsbrunnen
Gansingen
Ganterschwil
Gasel
Gattikon
Gebenstorf
Gebertingen
Geiss
Gelfingen
Gelterfingen
Gelterkinden
Geltwil
Gempen
Gempenach
Genestrerio
Genève
Genolier
Genthod
Gentilino
Gerlafingen
Gerlikon
Geroldswil
Gerolfingen
Gerra
Gerra (Gambarogno)
Gerra (Verzasca)
Gerra Gambarogno
Gerra Verzasca
Gersau
Gerzensee
Geschinen
Gettnau
Geuensee
Ghirone
Gibswil
Giebenach
Giez
Giffers
Gillarens
Gilly
Gimel
Gimmelwald
Gingins
Giornico
Gipf-Oberfrick
Gisikon
Giswil
Giubiasco
Giumaglio
Givisiez
Givrins
Gland
Glarus
Glashütten
Glattbrugg
Glattfelden
Glattpark
Glattpark (Opfikon)
Glattpark Opfikon
Gletterens
Glion
Glis
Glovelier
Gluringen
Gnosca
Gockhausen
Gohl
Golaten
Goldach
Goldau
Goldingen
Goldiwil
Goldiwil (Thun)
Goldiwil Thun
Goldswil
Goldswil b. Interlaken
Golino
Gollion
Gommiswald
Gondiswil
Gondo
Gonten
Gontenbad
Gontenschwil
Goppenstein
Goppisberg
Gordevio
Gordola
Gorduno
Gorgier
Göschenen
Gossau
Gossau SG
Gossau ZH
Gossens
Gossliwil
Götighofen
Gottlieben
Goumoens-la-Ville
Goumoens-le-Jux
Goumois
Graben
Grabs
Grabserberg
Grächen
Grafenort
Grafenried
Grafstal
Graltshausen
Grancia
Grancy
Grand-Lancy
Grandcour
Grandevent
Grandfontaine
Grandsivaz
Grandson
Grandval
Grandvaux
Grandvillard
Granges
Granges (Veveyse)
Granges Veveyse
Granges VS
Granges-de-Vesin
Granges-Paccot
Granges-près-Marnand
Grangettes-près-Romont
Gränichen
Gräslikon
Grasswil
Grattavache
Gravesano
Greich
Greifensee
Grellingen
Grenchen
Greng
Grengiols
Grenilles
Grens
Greppen
Gresso
Gressy
Gretschins
Gretzenbach
Grimentz
Grimisuat
Grindel
Grindelwald
Grolley
Grône
Grono
Gross
Grossaffoltern
Grossdietwil
Grosshöchstetten
Grosswangen
Grub
Grub AR
Grub SG
Gruben
Grugnay
Grugnay (Chamoson)
Grugnay Chamoson
Grund
Grund b. Gstaad
Grünen
Grünenmatt
Grüningen
Grüsch
Grüt
Grüt (Gossau ZH)
Grüt Gossau
Gruyères
Gryon
Gstaad
Gsteig
Gsteig b. Gstaad
Gsteigwiler
Guarda
Gudo
Guggisberg
Gumefens
Gümligen
Gümmenen
Gundetswil
Gündisau
Gündlischwand
Günsberg
Guntalingen
Gunten
Guntershausen
Guntershausen b. Aadorf
Guntershausen b. Berg
Gunterswilen
Guntmadingen
Gunzgen
Gunzwil
Gurbrü
Gurin
Gurmels
Gurtnellen
Gurzelen
Guschelmuth
Gutenburg
Gutenswil
Guttannen
Guttet-Feschel
Güttingen
Gwatt
Gwatt (Thun)
Gwatt Thun
Gy
Gysenstein
Haag
Haag (Rheintal)
Haag Rheintal
Habkern
Habsburg
Häfelfingen
Hagenbuch
Hagenbuch ZH
Hägendorf
Hagendorn
Hagenwil
Hagenwil b. Amriswil
Häggenschwil
Hägglingen
Hagneck
Halden
Haldenstein
Haldi
Haldi b. Schattdorf
Hallau
Hallwil
Halten
Hämikon
Happerswil
Harenwilen
Härkingen
Hasle
Hasle b. Burgdorf
Hasle LU
Haslen
Haslen AI
Haslen GL
Hasliberg
Hasliberg Goldern
Hasliberg Hohfluh
Hasliberg Reuti
Hasliberg Wasserwendi
Hattenhausen
Hätzingen
Hauenstein
Hauptikon
Hauptwil
Hausen
Hausen AG
Hausen am Albis
Häusernmoos
Häusernmoos im Emmental
Häuslenen
Haute-Nendaz
Hauterive
Hauterive NE
Hauteville
Häutligen
Hedingen
Heerbrugg
Hefenhausen
Hefenhofen
Heiden
Heiligenschwendi
Heiligkreuz
Heiligkreuz (Mels)
Heiligkreuz Mels
Heimberg
Heimenhausen
Heimenschwand
Heimisbach
Heimiswil
Heinrichswil
Heitenried
Heldswil
Helgisried-Rohrbach
Hellbühl
Hellikon
Hellsau
Hemberg
Hemishofen
Hemmental
Hemmiken
Henau
Hendschiken
Henggart
Hennens
Henniez
Herbetswil
Herbligen
Herbriggen
Herdern
Hérémence
Hergiswil
Hergiswil b. Willisau
Hergiswil NW
Herisau
Herlisberg
Hermance
Hermenches
Hermetschwil-Staffeln
Hermiswil
Hermrigen
Herrenhof
Herrenschwanden
Herrliberg
Hersberg
Hersiwil
Hertenstein
Hertenstein AG
Herznach
Herzogenbuchsee
Hessigkofen
Hettenschwil
Hettiswil
Hettiswil b. Hindelbank
Hettlingen
Hildisrieden
Hilfikon
Hilterfingen
Himmelried
Hindelbank
Hinteregg
Hinterforst
Hinterfultigen
Hinterkappelen
Hintermoos
Hinterrhein
Hinwil
Hirschthal
Hirzel
Hittnau
Hitzkirch
Hochdorf
Hochfelden
Höchstetten
Hochwald
Hofen
Höfen
Höfen b. Thun
Hofen SH
Hoffeld
Hofstatt
Hofstetten
Hofstetten b. Brienz
Hofstetten SO
Hofstetten ZH
Hohenrain
Hohentannen
Hohtenn
Holderbank
Holderbank AG
Holderbank SO
Hölstein
Holzhäusern
Holzhäusern ZG
Holziken
Homberg
Homberg b. Thun
Hombrechtikon
Homburg
Honau
Hondrich
Horboden
Horgen
Horgenberg
Hörhausen
Höri
Horn
Hornussen
Horrenbach
Horriwil
Horw
Hosenruck
Hospental
Hottwil
Hubersdorf
Huémoz
Hugelshofen
Humlikon
Hundwil
Hünenberg
Hünenberg See
Hünibach
Hüniken
Hünikon
Hünikon (Neftenbach)
Hünikon Neftenbach
Hüntwangen
Hunzenschwil
Hurden
Hüswil
Hütten
Hüttikon
Hüttlingen
Huttwil
Hüttwilen
Ibach
Ichertswil
Icogne
Iffwil
Igis
Ilanz
Illgau
Illhart
Illighausen
Illnau
Im Fang
Immensee
Indemini
Inden
Inkwil
Innerberg
Innereriz
Innerferrera
Innerthal
Innertkirchen
Ins
Insone
Interlaken
Intragna
Intschi
Inwil
Ipsach
Iragna
Iseltwald
Isenfluh
Isenthal
Iseo
Isérables
Islikon
Islisberg
Isole
Isole di Brissago
Isone
Istighofen
Itingen
Ittenthal
Ittigen
Jaberg
Jakobsbad
Jaun
Jegenstorf
Jenaz
Jenins
Jens
Jeuss
Jona
Jonen
Jongny
Jonschwil
Jouxtens-Mézery
Juf
Jungfraujoch
Juriens
Jussy
Kägiswil
Kaiseraugst
Kaiserstuhl
Kaiserstuhl AG
Kaisten
Kallern
Kallnach
Kalpetran
Kaltacker
Kaltbach
Kaltbrunn
Kaltenbach
Kammersrohr
Kandergrund
Kandersteg
Känerkinden
Kappel
Kappel am Albis
Kappel SO
Kappelen
Kastanienbaum
Kaufdorf
Kefikon
Kefikon TG
Kefikon ZH
Kehrsatz
Kehrsiten
Kemptthal
Kernenried
Kerns
Kerzers
Kesswil
Kestenholz
Kienberg
Kiental
Kiesen
Kilchberg
Kilchberg BL
Kilchberg ZH
Killwangen
Kippel
Kirchberg
Kirchberg BE
Kirchberg SG
Kirchdorf
Kirchdorf AG
Kirchdorf BE
Kirchenthurnen
Kirchleerau
Kirchlindach
Klarsreuti
Kleinandelfingen
Kleinbösingen
Kleindietwil
Kleindöttingen
Kleine
Kleine Scheidegg
Kleingurmels
Kleinlützel
Kleinwangen
Klingnau
Klöntal
Kloster
Kloster Fahr
Klosters
Klosters Dorf
Kloten
Knonau
Knutwil
Koblenz
Kollbrunn
Kölliken
Köniz
Konolfingen
Koppigen
Kottwil
Kradolf
Kräiligen
Krattigen
Krauchthal
Kreuzlingen
Kriechenwil
Kriegstetten
Kriens
Kriessern
Krinau
Krummenau
Küblis
Kulmerau
Kümmertshausen
Künten
Küsnacht
Küsnacht ZH
Küssnacht
Küssnacht am Rigi
Küttigen
Küttigkofen
Kyburg
Kyburg-Buchegg
L'Abbaye
L'Abergement
L'Auberson
L'Etivaz
L'Isle
L'Orient
La Brévine
La Châtagne
La Chaux (Cossonay)
La Chaux Cossonay
La Chaux-de-Fonds
La Chaux-des-Breuleux
La Chaux-du-Milieu
La Cibourg
La Comballaz
La Conversion
La Corbaz
La Côte-aux-Fées
La Coudre
La Croix (Lutry)
La Croix Lutry
La Croix-de-Rozon
La Cure
La Ferrière
La Forclaz
La Forclaz VD
La Forclaz VS
La Fouly
La Fouly VS
La Garde (Sembrancher)
La Garde Sembrancher
La Heutte
La Joux
La Joux FR
La Lécherette
La Magne
La Neirigue
La Neuveville
La Place (Ayent)
La Place Ayent
La Plaine
La Praz
La Punt-Chamues-ch
La Rippe
La Roche
La Roche FR
La Rösa
La Russille
La Sage
La Sagne
La Sagne (Ste-Croix)
La Sagne NE
La Sagne Ste-Croix
La Sarraz
La Tanne
La Tine
La Tour
La Tour VS
La Tour-de-Peilz
La Tour-de-Trême
La Tzoumaz
La Vernaz (Les Agettes)
La Vernaz Les Agettes
La Verrerie
La Vraconnaz
La Vue-des-Alpes
Laax
Laax GR
Lachen
Lachen SZ
Laconnex
Ladir
Lai
Lajoux
Lajoux JU
Lalden
Lamboing
Lamone
Lampenberg
Lamperswil
Lamperswil TG
Landiswil
Landquart
Landschlacht
Langenbruck
Längenbühl
Langendorf
Langenthal
Langnau
Langnau am Albis
Langnau b. Reiden
Langnau im Emmental
Langrickenbach
Langwies
Langwiesen
Lanna
Lanterswil
Lantsch
Lantsch-Lenz
Lantsch/Lenz
Lanzenhäusern
Lanzenneunforn
Largario
Latsch
Latterbach
Lätti
Lauenen
Lauenen b. Gstaad
Lauerz
Läufelfingen
Laufen
Laufenburg
Laupen
Laupen BE
Laupen ZH
Laupersdorf
Lauperswil
Laura
Lausanne
Lausen
Lauterbrunnen
Lauwil
Lavertezzo
Lavey-les-Bains
Lavey-Village
Lavigny
Lavin
Lavorgo
Lax
Le Bémont
Le Bémont JU
Le Brassus
Le Brouillet
Le Bry
Le Cerneux-Péquignot
Le Cerneux-Veusil
Le Châble
Le Châble VS
Le Château-de-Ste-Croix
Le Châtelard
Le Châtelard VS
Le Châtelard-près-Romont
Le Crêt-du-Locle
Le Crêt-près-Semsales
Le Fuet
Le Grand-Saconnex
Le Landeron
Le Lieu
Le Lignon
Le Locle
Le Mont-Pèlerin
Le Mont-sur-Lausanne
Le Mouret
Le Noirmont
Le Pâquier
Le Pâquier NE
Le Pâquier-Montbarry
Le Pont
Le Prédame
Le Prese
Le Prévoux
Le Séchey
Le Sentier
Le Sépey
Le Solliat
Le Trétien
Le Vaud
Léchelles
Leggia
Leibstadt
Leimbach
Leimbach AG
Leimbach TG
Leimiswil
Leissigen
Lenggenwil
Lengnau
Lengnau AG
Lengnau BE
Lengwil
Lenk
Lenk im Simmental
Lens
Lentigny
Lenz
Lenzburg
Lenzerheide
Lenzerheide-Lai
Lenzerheide/Lai
Leontica
Les Acacias
Les Agettes
Les Avanchets
Les Avants
Les Bayards
Les Bioux
Les Bois
Les Brenets
Les Breuleux
Les Charbonnières
Les Clées
Les Collons
Les Crosets
Les Cullayes
Les Diablerets
Les Ecasseys
Les Ecorcheresses
Les Emibois
Les Enfers
Les Evouettes
Les Friques
Les Geneveys-sur-Coffrane
Les Genevez
Les Genevez JU
Les Giettes
Les Granges (Salvan)
Les Granges Salvan
Les Haudères
Les Hauts-Geneveys
Les Marécottes
Les Mayens-de-Sion
Les Monts-de-Corsier
Les Monts-de-Pully
Les Mosses
Les Moulins
Les Moulins Liddes
Les Moulins VS (Liddes)
Les Paccots
Les Planchettes
Les Plans-sur-Bex
Les Pommerats
Les Pontins
Les Ponts-de-Martel
Les Posses-sur-Bex
Les Prés-d'Orvin
Les Rasses
Les Reussilles
Les Sagnettes
Les Sciernes-d'Albeuve
Les Taillères
Les Tavernes
Les Thioleyres
Les Valettes (Bovernier)
Les Valettes Bovernier
Les Vérines (Chamoson)
Les Vérines Chamoson
Les Verrières
Les Vieux-Prés
Lessoc
Leuggelbach
Leuggern
Leuk
Leuk Stadt
Leukerbad
Leutwil
Leuzigen
Levron
Leysin
Leytron
Li
Li Curt
Libingen
Lichtensteig
Liddes
Liebefeld
Liebistorf
Liedertswil
Lieffrens
Lieli
Lieli LU
Lienz
Liesberg
Liesberg Dorf
Liestal
Liez
Liez (St-Martin)
Liez St-Martin
Ligerz
Lignerolle
Lignières
Ligornetto
Limpach
Lindau
Linden
Linescio
Linthal
Lipperswil
Lippoldswilen
Littenheid
Litzirüti
Lobsigen
Loc
Locarno
Loco
Lodano
Lodrino
Lohn
Lohn GR
Lohn SH
Lohn-Ammannsegg
Löhningen
Lohnstorf
Lömmenschwil
Lommis
Lommiswil
Lonay
Longirod
Lopagno
Losone
Lossy
Lostallo
Lostorf
Lottigna
Lotzwil
Lourtier
Lovatens
Lovens
Loveresse
Lü
Luc
Luc (Ayent)
Luc Ayent
Lucelle
Lucens
Lüchingen
Luchsingen
Ludiano
Lüen
Lufingen
Lugaggia
Lugano
Lugnez
Lugnorre
Luins
Lully
Lully FR
Lully VD
Lumbrein
Lumino
Lunden
Lungern
Lupfig
Lupsingen
Lurtigen
Lüscherz
Lussery-Villars
Lüsslingen
Lussy
Lussy FR
Lussy-sur-Morges
Lustdorf
Lustmühle
Luterbach
Lüterkofen
Lüterswil
Luthern
Luthern Bad
Lütisburg
Lütisburg Station
Lutry
Lütschental
Lützelflüh-Goldbach
Lutzenberg
Luven
Luzein
Luzern
Lyss
Lyssach
Macolin
Madetswil
Madiswil
Madonna
Madonna del Piano
Madrano
Mädris-Vermol
Madulain
Magadino
Magden
Mägenwil
Maggia
Magglingen
Magglingen-Macolin
Magglingen/Macolin
Magliaso
Maglio
Maglio di Colla
Magnedens
Maienfeld
Mairengo
Maisprach
Maladers
Malans
Malans GR
Malans SG
Malix
Malleray
Maloja
Malters
Malvaglia
Mamishaus
Mammern
Mandach
Männedorf
Mannenbach-Salenstein
Mannens
Manno
Maracon
Marbach
Marbach LU
Marbach SG
Marchissy
Mariastein
Marin-Epagnier
Marly
Marmorera
Marnand
Maroggia
Marolta
Marsens
Märstetten
Marthalen
Martherenges
Martigny
Martigny-Croix
Martina
Martisberg
Märwil
Maschwanden
Mase
Masein
Maseltrangen
Massagno
Massongex
Massonnens
Mastrils
Mathod
Mathon
Matran
Matt
Matten
Matten (St. Stephan)
Matten b. Interlaken
Matten St. Stephan
Mattstetten
Mattwil
Matzendorf
Matzingen
Mauborget
Mauensee
Maules
Maur
Mauraz
Mauren
Mauren FL
Mauren TG
Mayens-de-Chamoson
Medeglia
Medels
Medels im Rheinwald
Meggen
Mehlsecken
Meien
Meienberg
Meienried
Meierskappel
Meikirch
Meilen
Meinier
Meinisberg
Meiringen
Meisterschwanden
Melano
Melchnau
Melchsee-Frutt
Melchtal
Melide
Mellikon
Mellingen
Mels
Meltingen
Mendrisio
Ménières
Menzberg
Menzengrüt
Menziken
Menzingen
Menznau
Menzonio
Merenschwand
Mergoscia
Meride
Merishausen
Merligen
Merlischachen
Mervelier
Merzligen
Mesocco
Messen
Mettau
Mettembert
Mettendorf
Mettendorf TG
Mettlen
Mettmenstetten
Metzerlen
Mex
Mex VD
Mex VS
Meyriez
Meyrin
Mézery-près-Donneloye
Mézières
Mézières FR
Mézières VD
Mezzovico
Middes
Miécourt
Miège
Mies
Miex
Miglieglia
Milken
Minusio
Miralago
Mirchel
Misériez
Misériez (Salins)
Misériez Salins
Misery
Mission
Missy
Mitlödi
Mittelhäusern
Mogelsberg
Moghegno
Möhlin
Moiry
Moiry VD
Molare
Moleno
Moléson-sur-Gruyères
Molinis
Mollens
Mollens VD
Mollens VS
Mollie-Margot
Mollis
Molondin
Mols
Mon
Mönchaltorf
Moneto
Monible
Monnaz
Mont-Crosin
Mont-de-Buttes
Mont-la-Ville
Mont-Soleil
Mont-sur-Rolle
Mont-Tramelan
Montagne-de-Courtelary
Montagne-de-Sonvilier
Montagnola
Montagnon
Montagnon (Leytron)
Montagnon Leytron
Montagny-la-Ville
Montagny-les-Monts
Montagny-près-Yverdon
Montalchez
Montana
Montaubion-Chardonney
Montavon
Montbovon
Montbrelloz
Montcherand
Monte
Monte Carasso
Monteggio
Montenol
Montet
Montet (Broye)
Montet (Glâne)
Montet Broye
Montet Glâne
Montévraz
Montezillon
Montfaucon
Montfavergier
Mönthal
Montherod
Monthey
Montignez
Montlingen
Montmagny
Montmelon
Montmollin
Montpreveyres
Montreux
Montricher
Montsevelier
Moosleerau
Moosseedorf
Morbio
Morbio Inferiore
Morbio Superiore
Morcles
Morcote
Mörel
Morens
Morens FR
Morgarten
Morges
Morgins
Mörigen
Möriken
Möriken AG
Morissen
Morlens
Morlon
Morrens
Morrens VD
Morschach
Mörschwil
Mosen
Mosnang
Mosogno
Mossel
Môtier
Môtier (Vully)
Môtier Vully
Môtiers
Môtiers NE
Mötschwil
Motto
Motto (Blenio)
Motto Blenio
Moudon
Moutier
Movelier
Mugena
Muggio
Muhen
Mühlau
Mühlebach
Mühlebach (Goms)
Mühlebach Goms
Mühleberg
Mühledorf
Mühledorf BE
Mühledorf SO
Mühlehorn
Mühlethal
Mühlethurnen
Mühlrüti
Mülchi
Mulegns
Mülenen
Müllheim
Müllheim Dorf
Müllheim-Wigoltingen
Mülligen
Mümliswil
Mumpé
Mumpé Medel
Mumpf
Münchenbuchsee
Münchenstein
Münchenwiler
Münchringen
Münchwilen
Münchwilen AG
Münchwilen TG
Mund
Münsingen
Münster
Münster VS
Münsterlingen
Muntelier
Müntschemier
Muolen
Muotathal
Mur
Mur (Vully) FR
Mur (Vully) VD
Mur Vully
Muralto
Muraz
Muraz (Collombey)
Muraz (Sierre)
Muraz Collombey
Muraz Sierre
Murg
Murgenthal
Muri
Muri AG
Muri b. Bern
Muriaux
Murist
Mürren
Murten
Murzelen
Müselbach
Müstair
Mustér
Müswangen
Mutrux
Mutten
Muttenz
Muzzano
Näfels
Nänikon
Nassen
Nassenwil
Naters
Nax
Naz
Nebikon
Necker
Neerach
Neftenbach
Neggio
Neirivue
Némiaz
Némiaz (Chamoson)
Némiaz Chamoson
Nendeln
Nennigkofen
Nenzlingen
Neschwil
Nesselnbach
Nesslau
Netstal
Neu St. Johann
Neuägeri
Neuchâtel
Neudorf
Neuendorf
Neuenegg
Neuenhof
Neuenkirch
Neuhaus
Neuhaus SG
Neuhausen
Neuhausen am Rheinfall
Neuheim
Neukirch
Neukirch (Egnach)
Neukirch an der Thur
Neukirch Egnach
Neunkirch
Neuwilen
Neyruz
Neyruz FR
Neyruz-sur-Moudon
Nidau
Nidfurn
Niederbipp
Niederbuchsiten
Niederbüren
Niederdorf
Niedergampel
Niedergesteln
Niederglatt
Niederglatt SG
Niederglatt ZH
Niedergösgen
Niederhasli
Niederhelfenschwil
Niederhünigen
Niederlenz
Niedermuhlern
Niederneunforn
Niederönz
Niederösch
Niederrickenbach
Niederried
Niederried b. Interlaken
Niederried b. Kallnach
Niederrohrdorf
Niederscherli
Niederstetten
Niederstocken
Niederteufen
Niederurnen
Niederuzwil
Niederwald
Niederwangen
Niederwangen b. Bern
Niederweningen
Niederwil
Niederwil AG
Niederwil SG
Niederwil SO
Nierlet-les-Bois
Niouc
Niva
Niva (Vallemaggia)
Niva Vallemaggia
Nivo
Nods
Noës
Noflen
Noflen BE
Nohl
Noiraigue
Noréaz
Nottwil
Novaggio
Novalles
Novazzano
Noville
Nufenen
Nuglar
Nunningen
Nürensdorf
Nussbaumen
Nussbaumen AG
Nussbaumen TG
Nusshof
Nuvilly
Nyon
Obbürgen
Oberaach
Oberägeri
Oberarth
Oberbalm
Oberbalmberg
Oberbipp
Oberbuchsiten
Oberbüren
Oberburg
Oberbussnang
Oberbütschel
Oberdiessbach
Oberdorf
Oberdorf BL
Oberdorf NW
Oberdorf SO
Oberegg
Oberembrach
Oberems
Oberengstringen
Oberentfelden
Oberflachs
Oberfrittenbach
Obergerlafingen
Obergesteln
Oberglatt
Oberglatt ZH
Obergoldbach
Obergösgen
Oberhallau
Oberhasli
Oberhelfenschwil
Oberhof
Oberhofen
Oberhofen AG
Oberhofen am Thunersee
Oberhofen TG
Oberhünigen
Oberiberg
Oberkirch
Oberkirch LU
Oberkulm
Oberlunkhofen
Obermumpf
Obermutten
Obernau
Oberneunforn
Oberönz
Oberösch
Oberramsern
Oberrickenbach
Oberried
Oberried am Brienzersee
Oberried FR
Oberrieden
Oberriet
Oberriet SG
Oberrindal
Oberrohrdorf
Oberrüti
Obersaxen
Oberschan
Oberschrot
Oberstammheim
Obersteckholz
Oberstetten
Oberstocken
Oberterzen
Oberthal
Oberurnen
Oberuzwil
Obervaz
Oberwald
Oberwangen
Oberwangen b. Bern
Oberwangen TG
Oberweningen
Oberwil
Oberwil (Dägerlen)
Oberwil b. Büren
Oberwil b. Zug
Oberwil BL
Oberwil Dägerlen
Oberwil im Simmental
Oberwil-Lieli
Obfelden
Obstalden
Ochlenberg
Ocourt
Odogno
Oekingen
Oensingen
Oerlingen
Oeschenbach
Oeschgen
Oeschseite
Oetwil
Oetwil am See
Oetwil an der Limmat
Oey
Oftringen
Ogens
Oggio
Ohmstal
Oleyres
Olivone
Ollon
Ollon VD
Ollon VS
Olsberg
Olten
Oltingen
Onex
Onnens
Onnens FR
Onnens VD
Opfershofen
Opfershofen TG
Opfertshofen
Opfertshofen SH
Opfikon
Oppens
Oppikon
Oppligen
Orbe
Orges
Origlio
Ormalingen
Orny
Oron-la-Ville
Oron-le-Châtel
Orpund
Orselina
Orsières
Orsonnens
Ortschwaben
Orvin
Orzens
Oschwand
Osco
Osogna
Ospizio
Ospizio Bernina
Ossingen
Osterfingen
Ostermundigen
Otelfingen
Othmarsingen
Ottenbach
Ottikon
Ottikon (Gossau ZH)
Ottikon b. Kemptthal
Ottikon Gossau
Ottoberg
Oulens-sous-Echallens
Oulens-sur-Lucens
Ovronnaz
Pagig
Pailly
Palagnedra
Palasuit
Palasuit (Liddes)
Palasuit Liddes
Palézieux
Palézieux-Village
Pambio-Noranco
Pampigny
Panex
Pany
Paradiso
Parpan
Parsonz
Paspels
Passugg
Paudex
Payerne
Pazzallo
Peccia
Pedrinate
Peiden
Peist
Peney-le-Jorat
Pensier
Penthalaz
Penthaz
Penthéréaz
Perlen
Perly
Perrefitte
Perroy
Personico
Péry
Peseux
Petit
Petit Vichères (Liddes)
Petit Vichères Liddes
Petit-Lancy
Petit-Martel
Peyres-Possens
Pfäfers
Pfaffhausen
Pfäffikon
Pfäffikon SZ
Pfäffikon ZH
Pfaffnau
Pfeffikon
Pfeffikon LU
Pfeffingen
Pfungen
Pfyn
Piandera
Piandera Paese
Pianezzo
Piano
Piano di Peccia
Piazzogna
Pierrafortscha
Pieterlen
Pignia
Pigniu
Pilatus
Pilatus Kulm
Piotta
Pitasch
Pizy
Plaffeien
Plagne
Plan-les-Ouates
Planken
Plasselb
Platta
Plaun
Plaun da Lej
Pleigne
Pleujouse
Plons
Pohlern
Poliez-le-Grand
Poliez-Pittet
Pollegio
Pompaples
Pomy
Pont
Pont (Veveyse)
Pont Veveyse
Pont-de-la-Morge (Sion)
Pont-de-la-Morge Sion
Pont-la-Ville
Ponte
Ponte Capriasca
Ponte Tresa
Pontenet
Ponthaux
Ponto
Ponto Valentino
Pontresina
Porrentruy
Porsel
Port
Portalban
Portein
Porto
Porto Ronco
Porza
Posat
Poschiavo
Posieux
Praden
Pragg-Jenaz
Prahins
Prangins
Praratoud
Prato
Prato (Leventina)
Prato Leventina
Prato-Sornico
Pratteln
Pratval
Pravidondaz
Pravidondaz (Salins)
Pravidondaz Salins
Praz
Präz
Praz (Vully)
Praz Vully
Praz-de-Fort
Preda
Pregassona
Prêles
Premier
Preonzo
Presinge
Préverenges
Prévondavaux
Prévonloup
Prez-vers-Noréaz
Prez-vers-Siviriez
Prilly
Pringy
Produit
Produit (Leytron)
Produit Leytron
Progens
Promasens
Promontogno
Prosito
Provence
Prugiasco
Pugerna
Puidoux
Pully
Puplinge
Pura
Purasca
Pusserein
Putz
Quarten
Quartino
Quinten
Quinto
Rabius
Radelfingen
Radelfingen b. Aarberg
Rafz
Rain
Ramersberg
Rämismühle
Ramiswil
Ramlinsburg
Ramosch
Ramsei
Ramsen
Rancate
Rances
Randa
Randogne
Ranflüh
Ranzo
Raperswilen
Rapperswil
Rapperswil BE
Rapperswil SG
Raron
Rasa
Ravoire
Realp
Rebeuvelier
Rebévelier
Rebstein
Recherswil
Rechthalten
Réchy
Reckingen
Reckingen VS
Réclère
Reconvilier
Regensberg
Regensdorf
Rehetobel
Reichenbach
Reichenbach im Kandertal
Reichenburg
Reiden
Reidermoos
Reigoldswil
Reinach
Reinach AG
Reinach BL
Reisiswil
Reitnau
Rekingen
Rekingen AG
Remaufens
Remetschwil
Remigen
Renan
Renan BE
Renens
Renens VD
Rengg
Rennaz
Retschwil
Reute
Reute AR
Reutigen
Reutlingen
Reutlingen (Winterthur)
Reutlingen Winterthur
Reverolle
Rhäzüns
Rheinau
Rheineck
Rheinfelden
Rheinklingen
Rheinsulz
Riaz
Riazzino
Richenthal
Richigen
Richterswil
Ricken
Ricken SG
Rickenbach
Rickenbach b. Schwyz
Rickenbach b. Wil
Rickenbach BL
Rickenbach LU
Rickenbach SO
Rickenbach Sulz
Rickenbach ZH
Ricketwil
Ricketwil (Winterthur)
Ricketwil Winterthur
Riddes
Ried
Ried (Frutigen)
Ried (Muotathal)
Ried b. Kerzers
Ried Frutigen
Ried Muotathal
Ried-Brig
Ried-Mörel
Rieden
Rieden AG
Rieden SG
Riederalp
Riedern
Riedholz
Riedikon
Riedstätt
Riedt
Riedt b. Erlen
Riedtwil
Riehen
Riein
Riemenstalden
Riet
Riet (Neftenbach)
Riet Neftenbach
Rietheim
Riex
Riffenmatt
Rifferswil
Riggisberg
Rigi
Rigi Kaltbad
Rigi Klösterli
Rigi Kulm
Rigi Scheidegg
Rigi Staffel
Riken
Riken AG
Rikon
Rikon im Tösstal
Ringgenberg
Ringgenberg BE
Ringoldswil
Riniken
Riom
Risch
Ritzingen
Riva
Riva San Vitale
Rivaz
Rive
Rive Haute (Liddes)
Rive Haute Liddes
Riveo
Rivera
Rizenbach
Robasacco
Roche
Roche VD
Roche-d'Or
Rochefort
Roches
Roches BE
Rocourt
Rodels
Rodersdorf
Rodi-Fiesso
Roggenburg
Roggliswil
Roggwil
Roggwil BE
Roggwil TG
Rohr
Rohr b. Olten
Rohrbach
Rohrbachgraben
Rohrmatt
Rolle
Romainmôtier
Romairon
Romanel-sur-Lausanne
Romanel-sur-Morges
Romanens
Romanshorn
Rombach
Römerswil
Römerswil LU
Romont
Romont BE
Romont FR
Romoos
Rona
Ronco
Ronco sopra Ascona
Rongellen
Root
Ropraz
Rorbas
Rorschach
Rorschacherberg
Röschenz
Rosenlaui
Rossa
Rossemaison
Rossenges
Rossens
Rossens FR
Rossens VD
Rosshäusern
Rossinière
Rossrüti
Rossura
Rosswald
Röthenbach
Röthenbach Herzogenbuchsee
Röthenbach im Emmental
Rothenbrunnen
Rothenburg
Rothenfluh
Rothenhausen
Rothenthurm
Rothrist
Rothwald
Rotkreuz
Rottenschwil
Rougemont
Roveredo
Roveredo GR
Roveredo TI
Rovio
Rovray
Rubigen
Rüderswil
Rüdlingen
Rudolfingen
Rudolfstetten
Rüdtligen
Rue
Rüedisbach
Rüeggisberg
Rüegsau
Rüegsauschachen
Rüegsbach
Rueras
Rüeterswil
Rueun
Rueyres
Rueyres-les-Prés
Rueyres-St-Laurent
Rueyres-Treyfayes
Rüfenach
Rüfenach AG
Rüfenacht
Rüfenacht BE
Rufi
Ruggell
Rumendingen
Rümikon
Rümikon AG
Rumisberg
Rümlang
Rümligen
Rumlikon
Rümlingen
Rünenberg
Rupperswil
Ruppoldsried
Rüschegg
Rüschegg Gambach
Rüschegg Heubach
Ruschein
Rüschlikon
Russikon
Russin
Russo
Russy
Ruswil
Rüthi
Rüthi (Rheintal)
Rüthi Rheintal
Rüti
Rüti b. Büren
Rüti b. Lyssach
Rüti b. Riggisberg
Rüti GL
Rüti ZH
Rütihof
Rütli
Rütschelen
Rutschwil
Rutschwil (Dägerlen)
Rutschwil Dägerlen
Rüttenen
Ruvigliana
S-chanf
S. Antonino
S. Antonio (Val Morobbia)
S. Antonio Val Morobbia
S. Benedetg
S. Bernardino
S. Carlo (Poschiavo)
S. Carlo (Val Bavona)
S. Carlo Poschiavo
S. Carlo Val Bavona
S. Nazzaro
S. Pietro
S. Vittore
Saanen
Saanenmöser
Saas
Saas im Prättigau
Saas-Almagell
Saas-Balen
Saas-Fee
Saas-Grund
Sachseln
Saclentse
Safenwil
Safien
Safien Platz
Safnern
Sagno
Sagogn
Saicourt
Saignelégier
Saillon
Sala
Sala Capriasca
Saland
Salavaux
Salenstein
Sâles
Sâles (Gruyère)
Sâles Gruyère
Salez
Salgesch
Salins
Salmsach
Salorino
Salouf
Salvan
Salvenach
Samedan
Samnaun
Samnaun Dorf
Samnaun-Compatsch
Samstagern
Sangernboden
Sargans
Säriswil
Sarmenstorf
Sarn
Sarnen
Sarreyer
Sarzens
Sassel
Satigny
Sattel
Saubraz
Saulcy
Saules
Saules BE
Savagnier
Savièse
Savigny
Savognin
Savosa
Sax
Saxeten
Saxon
Saxonne
Saxonne (Ayent)
Saxonne Ayent
Says
Scareglia
Schaan
Schaanwald
Schachen
Schachen b. Herisau
Schachen b. Reute
Schachen LU
Schaffhausen
Schafhausen
Schafhausen im Emmental
Schafisheim
Schalchen
Schalunen
Schangnau
Schänis
Scharans
Scharnachtal
Schattdorf
Schattenhalb
Scheid
Schellenberg
Schelten
Schenkon
Scherz
Scherzingen
Scheunen
Scheuren
Schiers
Schindellegi
Schinznach
Schinznach Bad
Schinznach Dorf
Schlans
Schlarigna
Schlatt
Schlatt TG
Schlatt ZH
Schlattingen
Schleinikon
Schleitheim
Schlierbach
Schlieren
Schliern
Schliern b. Köniz
Schlossrued
Schlosswil
Schluein
Schmerikon
Schmidigen-Mühleweg
Schmidrüti
Schmidshof
Schmiedrued
Schmitten
Schmitten (Albula)
Schmitten Albula
Schmitten FR
Schnaus
Schneisingen
Schnottwil
Schocherswil
Schöfflisdorf
Schöftland
Schönenbaumgarten
Schönenberg
Schönenberg an der Thur
Schönenberg ZH
Schönenbuch
Schönengrund
Schönenwerd
Schongau
Schönholzerswilen
Schönried
Schötz
Schübelbach
Schuders
Schüpbach
Schupfart
Schüpfen
Schüpfheim
Schwaderloch
Schwadernau
Schwanden
Schwanden (Sigriswil)
Schwanden b. Brienz
Schwanden GL
Schwanden im Emmental
Schwanden Sigriswil
Schwändi
Schwändi b. Schwanden
Schwarzenbach
Schwarzenbach (Huttwil)
Schwarzenbach Huttwil
Schwarzenbach LU
Schwarzenbach SG
Schwarzenberg
Schwarzenberg LU
Schwarzenburg
Schwarzenegg
Schwarzhäusern
Schwarzsee
Schweizersholz
Schwellbrunn
Schwende
Schwenden
Schwenden im Diemtigtal
Schwendi
Schwendi im Weisstannental
Schwendibach
Schwerzenbach
Schwyz
Scudellate
Scuol
Sédeilles
Sedrun
Seeberg
Seedorf
Seedorf BE
Seedorf UR
Seehof
Seelisberg
Seengen
Seewen
Seewen SO
Seewen SZ
Seewil
Seewis
Seewis Dorf
Seewis-Pardisla
Seewis-Schmitten
Seftigen
Segl Baselgia
Segl Maria
Segnas
Seigneux
Seiry
Seleute
Selkingen
Selma
Seltisberg
Selzach
Sembrancher
Sementina
Semione
Sempach
Sempach Station
Semsales
Senarclens
Senèdes
Sennhof
Sennhof (Winterthur)
Sennhof Winterthur
Sennwald
Sent
Seon
Sergey
Serneus
Serpiano
Servion
Seseglio
Sessa
Seuzach
Sévaz
Sevelen
Sévery
Sevgein
Sfazù
Siat
Siblingen
Siebnen
Siegershausen
Sierre
Siggenthal
Siggenthal Station
Sigigen
Sigirino
Siglistorf
Signau
Signèse
Signèse (Ayent)
Signèse Ayent
Signôra
Signy
Sigriswil
Sihlbrugg
Sihlbrugg Station
Sihlwald
Silenen
Sils
Sils im Domleschg
Sils-Segl Baselgia
Sils-Segl Maria
Sils/Segl Baselgia
Sils/Segl Maria
Silvaplana
Silvaplana-Surlej
Simplon
Simplon Dorf
Simplon Hospiz
Sins
Sion
Sirnach
Siselen
Siselen BE
Sisikon
Sissach
Sisseln
Sisseln AG
Sitterdorf
Siviez
Siviez (Nendaz)
Siviez Nendaz
Siviriez
Soazza
Sobrio
Soglio
Solduno
Solothurn
Somazzo
Someo
Sommentier
Sommeri
Sonceboz-Sombeval
Sonnental
Sonogno
Sonterswil
Sonvico
Sonvilier
Sool
Soral
Sörenberg
Sorengo
Sorens
Sornard
Sornard (Nendaz)
Sornard Nendaz
Sornetan
Sorvilier
Sottens
Soubey
Souboz
Soulce
Soyhières
Speicher
Speicherschwendi
Spiegel
Spiegel b. Bern
Spiez
Spiringen
Splügen
Spreitenbach
Spruga
St Antoni
St Antönien
St Erhard
St Gallen
St Gallenkappel
St German
St Josefen
St Margarethen
St Margrethen
St Margrethenberg
St Martin Lugnez
St Moritz
St Niklaus
St Niklausen
St Pantaleon
St Pelagiberg
St Peter
St Peterzell
St Silvester
St Stephan
St Urban
St Ursen
St-Aubin
St-Aubin FR
St-Aubin-Sauges
St-Barthélemy
St-Barthélemy VD
St-Blaise
St-Brais
St-Cergue
St-Cierges
St-George
St-Gingolph
St-Imier
St-Jean
St-Jean VS
St-Légier-La Chiésaz
St-Léonard
St-Livres
St-Luc
St-Martin
St-Martin FR
St-Martin VS
St-Maurice
St-Oyens
St-Pierre-de-Clages
St-Prex
St-Romain (Ayent)
St-Romain Ayent
St-Saphorin (Lavaux)
St-Saphorin Lavaux
St-Saphorin-sur-Morges
St-Séverin
St-Sulpice
St-Sulpice NE
St-Sulpice VD
St-Triphon
St-Ursanne
St. Antoni
St. Antönien
St. Erhard
St. Gallen
St. Gallenkappel
St. German
St. Josefen
St. Margarethen
St. Margarethen TG
St. Margrethen
St. Margrethen SG
St. Margrethenberg
St. Martin (Lugnez)
St. Martin Lugnez
St. Moritz
St. Niklaus
St. Niklaus VS
St. Niklausen
St. Niklausen LU
St. Niklausen OW
St. Pantaleon
St. Pelagiberg
St. Peter
St. Peterzell
St. Silvester
St. Stephan
St. Urban
St. Ursen
Sta Domenica
Sta Maria in Calanca
Sta Maria Val Müstair
Sta. Domenica
Sta. Maria in Calanca
Sta. Maria Val Müstair
Staad
Staad SG
Stabio
Stachen
Stadel
Stadel (Winterthur)
Stadel b. Niederglatt
Stadel Winterthur
Stäfa
Staffelbach
Stalden
Stalden (Sarnen)
Stalden Sarnen
Stalden VS
Staldenried
Stallikon
Stampa
Stans
Stansstad
Starrkirch-Wil
Staufen
Ste-Croix
Stechelberg
Steckborn
Steffisburg
Steg
Steg im Tösstal
Steg VS
Stehrenberg
Stein
Stein AG
Stein am Rhein
Stein AR
Stein SG
Steinach
Steinebrunn
Steinen
Steinerberg
Steinhaus
Steinhausen
Steinhof
Steinhof SO
Steinhuserberg
Steinmaur
Stels
Sternenberg
Stetten
Stetten AG
Stetten SH
Stettfurt
Stettlen
Stierva
Stilli
Stoos
Stoos SZ
Strada
Strengelbach
Studen
Studen BE
Studen SZ
Stugl
Stugl-Stuls
Stugl/Stuls
Stuls
Stüsslingen
Suberg
Subingen
Suchy
Süderen
Suen
Suen (St-Martin)
Suen St-Martin
Sufers
Sugiez
Sugnens
Suhr
Sulgen
Sullens
Sulz
Sulz AG
Sulz LU
Sulzbach
Sumiswald
Summaprada
Sumvitg
Sundlauenen
Sünikon
Sur
Surava
Surcasti
Surcuolm
Surpierre
Surrein
Sursee
Suscévaz
Susch
Susten
Sutz
Syens
Tafers
Tagelswangen
Tägerig
Tägerschen
Tägertschi
Tägerwilen
Tamins
Tann
Tannay
Tarasp
Tartar
Tartegnin
Täsch
Tatroz
Täuffelen
Tavanasa
Tavannes
Taverne
Tecknau
Tegerfelden
Tegna
Tenero
Tenna
Tenniken
Tennwil
Tentlingen
Termen
Territet
Tersnaus
Tesserete
Teufen
Teufen AR
Teufen ZH
Teufenthal
Teufenthal AG
Teuffenthal
Teuffenthal b. Thun
Thal
Thalheim
Thalheim AG
Thalheim an der Thur
Thalkirch
Thalwil
Thayngen
Theilingen
Therwil
Thielle
Thierachern
Thierrens
Thônex
Thörigen
Thörishaus
Thun
Thundorf
Thunersee
Thunstetten
Thürnen
Thusis
Thyon
Tiefencastel
Tinizong
Titterten
Tobel
Toffen
Tolochenaz
Tomils
Törbel
Torgon
Torny-le-Grand
Torre
Torricella
Trachselwald
Trachslau
Tramelan
Trans
Trasadingen
Travers
Treiten
Trélex
Tremona
Trey
Treycovagnes
Treyfayes
Treytorrens
Treytorrens (Payerne)
Treytorrens Payerne
Treyvaux
Triboltingen
Triengen
Trient
Triesen
Triesenberg
Trimbach
Trimmis
Trimstein
Trin
Trin Mulin
Trogen
Trogne
Trogne (St-Martin)
Trogne St-Martin
Troinex
Troistorrents
Trub
Trübbach
Trubschachen
Trüllikon
Trun
Truttikon
Tschappina
Tscheppach
Tscherlach
Tschiertschen
Tschierv
Tschingel
Tschingel ob Gunten
Tschlin
Tschugg
Tübach
Tuggen
Tumegl
Tumegl-Tomils
Tumegl/Tomils
Turbach
Turbenthal
Turgi
Turin
Turin (Salins)
Turin Salins
Turtmann
Tüscherz-Alfermée
Tuttwil
Twann
Udligenswil
Ueberstorf
Uebeschi
Ueken
Uerikon
Uerkheim
Uerschhausen
Uerzlikon
Uesslingen
Uetendorf
Uetikon
Uetikon am See
Uetliberg
Uetliburg
Uetliburg SG
Uettligen
Uezwil
Uffikon
Ufhusen
Uhwiesen
Uitikon
Uitikon Waldegg
Ulisbach
Ulmiz
Ulrichen
Umiken
Undervelier
Unterägeri
Unterbach
Unterbäch
Unterbach BE
Unterbäch VS
Untereggen
Unterems
Unterendingen
Unterengstringen
Unterentfelden
Unteriberg
Unterkulm
Unterlangenegg
Unterlunkhofen
Unterramsern
Unterrindal
Unterschächen
Unterseen
Untersiggenthal
Unterstammheim
Untersteckholz
Unterterzen
Untervaz
Unterwasser
Uors
Uors (Lumnezia)
Uors Lumnezia
Urdorf
Urmein
Urnäsch
Urnerboden
Ursenbach
Ursins
Urswil
Ursy
Urtenen-Schönbühl
Uster
Uttigen
Uttwil
Utzenstorf
Utzigen
Uvrier
Uznach
Uzwil
Vacallo
Vadura
Vaduz
Vaglio
Vairano
Val-d'Illiez
Valangin
Valbella
Valchava
Valendas
Valens
Valeyres-sous-Montagny
Valeyres-sous-Rances
Valeyres-sous-Ursins
Vallamand
Vallon
Vallorbe
Vals
Valzeina
Vandoeuvres
Varen
Varenzo
Vasön
Vättis
Vattiz
Vauderens
Vauffelin
Vaugondry
Vaulion
Vaulruz
Vaumarcus
Vaux-sur-Morges
Vaz
Vaz-Obervaz
Vaz/Obervaz
Vella
Vellerat
Veltheim
Veltheim AG
Vendlincourt
Vens
Vens (Sembrancher)
Vens Sembrancher
Venthône
Verbier
Vercorin
Verdabbio
Verdasio
Vergeletto
Vermes
Vernamiège
Vernate
Vernayaz
Vernier
Vérossaz
Vers-chez-Perrin
Vers-l'Eglise
Versam
Verscio
Versegères
Versoix
Vésenaz
Vesin
Vessy
Vétroz
Veulden
Vevey
Vex
Veyras
Veyrier
Veysonnaz
Veytaux
Vezia
Vezio
Viano
Vich
Vichères
Vichères (Liddes)
Vichères Liddes
Vico
Vico Morcote
Vicosoprano
Vicques
Vielbringen
Vielbringen b. Worb
Viganello
Vignogn
Vilars
Vilars NE
Villa
Villa (Ayent)
Villa (Evolène)
Villa Ayent
Villa Bedretto
Villa Evolène
Villa Luganese
Villaraboud
Villarbeney
Villard-sur-Chamby
Villarepos
Villargiroud
Villariaz
Villarimboud
Villarlod
Villars-Bozon
Villars-Bramard
Villars-Burquin
Villars-Epeney
Villars-le-Comte
Villars-le-Grand
Villars-le-Terroir
Villars-Mendraz
Villars-sous-Champvent
Villars-sous-Mont
Villars-sous-Yens
Villars-Ste-Croix
Villars-sur-Fontenais
Villars-sur-Glâne
Villars-sur-Ollon
Villars-Tiercelin
Villarsel-le-Gibloux
Villarsel-sur-Marly
Villarsiviriaux
Villarvolard
Villarzel
Villaz-St-Pierre
Villeneuve
Villeneuve FR
Villeneuve VD
Villeret
Villette
Villette (Lavaux)
Villette Lavaux
Villiers
Villigen
Villmergen
Villnachern
Vilters
Vinelz
Vinzel
Vionnaz
Vira
Vira (Gambarogno)
Vira Gambarogno
Visp
Visperterminen
Vissoie
Vitznau
Vnà
Vogelsang
Vogelsang AG
Vogorno
Volken
Volketswil
Vollèges
Vordemwald
Vorderthal
Vouvry
Vrin
Vuadens
Vuarmarens
Vuarrens
Vucherens
Vufflens-la-Ville
Vufflens-le-Château
Vugelles-La Mothe
Vuibroye
Vuippens
Vuissens
Vuisternens-devant-Romont
Vuisternens-en-Ogoz
Vuiteboeuf
Vulliens
Vullierens
Vulpera
Vuorz
Wabern
Wädenswil
Wagen
Wagenhausen
Wagerswil
Wahlen
Wahlen b. Laufen
Wahlendorf
Walchwil
Wald
Wald AR
Wald ZH
Walde
Walde AG
Walde SG
Waldenburg
Waldhäusern
Waldhäusern AG
Wäldi
Waldkirch
Waldstatt
Walenstadt
Walenstadtberg
Walkringen
Wallbach
Wallenbuch
Wallenried
Wallenwil
Wallisellen
Walliswil
Walliswil b. Niederbipp
Walliswil b. Wangen
Walperswil
Waltalingen
Waltensburg
Waltensburg-Vuorz
Waltensburg/Vuorz
Waltenschwil
Walterswil
Walterswil BE
Walterswil SO
Walzenhausen
Wangen
Wangen an der Aare
Wangen b. Dübendorf
Wangen b. Olten
Wangen SZ
Wangenried
Wängi
Wangs
Wanzwil
Warth
Wasen
Wasen im Emmental
Wassen
Wassen UR
Wasserauen
Wasterkingen
Watt
Wattenwil
Wattwil
Wauwil
Wavre
Weesen
Wegenstetten
Weggis
Weiach
Weier
Weier im Emmental
Weinfelden
Weingarten-Kalthäusern
Weiningen
Weiningen TG
Weiningen ZH
Weissbad
Weissenburg
Weissenstein
Weissenstein b. Solothurn
Weisslingen
Weisstannen
Weite
Welschenrohr
Wengen
Wengi
Wengi b. Büren
Wengi b. Frutigen
Wenslingen
Werdenberg
Wergenstein
Wermatswil
Wernetshausen
Werthenstein
Wettingen
Wettswil
Wetzikon
Wetzikon TG
Wetzikon ZH
Wichtrach
Widen
Widnau
Wiedlisbach
Wienacht-Tobel
Wiesenberg
Wiesendangen
Wiezikon
Wiezikon b. Sirnach
Wiggen
Wiggiswil
Wigoltingen
Wikon
Wil
Wil AG
Wil SG
Wil ZH
Wila
Wilchingen
Wildberg
Wildegg
Wildensbuch
Wilderswil
Wildhaus
Wilen
Wilen (Gottshaus)
Wilen (Sarnen)
Wilen b. Neunforn
Wilen b. Wil
Wilen b. Wollerau
Wilen Gottshaus
Wilen Sarnen
Wiler
Wiler (Lötschen)
Wiler b. Seedorf
Wiler b. Utzenstorf
Wiler Lötschen
Wileroltigen
Wiliberg
Wilihof
Willadingen
Willerzell
Willisau
Willisdorf
Wimmis
Winden
Windisch
Windlach
Winikon
Winistorf
Winkel
Winterberg
Winterberg ZH
Wintersingen
Winterthur
Winznau
Wirzweli
Wisen
Wisen SO
Wislikofen
Wittenbach
Wittenwil
Witterswil
Wittinsburg
Wittnau
Wittwil
Wohlen
Wohlen AG
Wohlen b. Bern
Wohlenschwil
Wolfenschiessen
Wolfertswil
Wolfhalden
Wolfhausen
Wolfisberg
Wölflinswil
Wolfwil
Wolhusen
Wollerau
Worb
Worben
Worblaufen
Wöschnau
Wünnewil
Wuppenau
Würenlingen
Würenlos
Wynau
Wynigen
Wyssachen
Yens
Yverdon
Yverdon-les-Bains
Yvonand
Yvorne
Zauggenried
Zäziwil
Zeglingen
Zeihen
Zeiningen
Zell
Zell LU
Zell ZH
Zénauva
Zeneggen
Zermatt
Zernez
Zetzwil
Zezikon
Ziefen
Ziegelbrücke
Zielebach
Zignau
Zihlschlacht
Zillis
Zimmerwald
Zinal
Zizers
Zofingen
Zollbrück
Zollikerberg
Zollikofen
Zollikon
Zuben
Züberwangen
Zuchwil
Zuckenriet
Zufikon
Zug
Zugerberg
Zullwil
Zumholz
Zumikon
Zunzgen
Zuoz
Zürich
Zurzach
Zuzgen
Zuzwil
Zuzwil BE
Zuzwil SG
Zweidlen
Zweilütschinen
Zweisimmen
Zwieselberg
Zwillikon
Zwingen
Zwischenflüh
