Aadorf
Aarau
Aarau Rohr
Aarberg
Aarburg
Aarwangen
Aathal-Seegräben
Aawangen
Abländschen
Abtwil
Abtwil AG
Abtwil SG
Achseten
Aclens
Acquarossa
Adelboden
Adetswil
Adligenswil
Adlikon b. Andelfingen
Adlikon b. Regensdorf
Adliswil
Aedermannsdorf
Aefligen
Aegerten
Aesch
Aesch (Neftenbach)
Aesch BL
Aesch LU
Aesch ZH
Aeschau
Aeschi
Aeschi SO
Aeschi b. Spiez
Aeschiried
Aeschlen b. Oberdiessbach
Aeschlen ob Gunten
Aetigkofen
Aetingen
Aettenschwil
Aeugst am Albis
Aeugstertal
Affeltrangen
Affoltern am Albis
Affoltern im Emmental
Agarn
Agarone
Agasul
Agiez
Agno
Agra
Agriswil
Aigle
Aire-la-Ville
Airolo
Alberswil
Albeuve
Albinen
Albligen
Alchenflüh
Alchenstorf
Aldesago
Algetshausen
Alikon
Allaman
Alle
Allens
Allenwinden
Allerheiligenberg
Allmendingen b. Bern
Allschwil
Almens
Alosen
Alp Grüm
Alpnach Dorf
Alpnachstad
Alpthal
Alt St. Johann
Altbüron
Altdorf
Altdorf SH
Altdorf UR
Alten
Altendorf
Altenrhein
Alterswil
Alterswil FR
Alterswilen
Altikon
Altishausen
Altishofen
Altnau
Altstätten SG
Altwis
Alvaneu Bad
Alvaneu Dorf
Alvaschein
Am Bach (Avers)
Ambrì
Amden
Aminona
Amlikon-Bissegg
Ammerswil
Ammerswil AG
Ammerzwil
Ammerzwil BE
Amriswil
Amsoldingen
Amsteg
Andeer
Andelfingen
Andermatt
Andhausen
Andiast
Andwil
Andwil SG
Andwil TG
Anglikon
Anières
Anwil
Anzonico
Anzère
Appenzell
Appenzell Eggerstanden
Appenzell Enggenhütten
Appenzell Meistersrüte
Appenzell Schlatt
Appenzell Steinegg
Apples
Aproz (Nendaz)
Aquila
Aran
Aranno
Arbaz
Arbedo
Arboldswil
Arbon
Arcegno
Arch
Arconciel
Ardez
Ardon
Areuse
Argnou (Ayent)
Arisdorf
Aristau
Arlesheim
Arnegg
Arnex-sur-Nyon
Arnex-sur-Orbe
Arni
Arni AG
Arni BE
Arogno
Arolla
Arosa
Arosio
Arth
Arveyes
Arvigo
Arvillard (Salins)
Arzier-Le Muids
Arzo
Ascharina
Ascona
Asp
Assens
Astano
Asuel
Athenaz (Avusy)
Attalens
Attelwil
Attikon
Attinghausen
Attiswil
Au
Au SG
Au TG
Au ZH
Aubonne
Auboranges
Auddes-sur-Riddes
Auenstein
Augio
Augst
Augst BL
Aumont
Auressio
Aurigeno
Auslikon
Ausserberg
Ausserbinn
Ausserferrera
Auswil
Autafond
Autavaux
Autigny
Auvernier
Auw
Avegno
Aven
Avenches
Avry-devant-Pont
Avry-sur-Matran
Avully
Axalp
Ayer
Azmoos
Aïre
Baar
Baar (Nendaz)
Bachenbülach
Bachs
Bad Ragaz
Bad Zurzach
Baden
Baldegg
Baldingen
Balerna
Balgach
Ballaigues
Ballens
Ballmoos
Ballwil
Balm b. Günsberg
Balm b. Messen
Balmberg
Balsthal
Balterswil
Baltschieder
Balzers
Banco
Bangerten b. Dieterswil
Bannwil
Barbengo
Barberêche
Bargen
Bargen BE
Bargen SH
Barmelweid
Barzheim
Basadingen
Basel
Basse-Nendaz
Bassecourt
Bassersdorf
Bassins
Bauen
Baulmes
Bauma
Bavois
Bazenheid
Beatenberg
Beckenried
Bedano
Bedigliora
Bedretto
Beggingen
Begnins
Beinwil
Beinwil (Freiamt)
Beinwil SO
Beinwil am See
Belalp
Belfaux
Bellach
Bellelay
Bellerive
Bellerive VD
Bellevue
Bellikon
Bellinzona
Bellmund
Bellwald
Belmont-sur-Lausanne
Belmont-sur-Yverdon
Belp
Belpberg
Belprahon
Benglen
Benken
Benken SG
Benken ZH
Bennau
Bennwil
Benzenschwil
Bercher
Berg
Berg (Dägerlen)
Berg SG
Berg TG
Berg am Irchel
Bergdietikon
Bergün/Bravuogn
Berikon
Beringen
Berken
Berlens
Berlingen
Bern
Berneck
Bernex
Bernhardzell
Berolle
Beromünster
Berschis
Bertschikon
Bertschikon (Gossau ZH)
Berzona
Besazio
Besenbüren
Besencens
Betschwanden
Betten
Bettenhausen
Bettens
Bettingen
Bettlach
Bettmeralp
Bettwiesen
Bettwil
Beurnevésin
Beuson (Nendaz)
Bevaix
Bever
Bex
Biasca
Biberen
Biberist
Bibern
Bibern SH
Bibern SO
Biberstein
Bichelsee
Bichwil
Bidogno
Biel
Biel VS
Biel-Benken BL
Biel/Bienne
Bielersee
Biembach im Emmental
Biessenhofen
Bieudron (Nendaz)
Biezwil
Bigenthal
Biglen
Bignasco
Bigorio
Billens
Bilten
Binn
Binningen
Binz
Bioggio
Biogno-Beride
Bioley-Magnoux
Bioley-Orjulaz
Bionnens
Birgisch
Birmensdorf
Birmensdorf ZH
Birmenstorf
Birmenstorf AG
Bironico
Birr
Birrhard
Birrwil
Birsfelden
Birwinken
Bischofszell
Bisisthal
Bissone
Bister
Bitsch
Bivio
Bière
Blankenburg
Blatten (Lötschen)
Blatten b. Naters
Blauen
Blausee-Mitholz
Bleienbach
Bleiken b. Oberdiessbach
Blessens
Blignou (Ayent)
Blitzingen
Blonay
Blumenstein
Bodio
Bodio TI
Bofflens
Bogis-Bossey
Bogno
Bolken
Boll
Bolligen
Bollingen
Bollion
Bollodingen
Boltigen
Bombinasco
Bonaduz
Bonau
Boncourt
Bondo
Bonfol
Boningen
Boniswil
Bonnefontaine
Bonstetten
Bonvillars
Boppelsen
Borex
Borgnone
Borgonovo
Bosco Luganese
Bosco/Gurin
Bossonnens
Boswil
Bottens
Bottenwil
Botterens
Bottighofen
Bottmingen
Botyre (Ayent)
Boudevilliers
Boudry
Bougy-Villars
Boulens
Bouloz
Bourg-St-Pierre
Bourguillon
Bournens
Bourrignon
Boussens
Bouveret
Boveresse
Bovernier
Bowil
Boécourt
Braggio
Brail
Bramboden
Bramois
Bratsch
Braunau
Braunwald
Breganzona
Breil/Brigels
Breitenbach
Bremblens
Bremgarten
Bremgarten AG
Bremgarten b. Bern
Brenles
Breno
Brent
Brenzikofen
Bressaucourt
Bretigny-sur-Morrens
Bretonnières
Bretzwil
Brienz
Brienz BE
Brienz/Brinzauls GR
Brienzersee
Brienzwiler
Brig
Brigerbad
Brignon (Nendaz)
Brione (Verzasca)
Brione sopra Minusio
Brislach
Brissago
Bristen
Brittern
Brittnau
Broc
Broglio
Bronschhofen
Brontallo
Brot-Dessous
Brot-Plamboz
Bruderholz
Brugg
Brugg AG
Brunegg
Brunnadern
Brunnen
Brunnenthal
Brusino Arsizio
Brusio
Bruson
Bruzella
Brè sopra Lugano
Brügg BE
Brügglen
Brülisau
Brünig
Brünisried
Brüttelen
Brütten
Brüttisellen
Bubendorf
Bubikon
Buch
Buch SH
Buch am Irchel
Buch b. Frauenfeld
Buch b. Kümmertshausen
Buch b. Märwil
Buchackern
Buchberg
Buchen
Buchen BE
Buchen im Prättigau
Buchillon
Buchrain
Buchs
Buchs AG
Buchs LU
Buchs SG
Buchs ZH
Buckten
Buhwil
Buix
Bulle
Bullet
Buochs
Buonas
Bure
Burg
Burg AG
Burg im Leimental
Burgdorf
Burgistein
Burglauenen
Burgäschi
Bursinel
Bursins
Burtigny
Buseno
Bussigny
Bussigny-sur-Oron
Bussnang
Busswil
Busswil BE
Busswil TG
Busswil b. Melchnau
Bussy
Bussy FR
Bussy-Chardonney
Bussy-sur-Moudon
Buttes
Buttikon
Buttikon SZ
Buttisholz
Buttwil
Buus
Bäch SZ
Bächli (Hemberg)
Bänk (Dägerlen)
Bärau
Bäretswil
Bäriswil BE
Bärschwil
Bätterkinden
Bättwil
Bévilard
Bôle
Böbikon
Böckten
Bönigen b. Interlaken
Bösingen
Böttstein
Bözberg
Bözen
Büchslen
Büetigen
Bühl b. Aarberg
Bühler
Bülach
Bünzen
Bürchen
Büren NW
Büren SO
Büren an der Aare
Büren zum Hof
Bürgenstock
Bürglen OW
Bürglen TG
Bürglen UR
Büriswilen
Büron
Büsserach
Bütschwil
Büttenhardt
Büttikon AG
Bützberg
Cabbio
Cademario
Cadempino
Cadenazzo
Cadro
Cagiallo
Calfreisen
Calonico
Calpiogna
Cama
Camedo
Camignolo
Camischolas
Camorino
Campascio
Campello
Camperio
Campo (Blenio)
Campo (Vallemaggia)
Campocologno
Campora
Campsut-Cröt
Camuns
Caneggio
Canobbio
Capolago
Carabbia
Carabietta
Carena
Carona
Carouge
Carouge GE
Carrouge
Carrouge VD
Cartigny
Carì
Casaccia
Casima
Caslano
Cassina d'Agno
Castagnola
Castaneda
Castasegna
Castel San Pietro
Castelrotto
Castiel
Castione
Castrisch
Castro
Cauco
Caux
Cavagnago
Cavardiras
Cavergno
Caviano
Cavigliano
Cazis
Celerina/Schlarigna
Cerentino
Cerniat
Cerniat FR
Cerniaz
Cerniaz VD
Cernier
Certara
Cevio
Chabrey
Chailly-Montreux
Chalais
Cham
Chamblon
Chambrelien
Chamby
Chambésy
Chamoille (Sembrancher)
Chamoson
Champ-du-Moulin
Champagne
Champex-Lac
Champfèr
Champlan (Grimisuat)
Champoussin
Champoz
Champsec
Champtauroz
Champvent
Champzabé
Champéry
Chancy
Chandolin
Chandon
Chandonne (Liddes)
Chanéaz
Chapelle (Broye)
Chapelle (Glâne)
Chapelle-sur-Moudon
Chardonne
Charmey (Gruyère)
Charmoille
Charrat
Chaumont
Chavannes-de-Bogis
Chavannes-des-Bois
Chavannes-le-Chêne
Chavannes-le-Veyron
Chavannes-les-Forts
Chavannes-près-Renens
Chavannes-sous-Orsonnens
Chavannes-sur-Moudon
Chavornay
Cheiry
Chemin
Chenaux
Chermignon
Chermignon-d'en-Bas
Chernex
Chesalles-sur-Moudon
Chesalles-sur-Oron
Cheseaux-Noréaz
Cheseaux-sur-Lausanne
Chesières
Chessel
Chevenez
Chevilly
Chevroux
Chexbres
Cheyres
Chez Petit (Liddes)
Chez-le-Bart
Chiasso
Chiggiogna
Chigny
Chippis
Chironico
Choulex
Choëx
Chur
Churwalden
Châbles FR
Château-d'Oex
Châtel-St-Denis
Châtel-sur-Montsalvens
Châtelaine
Châtelat
Châtillens
Châtillon FR
Châtillon JU
Châtonnaye
Chénens
Chéserex
Chésopelloz
Chézard-St-Martin
Chêne-Bougeries
Chêne-Bourg
Chêne-Pâquier
Cimadera
Cimalmotto
Cimo
Cinuos-chel
Clarens
Clarmont
Claro
Clavaleyres
Clugin
Clèbes (Nendaz)
Coeuve
Coffrane
Coglio
Coinsins
Cointrin
Coldrerio
Colla
Collex
Collombey
Collonge-Bellerive
Collonges
Cologny
Colombier
Colombier NE
Colombier VD
Comano
Combremont-le-Grand
Combremont-le-Petit
Commugny
Comologno
Conches
Concise
Condémines (Nendaz)
Confignon
Constantine
Conters im Prättigau
Conthey
Contone
Contra
Coppet
Corban
Corbeyrier
Corbières
Corcelles
Corcelles BE
Corcelles NE
Corcelles-le-Jorat
Corcelles-près-Concise
Corcelles-près-Payerne
Corcelles-sur-Chavornay
Cordast
Corgémont
Corin-de-la-Crête
Corippo
Corjolens
Cormagens
Corminboeuf
Cormondrèche
Cormoret
Cormérod
Cornaux
Cornaux NE
Cornol
Corpataux
Correvon
Corseaux
Corserey
Corsier
Corsier GE
Corsier-sur-Vevey
Cortaillod
Corteglia
Corticiasca
Cortébert
Corzoneso
Cossonay-Ville
Cottens
Cottens FR
Cottens VD
Cotterd
Courcelon
Courchapoix
Courchavon
Courfaivre
Courgenay
Courgevaux
Courlevon
Cournillens
Courrendlin
Courroux
Court
Courtaman
Courtedoux
Courtelary
Courtemautruy
Courtemaîche
Courtepin
Courtion
Courtételle
Cousset
Couvet
Cozzo
Crana
Crans-Montana
Crans-près-Céligny
Crassier
Cremin
Cresciano
Cressier
Cressier FR
Cressier NE
Cresta (Avers)
Cries (Vollèges)
Crissier
Cronay
Croy
Crusch
Crémines
Crésuz
Crête-à-l'Oeil (Les Agettes)
Cuarnens
Cuarny
Cudrefin
Cugnasco
Cugy
Cugy FR
Cugy VD
Cully
Cumbel
Cumpadials
Cunter
Curaglia
Cureggia
Cureglia
Curio
Curtilles
Curtina
Céligny
Dachsen
Dagmersellen
Daillens
Daillon
Daiwil
Dalin
Dallenwil
Dalpe
Damphreux
Damvant
Dangio
Danis
Dardagny
Dardin
Davesco-Soragno
Davos Clavadel
Davos Dorf
Davos Frauenkirch
Davos Glaris
Davos Monstein
Davos Platz
Davos Wiesen
Davos Wolfgang
Degen
Degersheim
Deisswil b. Münchenbuchsee
Deitingen
Delley
Delémont
Denens
Denezy
Denges
Densbüren
Derendingen
Detligen
Dettighofen
Dettighofen (Lengwil)
Develier
Dickbuch
Dicken
Diegten
Dielsdorf
Diemerswil
Diemtigen
Diepflingen
Diepoldsau
Dierikon
Diesbach
Diesbach GL
Diessbach b. Büren
Diesse
Diessenhofen
Dieterswil
Dietfurt
Dietikon
Dietlikon
Dietschwil
Dietwil
Dinhard
Dino
Dintikon
Disentis/Mustér
Dittingen
Dizy
Domat/Ems
Dombresson
Domdidier
Dommartin
Dompierre
Dompierre FR
Dompierre VD
Donat
Donatyre
Dongio
Donneloye
Donzhausen
Doppleschwand
Dorf
Dornach
Dorénaz
Dotnacht
Dottikon
Dotzigen
Dozwil
Dranse (Liddes)
Dreien
Duggingen
Dugny (Leytron)
Duillier
Dulliken
Dully
Dussnang
Duvin
Dägerlen
Dällikon
Däniken SO
Dänikon ZH
Därligen
Därstetten
Dättlikon
Dättwil AG
Démoret
Dörflingen
Döttingen
Dübendorf
Düdingen
Dürnten
Dürrenroth
Dürrenäsch
Ebersecken
Ebersol
Ebertswil
Ebikon
Ebmatingen
Ebnat-Kappel
Ebnet
Echallens
Echandens
Echarlens
Echichens
Eclagnens
Eclépens
Ecoteaux
Ecublens
Ecublens FR
Ecublens VD
Ecuvillens
Ederswiler
Edlibach
Effingen
Effretikon
Egerkingen
Egg
Egg (Flawil)
Egg SZ
Egg b. Zürich
Eggenwil
Eggerberg
Eggersriet
Eggiwil
Eglisau
Egliswil
Egnach
Egolzwil
Ehrendingen
Ehrikon
Eich
Eichberg
Eigenthal
Eigergletscher
Eiken
Einigen
Einsiedeln
Eischoll
Eison (St-Martin)
Eisten
Elfingen
Elgg
Ellighausen
Ellikon am Rhein
Ellikon an der Thur
Elm
Elsau
Embd
Embrach
Emdthal
Emmen
Emmenbrücke
Emmenmatt
Emmetten
Endingen
Engelberg
Engelburg
Enges
Enggistein
Engi
Engishofen
Englisberg
Engollon
Engwang
Engwilen
Ennenda
Ennetaach
Ennetbaden
Ennetbühl
Ennetbürgen
Ennetmoos
Enney
Entlebuch
Epagny
Epalinges
Epautheyres
Epauvillers
Ependes
Ependes FR
Ependes VD
Epesses
Epiquerez
Eppenberg
Epsach
Eptingen
Erde
Ergisch
Eriswil
Eriz
Erlach
Erlen
Erlenbach
Erlenbach ZH
Erlenbach im Simmental
Erlinsbach
Erlinsbach SO
Ermatingen
Ermensee
Ermenswil
Ernen
Ernetschwil
Erschmatt
Erschwil
Ersigen
Erstfeld
Eschen
Eschenbach
Eschenbach LU
Eschenbach SG
Eschenz
Eschert
Eschikofen
Eschlikon
Eschlikon TG
Escholzmatt
Esmonts
Essert
Essert FR
Essert-Pittet
Essert-sous-Champvent
Essertes
Essertines-sur-Rolle
Essertines-sur-Yverdon
Esslingen
Estavannens
Estavayer-le-Gibloux
Estavayer-le-Lac
Estévenens
Etagnières
Etoy
Ettenhausen
Ettenhausen TG
Ettingen
Ettiswil
Etzelkofen
Etzgen
Etziken
Etzwilen
Euseigne
Euthal
Evilard
Evionnaz
Evolène
Eyholz
Eysins
Fahrni b. Thun
Fahrwangen
Fahrweid
Fahy
Faido
Fajauna
Falera
Fanas
Fankhaus (Trub)
Faoug
Farnern
Farvagny-le-Grand
Farvagny-le-Petit
Faulensee
Fehraltorf
Fehren
Felben-Wellhausen
Feldbach
Feldbrunnen
Feldis/Veulden
Felsberg
Fenalet-sur-Bex
Fenil-sur-Corsier
Fenin
Fenkrieden
Ferden
Ferenbalm
Ferlens
Ferlens VD
Ferpicloz
Ferreyres
Fescoggia
Feuerthalen
Feusisberg
Feutersoey
Fex
Fey
Fey (Nendaz)
Fiaugères
Fidaz
Fideris
Fiesch
Fieschertal
Fiez
Figino
Filet
Filisur
Filzbach
Finhaut
Finsterhennen
Finstersee
Finsterwald b. Entlebuch
Fionnay
Fischbach
Fischbach LU
Fischbach-Göslikon
Fischenthal
Fischingen
Fisibach
Fislisbach
Flaach
Flamatt
Flanthey
Flawil
Flendruz
Flerden
Fleurier
Flims Dorf
Flims Waldhaus
Flond
Flumenthal
Flums
Flums Hochwiese
Flumserberg Bergheim
Flumserberg Portels
Flumserberg Saxli
Flumserberg Tannenbodenalp
Flumserberg Tannenheim
Flurlingen
Fläsch
Flüelen
Flüeli-Ranft
Flüh
Flühli LU
Font
Fontaine Dessous (Liddes)
Fontaine Dessus (Liddes)
Fontainemelon
Fontaines
Fontaines NE
Fontaines-sur-Grandson
Fontanezier
Fontannen b. Wolhusen
Fontenais
Fontnas
Forch
Forel
Forel (Lavaux)
Forel FR
Forel-sur-Lucens
Formangueires
Fornet-Dessous
Fornet-Dessus
Fornex (Liddes)
Forst b. Längenbühl
Fortunau (Ayent)
Founex
Frasco
Frasnacht
Frasses
Fraubrunnen
Frauenfeld
Frauenkappelen
Fregiécourt
Freidorf
Freidorf TG
Freienbach
Freienstein
Freienwil
Freimettigen
Frenières-sur-Bex
Frenkendorf
Fresens
Fretereules
Freudwil
Fribourg
Frick
Frieswil
Friltschen
Frinvillier
Froideville
Fruthwilen
Frutigen
Fräschels
Frümsen
Ftan
Fuldera
Fulenbach
Full-Reuenthal
Fully
Furna
Fusio
Fällanden
Féchy
Fétigny
Füllinsdorf
Fürigen
Fürstenau
Fürstenaubruck
Gabi (Simplon)
Gachnang
Gadenstätt
Gadmen
Gais
Galgenen
Galmiz
Gals
Gammen
Gampel
Gampelen
Gamprin-Bendern
Gams
Gamsen
Gandria
Gansingen
Ganterschwil
Gasel
Gattikon
Gebenstorf
Gebertingen
Geiss
Gelfingen
Gelterfingen
Gelterkinden
Geltwil
Gempen
Gempenach
Genestrerio
Genolier
Genthod
Gentilino
Genève
Gerlafingen
Gerlikon
Geroldswil
Gerolfingen
Gerra (Gambarogno)
Gerra (Verzasca)
Gersau
Gerzensee
Geschinen
Gettnau
Geuensee
Ghirone
Gibswil
Giebenach
Giez
Giffers
Gillarens
Gilly
Gimel
Gimmelwald
Gingins
Giornico
Gipf-Oberfrick
Gisikon
Giswil
Giubiasco
Giumaglio
Givisiez
Givrins
Gland
Glarus
Glashütten
Glattbrugg
Glattfelden
Glattpark (Opfikon)
Gletterens
Glion
Glis
Glovelier
Gluringen
Gnosca
Gockhausen
Gohl
Golaten
Goldach
Goldau
Goldingen
Goldiwil (Thun)
Goldswil b. Interlaken
Golino
Gollion
Gommiswald
Gondiswil
Gondo
Gonten
Gontenbad
Gontenschwil
Goppenstein
Goppisberg
Gordevio
Gordola
Gorduno
Gorgier
Gossau
Gossau SG
Gossau ZH
Gossens
Gossliwil
Gottlieben
Goumoens-la-Ville
Goumoens-le-Jux
Goumois
Graben
Grabs
Grabserberg
Grafenort
Grafenried
Grafstal
Graltshausen
Grancia
Grancy
Grand-Lancy
Grandcour
Grandevent
Grandfontaine
Grandsivaz
Grandson
Grandval
Grandvaux
Grandvillard
Granges
Granges (Veveyse)
Granges VS
Granges-Paccot
Granges-de-Vesin
Granges-près-Marnand
Grangettes-près-Romont
Grasswil
Grattavache
Gravesano
Greich
Greifensee
Grellingen
Grenchen
Greng
Grengiols
Grenilles
Grens
Greppen
Gresso
Gressy
Gretschins
Gretzenbach
Grimentz
Grimisuat
Grindel
Grindelwald
Grolley
Grono
Gross
Grossaffoltern
Grossdietwil
Grosshöchstetten
Grosswangen
Grub
Grub AR
Grub SG
Gruben
Grugnay (Chamoson)
Grund b. Gstaad
Gruyères
Gryon
Grächen
Gränichen
Gräslikon
Grône
Grünen
Grünenmatt
Grüningen
Grüsch
Grüt (Gossau ZH)
Gstaad
Gsteig b. Gstaad
Gsteigwiler
Guarda
Gudo
Guggisberg
Gumefens
Gundetswil
Guntalingen
Gunten
Guntershausen b. Aadorf
Guntershausen b. Berg
Gunterswilen
Guntmadingen
Gunzgen
Gunzwil
Gurbrü
Gurmels
Gurtnellen
Gurzelen
Guschelmuth
Gutenburg
Gutenswil
Guttannen
Guttet-Feschel
Gwatt (Thun)
Gy
Gysenstein
Gächlingen
Gächliwil
Gähwil
Gänsbrunnen
Göschenen
Götighofen
Gümligen
Gümmenen
Gündisau
Gündlischwand
Günsberg
Güttingen
Haag (Rheintal)
Habkern
Habsburg
Hagenbuch
Hagenbuch ZH
Hagendorn
Hagenwil b. Amriswil
Hagneck
Halden
Haldenstein
Haldi b. Schattdorf
Hallau
Hallwil
Halten
Happerswil
Harenwilen
Hasle
Hasle LU
Hasle b. Burgdorf
Haslen
Haslen AI
Haslen GL
Hasliberg Goldern
Hasliberg Hohfluh
Hasliberg Reuti
Hasliberg Wasserwendi
Hattenhausen
Hauenstein
Hauptikon
Hauptwil
Hausen
Hausen AG
Hausen am Albis
Haute-Nendaz
Hauterive
Hauterive NE
Hauteville
Hedingen
Heerbrugg
Hefenhausen
Hefenhofen
Heiden
Heiligenschwendi
Heiligkreuz (Mels)
Heimberg
Heimenhausen
Heimenschwand
Heimisbach
Heimiswil
Heinrichswil
Heitenried
Heldswil
Helgisried-Rohrbach
Hellbühl
Hellikon
Hellsau
Hemberg
Hemishofen
Hemmental
Hemmiken
Henau
Hendschiken
Henggart
Hennens
Henniez
Herbetswil
Herbligen
Herbriggen
Herdern
Hergiswil
Hergiswil NW
Hergiswil b. Willisau
Herisau
Herlisberg
Hermance
Hermenches
Hermetschwil-Staffeln
Hermiswil
Hermrigen
Herrenhof
Herrenschwanden
Herrliberg
Hersberg
Hersiwil
Hertenstein
Hertenstein AG
Herznach
Herzogenbuchsee
Hessigkofen
Hettenschwil
Hettiswil b. Hindelbank
Hettlingen
Hildisrieden
Hilfikon
Hilterfingen
Himmelried
Hindelbank
Hinteregg
Hinterforst
Hinterfultigen
Hinterkappelen
Hintermoos
Hinterrhein
Hinwil
Hirschthal
Hirzel
Hittnau
Hitzkirch
Hochdorf
Hochfelden
Hochwald
Hofen
Hofen SH
Hoffeld
Hofstatt
Hofstetten
Hofstetten SO
Hofstetten ZH
Hofstetten b. Brienz
Hohenrain
Hohentannen
Hohtenn
Holderbank
Holderbank AG
Holderbank SO
Holzhäusern ZG
Holziken
Homberg b. Thun
Hombrechtikon
Homburg
Honau
Hondrich
Horboden
Horgen
Horgenberg
Horn
Hornussen
Horrenbach
Horriwil
Horw
Hosenruck
Hospental
Hottwil
Hubersdorf
Hugelshofen
Humlikon
Hundwil
Hunzenschwil
Hurden
Huttwil
Huémoz
Häfelfingen
Hägendorf
Häggenschwil
Hägglingen
Hämikon
Härkingen
Hätzingen
Häusernmoos im Emmental
Häuslenen
Häutligen
Hérémence
Höchstetten
Höfen b. Thun
Hölstein
Hörhausen
Höri
Hünenberg
Hünenberg See
Hünibach
Hüniken
Hünikon (Neftenbach)
Hüntwangen
Hüswil
Hütten
Hüttikon
Hüttlingen
Hüttwilen
Ibach
Ichertswil
Icogne
Iffwil
Igis
Ilanz
Illgau
Illhart
Illighausen
Illnau
Im Fang
Immensee
Indemini
Inden
Inkwil
Innerberg
Innereriz
Innerferrera
Innerthal
Innertkirchen
Ins
Insone
Interlaken
Intragna
Intschi
Inwil
Ipsach
Iragna
Iseltwald
Isenfluh
Isenthal
Iseo
Islikon
Islisberg
Isole di Brissago
Isone
Istighofen
Isérables
Itingen
Ittenthal
Ittigen
Jaberg
Jakobsbad
Jaun
Jegenstorf
Jenaz
Jenins
Jens
Jeuss
Jona
Jonen
Jongny
Jonschwil
Jouxtens-Mézery
Juf
Jungfraujoch
Juriens
Jussy
Kaiseraugst
Kaiserstuhl
Kaiserstuhl AG
Kaisten
Kallern
Kallnach
Kalpetran
Kaltacker
Kaltbach
Kaltbrunn
Kaltenbach
Kammersrohr
Kandergrund
Kandersteg
Kappel
Kappel SO
Kappel am Albis
Kappelen
Kastanienbaum
Kaufdorf
Kefikon
Kefikon TG
Kefikon ZH
Kehrsatz
Kehrsiten
Kemptthal
Kernenried
Kerns
Kerzers
Kesswil
Kestenholz
Kienberg
Kiental
Kiesen
Kilchberg
Kilchberg BL
Kilchberg ZH
Killwangen
Kippel
Kirchberg
Kirchberg BE
Kirchberg SG
Kirchdorf
Kirchdorf AG
Kirchdorf BE
Kirchenthurnen
Kirchleerau
Kirchlindach
Klarsreuti
Kleinandelfingen
Kleinbösingen
Kleindietwil
Kleindöttingen
Kleine Scheidegg
Kleingurmels
Kleinlützel
Kleinwangen
Klingnau
Kloster Fahr
Klosters
Klosters Dorf
Kloten
Klöntal
Knonau
Knutwil
Koblenz
Kollbrunn
Konolfingen
Koppigen
Kottwil
Kradolf
Krattigen
Krauchthal
Kreuzlingen
Kriechenwil
Kriegstetten
Kriens
Kriessern
Krinau
Krummenau
Kräiligen
Kulmerau
Kyburg
Kyburg-Buchegg
Kägiswil
Känerkinden
Kölliken
Köniz
Küblis
Kümmertshausen
Künten
Küsnacht ZH
Küssnacht am Rigi
Küttigen
Küttigkofen
L'Abbaye
L'Abergement
L'Auberson
L'Etivaz
L'Isle
La Brévine
La Chaux (Cossonay)
La Chaux-de-Fonds
La Chaux-des-Breuleux
La Chaux-du-Milieu
La Châtagne
La Cibourg
La Comballaz
La Conversion
La Corbaz
La Coudre
La Croix (Lutry)
La Croix-de-Rozon
La Cure
La Côte-aux-Fées
La Ferrière
La Forclaz VD
La Forclaz VS
La Fouly VS
La Garde (Sembrancher)
La Heutte
La Joux FR
La Lécherette
La Magne
La Neirigue
La Neuveville
La Place (Ayent)
La Plaine
La Praz
La Punt-Chamues-ch
La Rippe
La Roche FR
La Russille
La Rösa
La Sage
La Sagne (Ste-Croix)
La Sagne NE
La Sarraz
La Tanne
La Tine
La Tour VS
La Tour-de-Peilz
La Tour-de-Trême
La Tzoumaz
La Vernaz (Les Agettes)
La Verrerie
La Vraconnaz
La Vue-des-Alpes
Laax
Laax GR
Laax GR 2
Lachen
Lachen SZ
Laconnex
Ladir
Lajoux
Lajoux JU
Lalden
Lamboing
Lamone
Lampenberg
Lamperswil
Lamperswil TG
Landiswil
Landquart
Landschlacht
Langenbruck
Langendorf
Langenthal
Langnau am Albis
Langnau b. Reiden
Langnau im Emmental
Langrickenbach
Langwies
Langwiesen
Lanna
Lanterswil
Lantsch/Lenz
Lanzenhäusern
Lanzenneunforn
Largario
Latsch
Latterbach
Lauenen b. Gstaad
Lauerz
Laufen
Laufenburg
Laupen
Laupen BE
Laupen ZH
Laupersdorf
Lauperswil
Laura
Lausanne
Lausanne 25
Lausanne 26
Lausanne 27
Lausen
Lauterbrunnen
Lauwil
Lavertezzo
Lavey-Village
Lavey-les-Bains
Lavigny
Lavin
Lavorgo
Lax
Le Brassus
Le Brouillet
Le Bry
Le Bémont JU
Le Cerneux-Péquignot
Le Cerneux-Veusil
Le Châble VS
Le Château-de-Ste-Croix
Le Châtelard VS
Le Châtelard-près-Romont
Le Crêt-du-Locle
Le Crêt-près-Semsales
Le Fuet
Le Grand-Saconnex
Le Landeron
Le Lieu
Le Lignon
Le Locle
Le Mont-Pèlerin
Le Mont-sur-Lausanne
Le Mouret
Le Noirmont
Le Pont
Le Prese
Le Prédame
Le Prévoux
Le Pâquier NE
Le Pâquier-Montbarry
Le Sentier
Le Solliat
Le Séchey
Le Sépey
Le Trétien
Le Vaud
Leggia
Leibstadt
Leimbach
Leimbach AG
Leimbach TG
Leimiswil
Leissigen
Lenggenwil
Lengnau
Lengnau AG
Lengnau BE
Lengwil
Lenk im Simmental
Lens
Lentigny
Lenzburg
Lenzerheide/Lai
Leontica
Les Acacias
Les Agettes
Les Avanchets
Les Avants
Les Bayards
Les Bioux
Les Bois
Les Brenets
Les Breuleux
Les Charbonnières
Les Clées
Les Collons
Les Crosets
Les Cullayes
Les Diablerets
Les Ecasseys
Les Ecorcheresses
Les Emibois
Les Enfers
Les Evouettes
Les Friques
Les Geneveys-sur-Coffrane
Les Genevez JU
Les Giettes
Les Granges (Salvan)
Les Haudères
Les Hauts-Geneveys
Les Marécottes
Les Mayens-de-Sion
Les Monts-de-Corsier
Les Monts-de-Pully
Les Mosses
Les Moulins
Les Moulins VS (Liddes)
Les Paccots
Les Planchettes
Les Plans-sur-Bex
Les Pommerats
Les Pontins
Les Ponts-de-Martel
Les Posses-sur-Bex
Les Prés-d'Orvin
Les Rasses
Les Reussilles
Les Sagnettes
Les Sciernes-d'Albeuve
Les Taillères
Les Tavernes
Les Thioleyres
Les Valettes (Bovernier)
Les Verrières
Les Vieux-Prés
Les Vérines (Chamoson)
Lessoc
Leuggelbach
Leuggern
Leuk Stadt
Leukerbad
Leutwil
Leuzigen
Levron
Leysin
Leytron
Li Curt
Libingen
Lichtensteig
Liddes
Liebefeld
Liebistorf
Liedertswil
Lieffrens
Lieli
Lieli LU
Lienz
Liesberg
Liesberg Dorf
Liestal
Liez (St-Martin)
Ligerz
Lignerolle
Lignières
Ligornetto
Limpach
Lindau
Linden
Linescio
Linthal
Lipperswil
Lippoldswilen
Littenheid
Litzirüti
Lobsigen
Loc
Locarno
Loco
Lodano
Lodrino
Lohn
Lohn GR
Lohn SH
Lohn-Ammannsegg
Lohnstorf
Lommis
Lommiswil
Lonay
Longirod
Lopagno
Losone
Lossy
Lostallo
Lostorf
Lottigna
Lotzwil
Lourtier
Lovatens
Lovens
Loveresse
Luc (Ayent)
Lucelle
Lucens
Luchsingen
Ludiano
Lufingen
Lugaggia
Lugano
Lugnez
Lugnorre
Luins
Lully
Lully FR
Lully VD
Lumbrein
Lumino
Lunden
Lungern
Lupfig
Lupsingen
Lurtigen
Lussery-Villars
Lussy
Lussy FR
Lussy-sur-Morges
Lustdorf
Lustmühle
Luterbach
Luthern
Luthern Bad
Lutry
Lutzenberg
Luven
Luzein
Luzern
Lyss
Lyssach
Längenbühl
Lätti
Läufelfingen
Léchelles
Löhningen
Lömmenschwil
Lü
Lüchingen
Lüen
Lüscherz
Lüsslingen
Lüterkofen
Lüterswil
Lütisburg
Lütisburg Station
Lütschental
Lützelflüh-Goldbach
Madetswil
Madiswil
Madonna del Piano
Madrano
Madulain
Magadino
Magden
Maggia
Magglingen/Macolin
Magliaso
Maglio di Colla
Magnedens
Maienfeld
Mairengo
Maisprach
Maladers
Malans
Malans GR
Malans SG
Malix
Malleray
Maloja
Malters
Malvaglia
Mamishaus
Mammern
Mandach
Mannenbach-Salenstein
Mannens
Manno
Maracon
Marbach
Marbach LU
Marbach SG
Marchissy
Mariastein
Marin-Epagnier
Marly
Marmorera
Marnand
Maroggia
Marolta
Marsens
Marthalen
Martherenges
Martigny
Martigny-Croix
Martina
Martisberg
Maschwanden
Mase
Masein
Maseltrangen
Massagno
Massongex
Massonnens
Mastrils
Mathod
Mathon
Matran
Matt
Matten (St. Stephan)
Matten b. Interlaken
Mattstetten
Mattwil
Matzendorf
Matzingen
Mauborget
Mauensee
Maules
Maur
Mauraz
Mauren
Mauren FL
Mauren TG
Mayens-de-Chamoson
Medeglia
Medels im Rheinwald
Meggen
Mehlsecken
Meien
Meienberg
Meienried
Meierskappel
Meikirch
Meilen
Meinier
Meinisberg
Meiringen
Meisterschwanden
Melano
Melchnau
Melchsee-Frutt
Melchtal
Melide
Mellikon
Mellingen
Mels
Meltingen
Mendrisio
Menzberg
Menzengrüt
Menziken
Menzingen
Menznau
Menzonio
Merenschwand
Mergoscia
Meride
Merishausen
Merligen
Merlischachen
Mervelier
Merzligen
Mesocco
Messen
Mettau
Mettembert
Mettendorf
Mettendorf TG
Mettlen
Mettmenstetten
Metzerlen
Mex
Mex VD
Mex VS
Meyriez
Meyrin
Mezzovico
Middes
Mies
Miex
Miglieglia
Milken
Minusio
Miralago
Mirchel
Misery
Mission
Missy
Misériez (Salins)
Mitlödi
Mittelhäusern
Miège
Miécourt
Mogelsberg
Moghegno
Moiry
Moiry VD
Molare
Moleno
Molinis
Mollens
Mollens VD
Mollens VS
Mollie-Margot
Mollis
Molondin
Mols
Moléson-sur-Gruyères
Mon
Moneto
Monible
Monnaz
Mont-Crosin
Mont-Soleil
Mont-Tramelan
Mont-de-Buttes
Mont-la-Ville
Mont-sur-Rolle
Montagne-de-Courtelary
Montagne-de-Sonvilier
Montagnola
Montagnon (Leytron)
Montagny-la-Ville
Montagny-les-Monts
Montagny-près-Yverdon
Montalchez
Montana
Montaubion-Chardonney
Montavon
Montbovon
Montbrelloz
Montcherand
Monte
Monte Carasso
Monteggio
Montenol
Montet (Broye)
Montet (Glâne)
Montezillon
Montfaucon
Montfavergier
Montherod
Monthey
Montignez
Montlingen
Montmagny
Montmelon
Montmollin
Montpreveyres
Montreux
Montricher
Montsevelier
Montévraz
Moosleerau
Moosseedorf
Morbio Inferiore
Morbio Superiore
Morcles
Morcote
Morens
Morens FR
Morgarten
Morges
Morgins
Morissen
Morlens
Morlon
Morrens
Morrens VD
Morschach
Mosen
Mosnang
Mosogno
Mossel
Motto (Blenio)
Moudon
Moutier
Movelier
Mugena
Muggio
Muhen
Mulegns
Mumpf
Mumpé Medel
Mund
Muntelier
Muolen
Muotathal
Mur (Vully) FR
Mur (Vully) VD
Muralto
Muraz (Collombey)
Muraz (Sierre)
Murg
Murgenthal
Muri
Muri AG
Muri b. Bern
Muriaux
Murist
Murten
Murzelen
Mutrux
Mutten
Muttenz
Muzzano
Mädris-Vermol
Mägenwil
Männedorf
Märstetten
Märwil
Ménières
Mézery-près-Donneloye
Mézières FR
Mézières VD
Môtier (Vully)
Môtiers NE
Möhlin
Mönchaltorf
Mönthal
Mörel
Mörigen
Möriken AG
Mörschwil
Mötschwil
Mühlau
Mühlebach (Goms)
Mühleberg
Mühledorf BE
Mühledorf SO
Mühlehorn
Mühlethal
Mühlethurnen
Mühlrüti
Mülchi
Mülenen
Müllheim Dorf
Müllheim-Wigoltingen
Mülligen
Mümliswil
Münchenbuchsee
Münchenstein
Münchenwiler
Münchringen
Münchwilen AG
Münchwilen TG
Münsingen
Münster VS
Münsterlingen
Müntschemier
Mürren
Müselbach
Müstair
Müswangen
Nassen
Nassenwil
Naters
Nax
Naz
Nebikon
Necker
Neerach
Neftenbach
Neggio
Neirivue
Nendeln
Nennigkofen
Nenzlingen
Neschwil
Nesselnbach
Nesslau
Netstal
Neu St. Johann
Neuchâtel
Neudorf
Neuendorf
Neuenegg
Neuenhof
Neuenkirch
Neuhaus
Neuhaus SG
Neuhausen am Rheinfall
Neuheim
Neukirch (Egnach)
Neukirch an der Thur
Neunkirch
Neuwilen
Neuägeri
Neyruz
Neyruz FR
Neyruz-sur-Moudon
Nidau
Nidfurn
Niederbipp
Niederbuchsiten
Niederbüren
Niederdorf
Niedergampel
Niedergesteln
Niederglatt
Niederglatt SG
Niederglatt ZH
Niedergösgen
Niederhasli
Niederhelfenschwil
Niederhünigen
Niederlenz
Niedermuhlern
Niederneunforn
Niederrickenbach
Niederried b. Interlaken
Niederried b. Kallnach
Niederrohrdorf
Niederscherli
Niederstetten
Niederstocken
Niederteufen
Niederurnen
Niederuzwil
Niederwald
Niederwangen b. Bern
Niederweningen
Niederwil
Niederwil AG
Niederwil SG
Niederwil SO
Niederönz
Niederösch
Nierlet-les-Bois
Niouc
Niva (Vallemaggia)
Nivo
Nods
Noflen
Noflen BE
Nohl
Noiraigue
Noréaz
Nottwil
Novaggio
Novalles
Novazzano
Noville
Noës
Nufenen
Nuglar
Nunningen
Nussbaumen
Nussbaumen AG
Nussbaumen TG
Nusshof
Nuvilly
Nyon
Näfels
Nänikon
Némiaz (Chamoson)
Nürensdorf
Obbürgen
Oberaach
Oberarth
Oberbalm
Oberbalmberg
Oberbipp
Oberbuchsiten
Oberburg
Oberbussnang
Oberbüren
Oberbütschel
Oberdiessbach
Oberdorf
Oberdorf BL
Oberdorf NW
Oberdorf SO
Oberegg
Oberembrach
Oberems
Oberengstringen
Oberentfelden
Oberflachs
Oberfrittenbach
Obergerlafingen
Obergesteln
Oberglatt
Oberglatt ZH
Obergoldbach
Obergösgen
Oberhallau
Oberhasli
Oberhelfenschwil
Oberhof
Oberhofen
Oberhofen AG
Oberhofen TG
Oberhofen am Thunersee
Oberhünigen
Oberiberg
Oberkirch
Oberkirch LU
Oberkulm
Oberlunkhofen
Obermumpf
Obermutten
Obernau
Oberneunforn
Oberramsern
Oberrickenbach
Oberried
Oberried FR
Oberried am Brienzersee
Oberrieden
Oberriet
Oberriet SG
Oberrindal
Oberrohrdorf
Oberrüti
Obersaxen
Oberschan
Oberschrot
Oberstammheim
Obersteckholz
Oberstetten
Oberstocken
Oberterzen
Oberthal
Oberurnen
Oberuzwil
Oberwald
Oberwangen
Oberwangen TG
Oberwangen b. Bern
Oberweningen
Oberwil
Oberwil (Dägerlen)
Oberwil BL
Oberwil b. Büren
Oberwil b. Zug
Oberwil im Simmental
Oberwil-Lieli
Oberägeri
Oberönz
Oberösch
Obfelden
Obstalden
Ochlenberg
Ocourt
Odogno
Oekingen
Oensingen
Oerlingen
Oeschenbach
Oeschgen
Oeschseite
Oetwil am See
Oetwil an der Limmat
Oey
Oftringen
Ogens
Oggio
Ohmstal
Oleyres
Olivone
Ollon
Ollon VD
Ollon VS
Olsberg
Olten
Oltingen
Onex
Onnens
Onnens FR
Onnens VD
Opfershofen
Opfershofen TG
Opfertshofen
Opfertshofen SH
Opfikon
Oppens
Oppikon
Oppligen
Orbe
Orges
Orient
Origlio
Ormalingen
Orny
Oron-la-Ville
Oron-le-Châtel
Orpund
Orselina
Orsières
Orsonnens
Ortschwaben
Orvin
Orzens
Oschwand
Osco
Osogna
Ospizio Bernina
Ossingen
Osterfingen
Ostermundigen
Otelfingen
Othmarsingen
Ottenbach
Ottikon (Gossau ZH)
Ottikon b. Kemptthal
Ottoberg
Oulens-sous-Echallens
Oulens-sur-Lucens
Ovronnaz
Pagig
Pailly
Palagnedra
Palasuit (Liddes)
Palézieux
Palézieux-Village
Pambio-Noranco
Pampigny
Panex
Pany
Paradiso
Parpan
Parsonz
Paspels
Passugg
Paudex
Payerne
Pazzallo
Peccia
Pedrinate
Peiden
Peist
Peney-le-Jorat
Pensier
Penthalaz
Penthaz
Penthéréaz
Perlen
Perly
Perrefitte
Perroy
Personico
Peseux
Petit Vichères (Liddes)
Petit-Lancy
Petit-Martel
Peyres-Possens
Pfaffhausen
Pfaffnau
Pfeffikon
Pfeffikon LU
Pfeffingen
Pfungen
Pfyn
Pfäfers
Pfäffikon SZ
Pfäffikon ZH
Piandera Paese
Pianezzo
Piano di Peccia
Piazzogna
Pierrafortscha
Pieterlen
Pignia
Pigniu
Pilatus Kulm
Piotta
Pitasch
Pizy
Plaffeien
Plagne
Plan-les-Ouates
Planken
Plasselb
Platta
Plaun da Lej
Pleigne
Pleujouse
Plons
Pohlern
Poliez-Pittet
Poliez-le-Grand
Pollegio
Pompaples
Pomy
Pont (Veveyse)
Pont-de-la-Morge (Sion)
Pont-la-Ville
Ponte Capriasca
Ponte Tresa
Pontenet
Ponthaux
Ponto Valentino
Pontresina
Porrentruy
Porsel
Port
Portalban
Portein
Porto Ronco
Porza
Posat
Poschiavo
Posieux
Praden
Pragg-Jenaz
Prahins
Prangins
Praratoud
Prato (Leventina)
Prato-Sornico
Pratteln
Pratval
Pravidondaz (Salins)
Praz (Vully)
Praz-de-Fort
Preda
Pregassona
Premier
Preonzo
Presinge
Prez-vers-Noréaz
Prez-vers-Siviriez
Prilly
Pringy
Produit (Leytron)
Progens
Promasens
Promontogno
Prosito
Provence
Prugiasco
Präz
Préverenges
Prévondavaux
Prévonloup
Prêles
Pugerna
Puidoux
Pully
Puplinge
Pura
Purasca
Pusserein
Putz
Péry
Quarten
Quartino
Quinten
Quinto
Rabius
Radelfingen b. Aarberg
Rafz
Rain
Ramersberg
Ramiswil
Ramlinsburg
Ramosch
Ramsei
Ramsen
Rancate
Rances
Randa
Randogne
Ranflüh
Ranzo
Raperswilen
Rapperswil
Rapperswil BE
Rapperswil SG
Raron
Rasa
Ravoire
Realp
Rebeuvelier
Rebstein
Rebévelier
Recherswil
Rechthalten
Reckingen
Reckingen VS
Reconvilier
Regensberg
Regensdorf
Rehetobel
Reichenbach im Kandertal
Reichenburg
Reiden
Reidermoos
Reigoldswil
Reinach
Reinach AG
Reinach BL
Reisiswil
Reitnau
Rekingen
Rekingen AG
Remaufens
Remetschwil
Remigen
Renan
Renan BE
Renens
Renens VD
Rengg
Rennaz
Retschwil
Reute
Reute AR
Reutigen
Reutlingen (Winterthur)
Reverolle
Rheinau
Rheineck
Rheinfelden
Rheinklingen
Rheinsulz
Rhäzüns
Riaz
Riazzino
Richenthal
Richigen
Richterswil
Ricken
Ricken SG
Rickenbach
Rickenbach BL
Rickenbach LU
Rickenbach SO
Rickenbach Sulz
Rickenbach ZH
Rickenbach b. Schwyz
Rickenbach b. Wil
Ricketwil (Winterthur)
Riddes
Ried (Frutigen)
Ried (Muotathal)
Ried b. Kerzers
Ried-Brig
Ried-Mörel
Rieden
Rieden AG
Rieden SG
Riederalp
Riedern
Riedholz
Riedikon
Riedstätt
Riedt b. Erlen
Riedtwil
Riehen
Riein
Riemenstalden
Riet (Neftenbach)
Rietheim
Riex
Riffenmatt
Rifferswil
Riggisberg
Rigi Kaltbad
Rigi Klösterli
Rigi Kulm
Rigi Scheidegg
Rigi Staffel
Riken
Riken AG
Rikon im Tösstal
Ringgenberg
Ringgenberg BE
Ringoldswil
Riniken
Riom
Risch
Ritzingen
Riva San Vitale
Rivaz
Rive Haute (Liddes)
Riveo
Rivera
Rizenbach
Robasacco
Roche
Roche VD
Roche-d'Or
Rochefort
Roches
Roches BE
Rocourt
Rodels
Rodersdorf
Rodi-Fiesso
Roggenburg
Roggliswil
Roggwil
Roggwil BE
Roggwil TG
Rohr b. Olten
Rohrbach
Rohrbachgraben
Rohrmatt
Rolle
Romainmôtier
Romairon
Romanel-sur-Lausanne
Romanel-sur-Morges
Romanens
Romanshorn
Rombach
Romont
Romont BE
Romont FR
Romoos
Rona
Ronco sopra Ascona
Rongellen
Root
Root D4
Ropraz
Rorbas
Rorschach
Rorschacherberg
Rosenlaui
Rossa
Rossemaison
Rossenges
Rossens
Rossens FR
Rossens VD
Rosshäusern
Rossinière
Rossrüti
Rossura
Rosswald
Rosé
Rothenbrunnen
Rothenburg
Rothenfluh
Rothenhausen
Rothenthurm
Rothrist
Rothwald
Rotkreuz
Rottenschwil
Rougemont
Roveredo
Roveredo GR
Roveredo TI
Rovio
Rovray
Rubigen
Rudolfingen
Rudolfstetten
Rue
Rueras
Rueun
Rueyres
Rueyres-St-Laurent
Rueyres-Treyfayes
Rueyres-les-Prés
Rufi
Ruggell
Rumendingen
Rumisberg
Rumlikon
Rupperswil
Ruppoldsried
Ruschein
Russikon
Russin
Russo
Russy
Ruswil
Rutschwil (Dägerlen)
Ruvigliana
Rämismühle
Réchy
Réclère
Römerswil LU
Röschenz
Röthenbach Herzogenbuchsee
Röthenbach im Emmental
Rüderswil
Rüdlingen
Rüdtligen
Rüedisbach
Rüeggisberg
Rüegsau
Rüegsauschachen
Rüegsbach
Rüeterswil
Rüfenach AG
Rüfenacht BE
Rümikon AG
Rümlang
Rümligen
Rümlingen
Rünenberg
Rüschegg Gambach
Rüschegg Heubach
Rüschlikon
Rüthi (Rheintal)
Rüti GL
Rüti ZH
Rüti b. Büren
Rüti b. Lyssach
Rüti b. Riggisberg
Rütihof
Rütli
Rütschelen
Rüttenen
S-chanf
S. Antonino
S. Antonio (Val Morobbia)
S. Benedetg
S. Bernardino
S. Carlo (Poschiavo)
S. Carlo (Val Bavona)
S. Nazzaro
S. Pietro
S. Vittore
Saanen
Saanenmöser
Saas im Prättigau
Saas-Almagell
Saas-Balen
Saas-Fee
Saas-Grund
Sachseln
Saclentse
Safenwil
Safien Platz
Safnern
Sagno
Sagogn
Saicourt
Saignelégier
Saillon
Sala Capriasca
Saland
Salavaux
Salenstein
Salez
Salgesch
Salins
Salmsach
Salorino
Salouf
Salvan
Salvenach
Samedan
Samnaun Dorf
Samnaun-Compatsch
Samstagern
Sangernboden
Sargans
Sarmenstorf
Sarn
Sarnen
Sarreyer
Sarzens
Sassel
Satigny
Sattel
Saubraz
Saulcy
Saules
Saules BE
Savagnier
Savigny
Savièse
Savognin
Savosa
Sax
Saxeten
Saxon
Saxonne (Ayent)
Says
Scareglia
Schaan
Schaanwald
Schachen
Schachen LU
Schachen b. Herisau
Schachen b. Reute
Schaffhausen
Schafhausen im Emmental
Schafisheim
Schalchen
Schalunen
Schangnau
Scharans
Scharnachtal
Schattdorf
Schattenhalb
Scheid
Schellenberg
Schelten
Schenkon
Scherz
Scherzingen
Scheunen
Scheuren
Schiers
Schindellegi
Schinznach Bad
Schinznach Dorf
Schlans
Schlatt
Schlatt TG
Schlatt ZH
Schlattingen
Schleinikon
Schleitheim
Schlierbach
Schlieren
Schliern b. Köniz
Schlossrued
Schlosswil
Schluein
Schmerikon
Schmidigen-Mühleweg
Schmidrüti
Schmidshof
Schmiedrued
Schmitten
Schmitten (Albula)
Schmitten FR
Schnaus
Schneisingen
Schnottwil
Schocherswil
Schongau
Schuders
Schupfart
Schwaderloch
Schwadernau
Schwanden
Schwanden (Sigriswil)
Schwanden GL
Schwanden b. Brienz
Schwanden im Emmental
Schwarzenbach
Schwarzenbach (Huttwil)
Schwarzenbach LU
Schwarzenbach SG
Schwarzenberg
Schwarzenberg LU
Schwarzenburg
Schwarzenegg
Schwarzhäusern
Schwarzsee
Schweizersholz
Schwellbrunn
Schwende
Schwenden im Diemtigtal
Schwendi im Weisstannental
Schwendibach
Schwerzenbach
Schwyz
Schwändi b. Schwanden
Schänis
Schöfflisdorf
Schöftland
Schönenbaumgarten
Schönenberg ZH
Schönenberg an der Thur
Schönenbuch
Schönengrund
Schönenwerd
Schönholzerswilen
Schönried
Schötz
Schübelbach
Schüpbach
Schüpfen
Schüpfheim
Scudellate
Scuol
Sedrun
Seeberg
Seedorf
Seedorf BE
Seedorf UR
Seehof
Seelisberg
Seengen
Seewen
Seewen SO
Seewen SZ
Seewil
Seewis Dorf
Seewis-Pardisla
Seewis-Schmitten
Seftigen
Segnas
Seigneux
Seiry
Seleute
Selkingen
Selma
Seltisberg
Selzach
Sembrancher
Sementina
Semione
Sempach
Sempach Station
Semsales
Senarclens
Sennhof (Winterthur)
Sennwald
Sent
Senèdes
Seon
Sergey
Serneus
Serpiano
Servion
Seseglio
Sessa
Seuzach
Sevelen
Sevgein
Sfazù
Siat
Siblingen
Siebnen
Siegershausen
Sierre
Siggenthal Station
Sigigen
Sigirino
Siglistorf
Signau
Signy
Signèse (Ayent)
Signôra
Sigriswil
Sihlbrugg
Sihlbrugg Station
Sihlwald
Silenen
Sils im Domleschg
Sils/Segl Baselgia
Sils/Segl Maria
Silvaplana
Silvaplana-Surlej
Simplon Dorf
Simplon Hospiz
Sins
Sion
Sirnach
Siselen
Siselen BE
Sisikon
Sissach
Sisseln
Sisseln AG
Sitterdorf
Siviez (Nendaz)
Siviriez
Soazza
Sobrio
Soglio
Solduno
Solothurn
Somazzo
Someo
Sommentier
Sommeri
Sonceboz-Sombeval
Sonnental
Sonogno
Sonterswil
Sonvico
Sonvilier
Sool
Soral
Sorengo
Sorens
Sornard (Nendaz)
Sornetan
Sorvilier
Sottens
Soubey
Souboz
Soulce
Soyhières
Speicher
Speicherschwendi
Spiegel b. Bern
Spiez
Spiringen
Splügen
Spreitenbach
Spruga
St-Aubin FR
St-Aubin-Sauges
St-Barthélemy VD
St-Blaise
St-Brais
St-Cergue
St-Cierges
St-George
St-Gingolph
St-Imier
St-Jean VS
St-Livres
St-Luc
St-Légier-La Chiésaz
St-Léonard
St-Martin FR
St-Martin VS
St-Maurice
St-Oyens
St-Pierre-de-Clages
St-Prex
St-Romain (Ayent)
St-Saphorin (Lavaux)
St-Saphorin-sur-Morges
St-Sulpice NE
St-Sulpice VD
St-Séverin
St-Triphon
St-Ursanne
St. Antoni
St. Antönien
St. Erhard
St. Gallen
St. Gallenkappel
St. German
St. Josefen
St. Margarethen TG
St. Margrethen SG
St. Margrethenberg
St. Martin (Lugnez)
St. Moritz
St. Niklaus VS
St. Niklausen LU
St. Niklausen OW
St. Pantaleon
St. Pelagiberg
St. Peter
St. Peterzell
St. Silvester
St. Stephan
St. Urban
St. Ursen
Sta. Domenica
Sta. Maria Val Müstair
Sta. Maria in Calanca
Staad
Staad SG
Stabio
Stachen
Stadel (Winterthur)
Stadel b. Niederglatt
Staffelbach
Stalden
Stalden (Sarnen)
Stalden VS
Staldenried
Stallikon
Stampa
Stans
Stansstad
Starrkirch-Wil
Staufen
Ste-Croix
Stechelberg
Steckborn
Steffisburg
Steg
Steg VS
Steg im Tösstal
Stehrenberg
Stein
Stein AG
Stein AR
Stein SG
Stein am Rhein
Steinach
Steinebrunn
Steinen
Steinerberg
Steinhaus
Steinhausen
Steinhof
Steinhof SO
Steinhuserberg
Steinmaur
Stels
Sternenberg
Stetten
Stetten AG
Stetten SH
Stettfurt
Stettlen
Stierva
Stilli
Stoos
Stoos SZ
Strada
Strengelbach
Studen
Studen BE
Studen SZ
Stugl/Stuls
Stäfa
Stüsslingen
Suberg
Subingen
Suchy
Suen (St-Martin)
Sufers
Sugiez
Sugnens
Suhr
Sulgen
Sullens
Sulz
Sulz AG
Sulz LU
Sulzbach
Sumiswald
Summaprada
Sumvitg
Sundlauenen
Sur
Surava
Surcasti
Surcuolm
Surpierre
Surrein
Sursee
Susch
Suscévaz
Susten
Sutz
Syens
Sâles (Gruyère)
Säriswil
Sédeilles
Sévaz
Sévery
Sörenberg
Süderen
Sünikon
Tafers
Tagelswangen
Tamins
Tann
Tannay
Tarasp
Tartar
Tartegnin
Tatroz
Tavanasa
Tavannes
Taverne
Tecknau
Tegerfelden
Tegna
Tenero
Tenna
Tenniken
Tennwil
Tentlingen
Termen
Territet
Tersnaus
Tesserete
Teufen
Teufen AR
Teufen ZH
Teufenthal
Teufenthal AG
Teuffenthal b. Thun
Thal
Thalheim
Thalheim AG
Thalheim an der Thur
Thalkirch
Thalwil
Thayngen
Theilingen
Therwil
Thielle
Thierachern
Thierrens
Thun
Thundorf
Thunersee
Thunstetten
Thusis
Thyon
Thônex
Thörigen
Thörishaus
Thürnen
Tiefencastel
Tinizong
Titterten
Tobel
Toffen
Tolochenaz
Torgon
Torny-le-Grand
Torre
Torricella
Trachselwald
Trachslau
Tramelan
Trans
Trasadingen
Travers
Treiten
Tremona
Trey
Treycovagnes
Treyfayes
Treytorrens (Payerne)
Treyvaux
Triboltingen
Triengen
Trient
Triesen
Triesenberg
Trimbach
Trimmis
Trimstein
Trin
Trin Mulin
Trogen
Trogne (St-Martin)
Troinex
Troistorrents
Trub
Trubschachen
Trun
Truttikon
Trélex
Trübbach
Trüllikon
Tschappina
Tscheppach
Tscherlach
Tschiertschen
Tschierv
Tschingel ob Gunten
Tschlin
Tschugg
Tuggen
Tumegl/Tomils
Turbach
Turbenthal
Turgi
Turin (Salins)
Turtmann
Tuttwil
Twann
Tägerig
Tägerschen
Tägertschi
Tägerwilen
Täsch
Täuffelen
Törbel
Tübach
Tüscherz-Alfermée
Udligenswil
Ueberstorf
Uebeschi
Ueken
Uerikon
Uerkheim
Uerschhausen
Uerzlikon
Uesslingen
Uetendorf
Uetikon am See
Uetliberg
Uetliburg
Uetliburg SG
Uettligen
Uezwil
Uffikon
Ufhusen
Uhwiesen
Uitikon Waldegg
Ulisbach
Ulmiz
Ulrichen
Umiken
Undervelier
Unterbach
Unterbach BE
Unterbäch VS
Untereggen
Unterems
Unterendingen
Unterengstringen
Unterentfelden
Unteriberg
Unterkulm
Unterlangenegg
Unterlunkhofen
Unterramsern
Unterrindal
Unterschächen
Unterseen
Untersiggenthal
Unterstammheim
Untersteckholz
Unterterzen
Untervaz
Unterwasser
Unterägeri
Uors (Lumnezia)
Urdorf
Urmein
Urnerboden
Urnäsch
Ursenbach
Ursins
Urswil
Ursy
Urtenen-Schönbühl
Uster
Uttigen
Uttwil
Utzenstorf
Utzigen
Uvrier
Uznach
Uzwil
Vacallo
Vadura
Vaduz
Vaglio
Vairano
Val-d'Illiez
Valangin
Valbella
Valchava
Valendas
Valens
Valeyres-sous-Montagny
Valeyres-sous-Rances
Valeyres-sous-Ursins
Vallamand
Vallon
Vallorbe
Vals
Valzeina
Vandoeuvres
Varen
Varenzo
Vasön
Vattiz
Vauderens
Vauffelin
Vaugondry
Vaulion
Vaulruz
Vaumarcus
Vaux-sur-Morges
Vaz/Obervaz
Vella
Vellerat
Veltheim
Veltheim AG
Vendlincourt
Vens (Sembrancher)
Venthône
Verbier
Vercorin
Verdabbio
Verdasio
Vergeletto
Vermes
Vernamiège
Vernate
Vernayaz
Vernier
Vers-chez-Perrin
Vers-l'Eglise
Versam
Verscio
Versegères
Versoix
Vesin
Vessy
Vevey
Vex
Veyras
Veyrier
Veysonnaz
Veytaux
Vezia
Vezio
Viano
Vich
Vichères (Liddes)
Vico Morcote
Vicosoprano
Vicques
Vielbringen b. Worb
Viganello
Vignogn
Vilars
Vilars NE
Villa (Ayent)
Villa (Evolène)
Villa Bedretto
Villa Luganese
Villaraboud
Villarbeney
Villard-sur-Chamby
Villarepos
Villargiroud
Villariaz
Villarimboud
Villarlod
Villars-Bozon
Villars-Bramard
Villars-Burquin
Villars-Epeney
Villars-Mendraz
Villars-Ste-Croix
Villars-Tiercelin
Villars-le-Comte
Villars-le-Grand
Villars-le-Terroir
Villars-sous-Champvent
Villars-sous-Mont
Villars-sous-Yens
Villars-sur-Fontenais
Villars-sur-Glâne
Villars-sur-Ollon
Villarsel-le-Gibloux
Villarsel-sur-Marly
Villarsiviriaux
Villarvolard
Villarzel
Villaz-St-Pierre
Villeneuve
Villeneuve FR
Villeneuve VD
Villeret
Villette (Lavaux)
Villiers
Villigen
Villmergen
Villnachern
Vilters
Vinelz
Vinzel
Vionnaz
Vira (Gambarogno)
Visp
Visperterminen
Vissoie
Vitznau
Vnà
Vogelsang
Vogelsang AG
Vogorno
Volken
Volketswil
Vollèges
Vordemwald
Vorderthal
Vouvry
Vrin
Vuadens
Vuarmarens
Vuarrens
Vucherens
Vufflens-la-Ville
Vufflens-le-Château
Vugelles-La Mothe
Vuibroye
Vuippens
Vuissens
Vuisternens-devant-Romont
Vuisternens-en-Ogoz
Vuiteboeuf
Vulliens
Vullierens
Vulpera
Vättis
Vérossaz
Vésenaz
Vétroz
Wabern
Wagen
Wagenhausen
Wagerswil
Wahlen b. Laufen
Wahlendorf
Walchwil
Wald
Wald AR
Wald ZH
Walde
Walde AG
Walde SG
Waldenburg
Waldhäusern AG
Waldkirch
Waldstatt
Walenstadt
Walenstadtberg
Walkringen
Wallbach
Wallenbuch
Wallenried
Wallenwil
Wallisellen
Walliswil b. Niederbipp
Walliswil b. Wangen
Walperswil
Waltalingen
Waltensburg/Vuorz
Waltenschwil
Walterswil
Walterswil BE
Walterswil SO
Walzenhausen
Wangen
Wangen SZ
Wangen an der Aare
Wangen b. Dübendorf
Wangen b. Olten
Wangenried
Wangs
Wanzwil
Warth
Wasen im Emmental
Wassen
Wassen UR
Wasserauen
Wasterkingen
Watt
Wattenwil
Wattwil
Wauwil
Wavre
Weesen
Wegenstetten
Weggis
Weiach
Weier im Emmental
Weinfelden
Weingarten-Kalthäusern
Weiningen
Weiningen TG
Weiningen ZH
Weissbad
Weissenburg
Weissenstein b. Solothurn
Weisslingen
Weisstannen
Weite
Welschenrohr
Wengen
Wengi b. Büren
Wengi b. Frutigen
Wenslingen
Werdenberg
Wergenstein
Wermatswil
Wernetshausen
Werthenstein
Wettingen
Wettswil
Wetzikon
Wetzikon TG
Wetzikon ZH
Wichtrach
Widen
Widnau
Wiedlisbach
Wienacht-Tobel
Wiesenberg
Wiesendangen
Wiezikon b. Sirnach
Wiggen
Wiggiswil
Wigoltingen
Wikon
Wil
Wil AG
Wil SG
Wil ZH
Wila
Wilchingen
Wildberg
Wildegg
Wildensbuch
Wilderswil
Wildhaus
Wilen (Gottshaus)
Wilen (Sarnen)
Wilen b. Neunforn
Wilen b. Wil
Wilen b. Wollerau
Wiler (Lötschen)
Wiler b. Seedorf
Wiler b. Utzenstorf
Wileroltigen
Wiliberg
Wilihof
Willadingen
Willerzell
Willisau
Willisdorf
Wimmis
Winden
Windisch
Windlach
Winikon
Winistorf
Winkel
Winterberg
Winterberg ZH
Wintersingen
Winterthur
Winznau
Wirzweli
Wisen
Wisen SO
Wislikofen
Wittenbach
Wittenwil
Witterswil
Wittinsburg
Wittnau
Wittwil
Wohlen
Wohlen AG
Wohlen b. Bern
Wohlenschwil
Wolfenschiessen
Wolfertswil
Wolfhalden
Wolfhausen
Wolfisberg
Wolfwil
Wolhusen
Wollerau
Worb
Worben
Worblaufen
Wuppenau
Wynau
Wynigen
Wyssachen
Wädenswil
Wäldi
Wängi
Wölflinswil
Wöschnau
Wünnewil
Würenlingen
Würenlos
Yens
Yverdon-les-Bains
Yvonand
Yvorne
Zauggenried
Zeglingen
Zeihen
Zeiningen
Zell
Zell LU
Zell ZH
Zeneggen
Zermatt
Zernez
Zetzwil
Zezikon
Ziefen
Ziegelbrücke
Zielebach
Zignau
Zihlschlacht
Zillis
Zimmerwald
Zinal
Zizers
Zofingen
Zollbrück
Zollikerberg
Zollikofen
Zollikon
Zuben
Zuchwil
Zuckenriet
Zufikon
Zug
Zugerberg
Zullwil
Zumholz
Zumikon
Zunzgen
Zuoz
Zuzgen
Zuzwil
Zuzwil BE
Zuzwil SG
Zweidlen
Zweilütschinen
Zweisimmen
Zwieselberg
Zwillikon
Zwingen
Zwischenflüh
Zäziwil
Zénauva
Züberwangen
Zürich
