Aaliyah
Aaron
Abbas
Abdallah
Abdel
Abdelkader
Abdi
Abdul
Abdullah
Abel
Abigail
Abilio
Abraham
Achille
Achim
Ada
Adam
Addolorata
Adel
Adela
Adelaide
Adele
Adèle
Adelheid
Adelina
Adeline
Adelino
Adem
Adil
Adina
Adis
Adisa
Admir
Adnan
Adolf
Adolfo
Adrian
Adriana
Adriano
Adrien
Adrienne
Aferdita
Afërdita
Afonso
Afrim
Agata
Agatha
Agathe
Agim
Agnes
Agnès
Agnesa
Agnese
Agnieszka
Agon
Agostinho
Agostino
Agron
Ahmad
Ahmed
Ahmet
Aicha
Aïcha
Aida
Aidan
Aileen
Aimée
Aisha
Ajan
Ajdin
Ajla
Ajshe
Alain
Alan
Alana
Alba
Alban
Albana
Albert
Albertina
Alberto
Albin
Albina
Albino
Albion
Albrecht
Albulena
Alda
Aldin
Aldina
Aldo
Alea
Alec
Alejandra
Alejandro
Alejna
Aleksa
Aleksandar
Aleksander
Aleksandra
Alen
Alena
Alessandra
Alessandro
Alessia
Alessio
Alex
Alexa
Alexander
Alexandra
Alexandre
Alexandros
Alexandru
Alexey
Alexia
Alexis
Aleyna
Alfio
Alfons
Alfonso
Alfred
Alfredo
Ali
Alia
Alice
Alicia
Alicja
Alida
Alija
Alina
Aline
Alisa
Alisha
Alison
Alissa
Alissia
Alix
Aliya
Aliyah
Alizée
Alla
Allan
Allegra
Allison
Alma
Almedina
Almir
Almira
Alois
Aloïs
Aloisia
Alphonse
Altin
Altina
Alvaro
Alwin
Alya
Alyssa
Alyssia
Amal
Amalia
Amanda
Amandine
Amanuel
Amar
Ambra
Ambre
Amedeo
Amel
Amela
Amelia
Amélia
Amelie
Amélie
Amer
Americo
Américo
Amin
Amina
Amine
Amir
Amira
Ammar
Amos
Amra
Amy
Ana
Anabela
Anaëlle
Anais
Anaïs
Ana-Maria
Anas
Anastasia
Anastasija
Anda
Andi
Andjela
András
Andre
André
Andrea
Andréa
Andreas
Andrée
Andrei
Andreia
Andreina
Andrej
Andres
Andrés
Andrew
Andrey
Andri
Andrija
Andrijana
Andrin
Andrina
Andrzej
Andy
Anel
Anela
Anes
Anesa
Aneta
Anette
Angel
Angela
Angèle
Angelica
Angelika
Angelina
Angélique
Angelo
Angie
Anic
Anica
Anik
Anika
Anil
Anila
Anina
Anis
Anisa
Anissa
Anita
Anja
Anka
Anke
Ankica
Ann
Anna
Annabelle
Annalena
Anna-Lena
Annalies
Annalisa
Annalise
Annamaria
Anna-Maria
Annamarie
Anne
Anne-Catherine
Anne-Claude
Anne-Françoise
Annegret
Anne-Laure
Annelies
Anneliese
Annelise
Anne-Lise
Annemarie
Anne-Marie
Anne-Sophie
Annett
Annette
Annick
Annie
Annik
Annika
Annina
Annunziata
Anny
Anouck
Anouk
Ante
Anthony
Antigona
Antje
Anto
Antoine
Antoinette
Anton
Antonella
Antonello
Antonia
Antonietta
Antonin
Antonina
Antonino
Antonio
António
Antonius
Antony
Anuar
Anuschka
Anya
Aras
Arben
Arbenita
Arber
Arbër
Arbnor
Arbnora
Arbnore
Arda
Ardian
Ardiana
Ardit
Ardita
Ari
Arian
Ariana
Ariane
Arianit
Arianna
Arianne
Ariel
Arif
Arife
Arijeta
Arina
Arion
Aris
Arjeta
Arlette
Arlind
Arlinda
Arlindo
Armand
Armanda
Armando
Armend
Armin
Armindo
Arnaldo
Arnaud
Arne
Arno
Arnold
Aron
Arsim
Arta
Artan
Arthur
Arton
Artur
Arturo
Arun
Arya
Arzu
Ashley
Asia
Asim
Asma
Assia
Assunta
Astrid
Astrit
Asya
Athanasios
Athos
Atilla
Attila
Attilio
Aude
Audrey
August
Augusta
Augustin
Augusto
Aulona
Aurel
Aurela
Aurelia
Aurélia
Aurélie
Aurélien
Aurelio
Aurora
Aurore
Ava
Avdi
Avelino
Avni
Awet
Axel
Axelle
Aya
Ayana
Aydin
Ayhan
Ayla
Ayleen
Aylin
Ayman
Aymeric
Aynur
Ayse
Aysel
Ayten
Azad
Azem
Aziz
Azra
Babette
Bahar
Bajram
Balthasar
Balz
Baptiste
Baran
Barbara
Bärbel
Baris
Bashkim
Basil
Basile
Bastian
Bastien
Bayram
Beat
Beata
Beate
Beatrice
Béatrice
Beatrix
Beatriz
Beda
Bedri
Behar
Bekim
Béla
Belinda
Ben
Bendicht
Benedetta
Benedetto
Benedict
Bénédicte
Benedikt
Benita
Benito
Benjamin
Benno
Benoit
Benoît
Berat
Bereket
Berfin
Bernadetta
Bernadette
Bernard
Bernardo
Bernd
Bernhard
Berta
Bertha
Berthe
Bertrand
Besa
Besart
Besarta
Besim
Besmir
Besnik
Bethli
Betim
Bettina
Betty
Biagio
Bianca
Bigna
Bilal
Biljana
Biniam
Birgit
Birgitta
Björn
Blaise
Blanca
Blanche
Blandine
Blanka
Blendi
Bleon
Bleona
Blerim
Blerina
Bleron
Blerta
Bluette
Boban
Bogdan
Bojan
Bojana
Boris
Bouchra
Bozena
Brahim
Brandon
Branislav
Branka
Branko
Brenda
Brian
Brice
Brigitta
Brigitte
Britta
Bruce
Bruna
Brunhilde
Bruno
Bryan
Bujar
Bukurije
Bülent
Burak
Burhan
Burim
Burkhard
Cäcilia
Calogero
Calvin
Camila
Camilla
Camille
Camillo
Can
Canan
Candice
Carina
Carine
Carl
Carla
Carlo
Carlos
Carlotta
Carmela
Carmelina
Carmelo
Carmen
Carmine
Carol
Carola
Carole
Carolin
Carolina
Caroline
Carolyn
Carsten
Caspar
Cassandra
Catalina
Catarina
Caterina
Catharina
Catherine
Cathy
Catia
Cátia
Cäzilia
Cecile
Cécile
Cecilia
Cécilia
Cedric
Cédric
Celeste
Celestina
Celia
Célia
Célien
Celina
Celine
Céline
Celso
Cem
Cemal
Cengiz
Cesar
César
Cesare
Chantal
Charlène
Charles
Charlie
Charline
Charlotte
Charly
Cheryl
Cheyenne
Chiara
Chloe
Chloé
Chris
Christa
Christel
Christelle
Christian
Christiana
Christiane
Christianne
Christin
Christina
Christine
Christof
Christoph
Christophe
Christopher
Christos
Ciara
Cihan
Cindy
Cinzia
Ciril
Ciro
Claire
Claire-Lise
Clara
Clarissa
Clarisse
Claude
Claude-Alain
Claudette
Claudia
Cláudia
Claudine
Claudio
Claudius
Claus
Cléa
Clelia
Clémence
Clemens
Clément
Clementina
Clémentine
Cloé
Clotilde
Colette
Colin
Coline
Concepcion
Concetta
Conrad
Constance
Constantin
Constanze
Consuelo
Cora
Coralie
Coraline
Cordula
Corentin
Corina
Corine
Corinna
Corinne
Cornel
Cornelia
Cornelius
Corrado
Corsin
Cosette
Cosima
Cosimo
Costantino
Cristian
Cristiana
Cristiano
Cristina
Csaba
Curdin
Cynthia
Cyril
Cyrill
Cyrille
Dafina
Dagmar
Daisy
Dajana
Dalia
Dalibor
Daliborka
Dalila
Damaris
Damian
Damiano
Damien
Damir
Damjan
Dan
Dana
Dani
Dania
Danica
Daniel
Daniela
Daniele
Danièle
Daniella
Danielle
Danijel
Danijela
Danila
Danilo
Danja
Danny
Dante
Danuta
Dany
Daphne
Daphné
Dardan
Daria
Dario
Daris
Darius
Dariusz
Darko
Dave
David
Davide
Davina
Davor
Dawit
Dayana
Dea
Dean
Debora
Débora
Deborah
Déborah
Dejan
Delfina
Delia
Delphine
Demian
Denis
Denisa
Denise
Deniz
Dennis
Denny
Deolinda
Derek
Derya
Desirée
Désirée
Detlef
Devin
Diana
Diane
Diar
Didier
Diego
Dieter
Dietmar
Dietrich
Dijana
Dilan
Dilara
Dilek
Dimitri
Dimitrios
Dina
Dinis
Dino
Diogo
Dion
Dirk
Djordje
Dmitry
Dogan
Dolores
Domenic
Domenica
Domenico
Domenik
Domingo
Domingos
Dominic
Dominik
Dominika
Dominique
Donald
Donat
Donata
Donatella
Donato
Donika
Donjeta
Dora
Doreen
Dorentina
Dorian
Dorina
Doris
Dorota
Dorothea
Dorothee
Dorothée
Douglas
Dragan
Dragana
Dragica
Dragisa
Drago
Drilon
Drita
Driton
Duarte
Dulce
Dunja
Durim
Dusan
Dusanka
Dusica
Dusko
Dustin
Duygu
Dylan
Eberhard
Ebru
Eda
Edda
Eddy
Edeltraud
Eden
Edgar
Edi
Edin
Edina
Edis
Edison
Edit
Edita
Edith
Edmond
Edmund
Edna
Edoardo
Edon
Edona
Edouard
Eduard
Eduardo
Edward
Edwige
Edwin
Edy
Efe
Efrem
Egidio
Egon
Egzon
Egzona
Eileen
Ekaterina
Ekrem
El
Ela
Elaine
Elda
Eldin
Elea
Eléa
Eleanor
Elena
Eleni
Eleonora
Eleonore
Eléonore
Elfriede
Eli
Elia
Eliah
Elian
Eliana
Eliane
Elias
Elie
Elif
Elija
Elijah
Elin
Elina
Eline
Elio
Elion
Eliot
Eliott
Elisa
Elisabete
Elisabeth
Elisabetha
Elisabetta
Elise
Eliza
Elizabeta
Elizabeth
Elizaveta
Elke
Ella
Ellen
Ellie
Elliot
Elly
Elma
Elmar
Elmedina
Elodie
Eloïse
Elona
Elsa
Elsbeth
Else
Elton
Elvin
Elvir
Elvira
Elvis
Elyas
Elza
Elzbieta
Ema
Emanuel
Emanuela
Emanuele
Emel
Emelie
Emeline
Emely
Emil
Emile
Emilia
Emiliano
Emilie
Emilien
Emilija
Emilio
Emily
Emin
Emina
Emine
Emir
Emira
Emma
Emmanuel
Emmanuelle
Emmy
Emrah
Emre
Ena
Endrit
Enea
Enes
Engelbert
Engin
Enis
Enisa
Ennio
Enora
Enrica
Enrico
Enrique
Ensar
Enver
Enya
Enzo
Eray
Ercan
Erdal
Eren
Erhan
Erhard
Eric
Erica
Erich
Erik
Erika
Erin
Erina
Erion
Erjon
Erkan
Ermal
Ermelinda
Ermin
Erminia
Ermira
Erna
Ernest
Ernestine
Ernesto
Ernst
Erol
Eron
Eros
Ervin
Erwan
Erwin
Erza
Esma
Esmeralda
Esra
Esteban
Estefania
Estelle
Ester
Esther
Eszter
Ethan
Etienne
Ettore
Eugen
Eugène
Eugenia
Eugénie
Eugenio
Eunice
Eva
Eva-Maria
Evan
Eve
Evelin
Evelina
Eveline
Evelyn
Evelyne
Ewa
Ewald
Ewan
Ezio
Fabia
Fabian
Fabiana
Fabiano
Fabien
Fabienne
Fabio
Fábio
Fabiola
Fabrice
Fabrizio
Fadil
Fadime
Fadri
Fahrije
Faik
Fanny
Farah
Farid
Farida
Farije
Faruk
Fatemeh
Fatih
Fatiha
Fatima
Fátima
Fatime
Fatlum
Fatma
Fatmir
Fatmire
Faton
Fatos
Fausta
Fausto
Federica
Federico
Fehmi
Felice
Felicia
Felicitas
Felipe
Felix
Félix
Ferdinand
Ferdinando
Ferenc
Ferhat
Feride
Fernand
Fernanda
Fernande
Fernando
Ferruccio
Fetije
Fidan
Fikret
Filip
Filipa
Filipe
Filippa
Filippo
Filiz
Filmon
Filomena
Finja
Finn
Fiona
Fiorella
Fiorenza
Fiorenzo
Firat
Fisnik
Fitim
Fitore
Fjolla
Flamur
Flavia
Flavien
Flavio
Flávio
Flora
Flore
Florence
Florent
Florentin
Florentina
Florian
Floriana
Floriane
Florije
Florim
Florin
Florina
Florinda
Florine
Flurin
Flurina
Franca
France
Francesca
Francesco
Francine
Francis
Francisca
Francisco
Franck
Franco
François
Françoise
Franjo
Frank
Franz
Franziska
Fred
Freddy
Frederic
Frédéric
Frederick
Frederico
Frederik
Frédérique
Fredy
Frédy
Frida
Fridolin
Frieda
Friederike
Friedrich
Fritz
Fulvio
Furkan
Fynn
Gabor
Gábor
Gabriel
Gabriela
Gabriele
Gabriella
Gabrielle
Gaby
Gaël
Gaëlle
Gaétan
Gaëtan
Gaetana
Gaetano
Gaia
Galina
Gallus
Gamze
Gani
Ganimete
Garance
Gary
Gaspard
Gaston
Gaudenz
Gazmend
Gebhard
Gemma
Geneviève
Gennaro
Gentian
Gentiana
Geoffrey
Georg
George
Georges
Georgette
Georgia
Georgina
Georgios
Gerald
Gérald
Geraldine
Géraldine
Gerard
Gérard
Gerardo
Gerd
Gerda
Gerhard
Gerlinde
Germain
Germaine
German
Germana
Germano
Gerold
Gertraud
Gertrud
Gertrude
Gezim
Gëzim
Ghislaine
Giacomo
Giada
Gian
Giancarlo
Gianfranco
Gianluca
Gian-Luca
Gianluigi
Gianmarco
Gianna
Gianni
Giannina
Gil
Gilbert
Gilberte
Gilberto
Gilda
Gilles
Gillian
Gina
Ginette
Ginevra
Gino
Gioele
Gioia
Gion
Giona
Giordano
Giorgia
Giorgio
Giovanna
Giovanni
Giovannina
Gisela
Gisèle
Gisella
Giulia
Giulian
Giuliana
Giuliano
Giulio
Giuseppa
Giuseppe
Giuseppina
Gjon
Gladys
Glenn
Gloria
Gökhan
Gonçalo
Gonzalo
Goran
Gordana
Gorica
Gottfried
Gottlieb
Grace
Granit
Grazia
Graziano
Graziella
Grégoire
Gregor
Gregorio
Gregory
Grégory
Gresa
Greta
Greti
Grzegorz
Gudrun
Guglielmo
Guido
Guilherme
Guillaume
Guillermo
Gülay
Gunnar
Günter
Günther
Gustav
Gustavo
Guy
Gwendoline
Gzim
Habib
Habibe
Haci
Hajrije
Hakan
Haki
Hakim
Halil
Halim
Halima
Halime
Halit
Hamdi
Hamid
Hamide
Hamza
Hana
Hanife
Hanim
Hanna
Hannah
Hannelore
Hannes
Hanny
Hans
Hans-Joachim
Hansjörg
Hans-Jörg
Hansjürg
Hans-Jürg
Hans-Jürgen
Hanspeter
Hans-Peter
Hansrudolf
Hans-Rudolf
Hansruedi
Hansueli
Hans-Ulrich
Harald
Haris
Harold
Harry
Hartmut
Harun
Hasan
Hassan
Hatice
Hatixhe
Hava
Hector
Hedi
Hedwig
Hedy
Heide
Heidemarie
Heidi
Heidrun
Heidy
Heike
Heiko
Heiner
Heinrich
Heinz
Helder
Hélder
Helen
Helena
Helene
Hélène
Helga
Helin
Helmut
Héloïse
Hendrik
Henning
Henri
Henriette
Henrik
Henrique
Henry
Herbert
Heribert
Hermann
Hermina
Hermine
Herta
Hervé
Hicham
Hilda
Hilde
Hildegard
Holger
Hong
Horst
Hubert
Hugo
Hugues
Huguette
Hulda
Hülya
Humberto
Hüseyin
Hussein
Ian
Iara
Ibadete
Ibrahim
Ida
Idris
Idriz
Ignacio
Ignaz
Ignazio
Igor
Ilan
Ilaria
Ilario
Ilayda
Ilda
Ileana
Ilenia
Ilhan
Ilian
Ilias
Ilija
Ilir
Ilja
Ilona
Ilse
Ilyas
Iman
Imane
Imelda
Imer
Immacolata
Imran
Imre
Ina
Indira
Ines
Inès
Inês
Inga
Inge
Ingeborg
Ingo
Ingrid
Inna
Ioana
Ioanna
Ioannis
Iolanda
Irem
Irena
Irene
Irène
Irfan
Irina
Iris
Irma
Irmgard
Iryna
Isa
Isaac
Isabel
Isabell
Isabella
Isabelle
Isak
Isaline
Isaura
Isidor
Islam
Ismael
Ismaël
Ismail
Ismet
Isolde
Istvan
István
Isuf
Italo
Iva
Ivan
Ivana
Ivanka
Ivano
Ivica
Ivo
Ivona
Ivonne
Iwan
Iwona
Izabela
Izet
Jacek
Jacinta
Jack
Jacky
Jacob
Jacopo
Jacqueline
Jacques
Jade
Jaden
Jadranka
Jael
Jaël
Jaime
Jakob
Jakub
Jakup
Jamal
James
Jamie
Jamila
Jamiro
Jan
Jana
Jane
Janet
Janic
Janice
Janick
Janik
Janina
Janine
Janique
Janis
Janja
Jann
Janna
Jannick
Jannik
Jannis
Jano
Janos
János
Janosch
Jaqueline
Jara
Jari
Jarno
Jaro
Jaron
Jaroslav
Jaroslaw
Jascha
Jasin
Jasmin
Jasmina
Jasmine
Jasminka
Jasna
Jason
Jasper
Javier
Jay
Jayden
Jayson
Jean
Jean-Baptiste
Jean-Bernard
Jean-Charles
Jean-Christophe
Jean-Claude
Jean-Daniel
Jeanette
Jean-François
Jeanine
Jean-Jacques
Jean-Louis
Jean-Luc
Jean-Marc
Jean-Marie
Jean-Michel
Jeanne
Jeannette
Jeannine
Jean-Paul
Jean-Philippe
Jean-Pierre
Jean-Yves
Jeffrey
Jehona
Jela
Jelena
Jelica
Jenifer
Jenna
Jennifer
Jenny
Jens
Jeremias
Jérémie
Jeremy
Jérémy
Jeroen
Jerome
Jérôme
Jesse
Jessica
Jéssica
Jessie
Jessy
Jesus
Jetmir
Jetmire
Jeton
Jil
Jill
Jim
Jimmy
Jiri
Joachim
Joan
Joana
Joanna
Joanne
Joao
João
Joaquim
Joaquin
Jocelyn
Jocelyne
Jochen
Joe
Joel
Joël
Joelle
Joëlle
Joey
Johan
Johann
Johanna
Johannes
John
Johnny
Jolanda
Jolanta
Jolina
Joline
Jon
Jona
Jonah
Jonas
Jonatan
Jonathan
Jordan
Jordi
Jörg
Jorge
Jorin
Joris
Jose
José
Josef
Josefa
Josefina
Josefine
Joseph
Josephine
Joséphine
Josette
Joshua
Josiane
Josianne
Josias
Josip
Jost
Josua
Jovan
Jovana
Jovanka
Jovica
Joy
Joya
Joyce
Jozef
Jozo
Jozsef
József
Juan
Juana
Judit
Judith
Jules
Julia
Julian
Juliana
Juliane
Julie
Julien
Julienne
Juliette
Julija
Julio
Julius
Juna
June
Juraj
Jürg
Jürgen
Juri
Justin
Justine
Justyna
Jusuf
Jutta
Kaan
Kadir
Kadri
Kai
Kaja
Kaltrina
Kamal
Kamel
Kamil
Kamila
Karel
Karen
Karim
Karima
Karin
Karina
Karine
Karl
Karla
Karl-Heinz
Karol
Karolina
Karoline
Karsten
Kaspar
Kastriot
Kata
Katalin
Katarina
Katarzyna
Kate
Katerina
Kateryna
Katharina
Käthe
Katherine
Käthi
Kathleen
Kathrin
Katia
Katica
Katja
Katrin
Katya
Kay
Kaya
Kayla
Keanu
Kein
Keith
Kelly
Kemal
Ken
Kenan
Kenneth
Kenny
Kenza
Kenzo
Kerem
Kerim
Kerstin
Kevin
Kévin
Khadija
Khaled
Khalid
Khalil
Kian
Kiara
Kilian
Killian
Kim
Kimberly
Kimete
Kimi
Kinga
Kira
Kirsten
Klara
Klaudia
Klaus
Klea
Klemens
Konrad
Konstantin
Konstantinos
Koray
Kornelia
Kosovare
Kreshnik
Kristian
Kristijan
Kristin
Kristina
Krisztina
Krystyna
Krzysztof
Ksenia
Kujtim
Kuno
Kurt
Kushtrim
Kyara
Kyle
Kylian
Kyra
Labinot
Ladina
Ladislav
Laeticia
Laetitia
Laila
Lana
Lara
Larina
Larisa
Larissa
Lars
Lasse
Laszlo
László
Latifa
Laura
Laure
Lauren
Laurence
Laurent
Laurenz
Laurette
Lauriane
Laurie
Laurin
Laurine
Lauro
Lavinia
Lawrence
Layla
Lazar
Lea
Léa
Leah
Lean
Leana
Leander
Leandra
Leandro
Léane
Leano
Leart
Ledion
Lee
Leila
Leïla
Lejla
Len
Lena
Léna
Lendita
Leni
Lenja
Lenka
Lennart
Lennox
Lenny
Leny
Lenya
Leo
Léo
Leon
Léon
Leona
Leonard
Léonard
Leonardo
Leonel
Leonhard
Leoni
Leonie
Léonie
Leonis
Leonit
Leonita
Leonor
Leonora
Leonore
Leopold
Leslie
Leticia
Letizia
Leutrim
Levent
Levi
Levin
Lewis
Leyla
Li
Lia
Liam
Lian
Liana
Liane
Lias
Lidia
Lidija
Lieselotte
Lijana
Lila
Lili
Lilia
Lilian
Liliana
Liliane
Lilianne
Lilli
Lilly
Lilou
Lily
Lina
Linard
Linda
Lindita
Line
Linn
Lino
Linus
Lio
Lion
Lionel
Liridon
Liridona
Lirije
Lirim
Lisa
Lisabeth
Lisbeth
Lise
Liselotte
Lisette
Liv
Livia
Livio
Liya
Liza
Ljiljana
Ljubica
Ljubinka
Ljubisa
Loan
Loane
Lobsang
Logan
Loïc
Loïs
Lola
Lora
Lore
Loredana
Lorella
Lorena
Lorenz
Lorenza
Lorenzo
Loretta
Lorian
Lorik
Lorin
Lorina
Loris
Lorraine
Lothar
Lotta
Lotte
Lotti
Lotty
Lou
Louane
Louis
Louisa
Louise
Lourdes
Luan
Luana
Luc
Luca
Lucas
Lucca
Luce
Lucette
Lucia
Lúcia
Lucian
Luciana
Luciano
Lucie
Lucien
Lucienne
Lucija
Lucile
Lucinda
Lucio
Lucrezia
Lucy
Ludivine
Ludmila
Ludmilla
Ludovic
Ludovica
Ludwig
Luigi
Luigia
Luigina
Luis
Luís
Luisa
Luise
Luiz
Luiza
Luka
Lukas
Lukasz
Luke
Luljeta
Luljete
Lulzim
Lumnije
Lumturije
Luna
Lutz
Luz
Luzia
Luzius
Lya
Lydia
Lydie
Lynn
Lysiane
Maciej
Madalena
Maddalena
Madeleine
Madeline
Madlaina
Madlen
Maé
Mael
Maël
Maelle
Maëlle
Maeva
Maéva
Mafalda
Magali
Magalie
Magda
Magdalena
Magnus
Mahdi
Mahir
Mahmoud
Mahmut
Maia
Maik
Maike
Maila
Maira
Maja
Majlinda
Maksim
Malea
Malek
Malena
Malgorzata
Malia
Malik
Malika
Malin
Malina
Malou
Malte
Mamadou
Manda
Mandy
Manfred
Manon
Manuel
Manuela
Manuele
Mara
Marc
Marc-André
Marcel
Marcela
Marceline
Marcella
Marcelle
Marcello
Marcelo
Marcia
Márcia
Marcin
Marcio
Márcio
Marco
Marcos
Marcus
Mareike
Marek
Maren
Margaret
Margareta
Margarete
Margaretha
Margarethe
Margarida
Margarita
Margaritha
Margaux
Margherita
Margit
Margot
Margret
Margreth
Margrit
Margrith
Marguerite
Maria
Mária
María
Mariam
Marian
Mariana
Mariangela
Mariann
Marianna
Marianne
Mariano
Marica
Marie
Marie-Anne
Marie-Antoinette
Marie-Christine
Marie-Claire
Marie-Claude
Marie-France
Marie-Françoise
Marie-Hélène
Marie-Jeanne
Marie-José
Marie-Josée
Marie-Laure
Mariella
Marielle
Marie-Louise
Marie-Luise
Marie-Madeleine
Marie-Noëlle
Marie-Paule
Marie-Pierre
Marie-Rose
Marie-Theres
Marie-Therese
Marie-Thérèse
Marietta
Mariette
Marigona
Marija
Marijan
Marijana
Marika
Marilena
Marilyn
Marilyne
Marin
Marina
Marine
Marinella
Marinette
Marinko
Marino
Mario
Mário
Marion
Marisa
Marisol
Marita
Marius
Mariusz
Mariya
Marjan
Marjorie
Mark
Marko
Markus
Marla
Marlen
Marlene
Marlène
Marlies
Marliese
Marlis
Marlise
Marlon
Marlyse
Marta
Martha
Marthe
Martial
Martim
Martin
Martina
Martine
Martino
Marvin
Marwan
Mary
Maryam
Marylène
Maryline
Maryna
Maryse
Marzia
Marzio
Mascha
Massimiliano
Massimo
Matea
Matej
Mateja
Mateo
Mateusz
Mathéo
Mathias
Mathieu
Mathilda
Mathilde
Mathis
Mathys
Matias
Matija
Matilda
Matilde
Mato
Mats
Matteo
Mattéo
Matthew
Matthias
Matthieu
Matti
Mattia
Mattias
Mattis
Maud
Maude
Maura
Maureen
Maurice
Mauricio
Maurin
Maurizio
Mauro
Maurus
Max
Maxence
Maxim
Maxime
Maximilian
Maximilien
Maxine
May
Maya
Mayla
Mayra
Medea
Medina
Megan
Mégane
Mehdi
Mehmed
Mehmet
Meike
Meinrad
Mejreme
Melani
Melania
Melanie
Mélanie
Melchior
Melek
Meliha
Melina
Mélina
Melinda
Méline
Melis
Melisa
Melissa
Mélissa
Mélodie
Melody
Melvin
Memet
Mensur
Mentor
Meral
Mercedes
Meret
Mergim
Merhawi
Meriem
Merita
Meriton
Merlin
Meron
Mert
Merve
Meryem
Mesut
Meta
Metin
Mia
Micael
Micaela
Micha
Michael
Michaël
Michaela
Michal
Michel
Michela
Michelangelo
Michele
Michèle
Michelina
Micheline
Michelle
Mickael
Mickaël
Miguel
Mihaela
Mihajlo
Mika
Mikael
Mikaël
Mikail
Mike
Mikhail
Mila
Milagros
Milaim
Milan
Milanka
Mile
Milena
Milenko
Milica
Milka
Milla
Milo
Milorad
Milos
Milovan
Mimoza
Mina
Minh
Minire
Miodrag
Mira
Miradije
Miran
Miranda
Mirco
Mireille
Mirela
Mirella
Miriam
Mirja
Mirjam
Mirjana
Mirjeta
Mirko
Mirlinda
Miro
Miroslav
Miroslava
Mirsad
Mirsada
Mirta
Mirvete
Miryam
Mirza
Mischa
Mladen
Moana
Mohamad
Mohamed
Mohammad
Mohammed
Moira
Mona
Monia
Monica
Mónica
Monika
Monique
Monja
Montserrat
Morena
Moreno
Morgan
Morgane
Moritz
Morris
Mostafa
Mouna
Mourad
Muhamed
Muhamet
Muhammad
Muhammed
Muharem
Muharrem
Murat
Muriel
Murielle
Musa
Mussie
Mustafa
Mustapha
My
Mya
Mylène
Myriam
Myrta
Myrtha
Nabil
Nada
Nadège
Nadezda
Nadia
Nadin
Nadine
Nadir
Nadja
Nael
Naël
Naemi
Nafije
Naila
Naim
Naima
Naïma
Nancy
Nando
Naomi
Naser
Natacha
Natale
Natalia
Natália
Natalie
Natalija
Natalina
Nataliya
Natan
Natasa
Natascha
Natascia
Natasha
Nathalie
Nathan
Nathanael
Nathanaël
Naya
Nayla
Nazim
Nazlije
Nazmi
Nazmije
Neal
Nebojsa
Nedeljko
Nedim
Nehat
Neil
Nejla
Nela
Nele
Nelia
Nelio
Nella
Nelli
Nelly
Nelson
Nemanja
Nenad
Nerea
Nermin
Nermina
Nesrin
Neva
Nevena
Nevenka
Nevin
Nevio
Nexhat
Nexhmije
Nezir
Ngoc
Nic
Niccolò
Nicholas
Nick
Niclas
Nico
Nicola
Nicolai
Nicolas
Nicole
Nicoletta
Nicolina
Nicolo
Nicolò
Niels
Nik
Nikita
Niklas
Niklaus
Niko
Nikola
Nikolai
Nikolaos
Nikolas
Nikolaus
Nikolina
Nila
Nilo
Nils
Nina
Nino
Nisa
Nives
Noa
Noah
Noam
Noar
Noe
Noé
Noée
Noel
Noël
Noelia
Noélie
Noelle
Noëlle
Noemi
Noémi
Noëmi
Noemie
Noémie
Nolan
Nora
Norah
Norbert
Norberto
Norina
Norma
Norman
Nour
Noura
Novica
Numa
Nuno
Nunzio
Nuran
Nuri
Nuria
Nurije
Océane
Odette
Odile
Oksana
Olaf
Oleg
Olena
Olga
Olinda
Oliver
Olivera
Olivia
Olivier
Omar
Omer
Ömer
Onur
Ophélie
Orazio
Orhan
Oriana
Oriane
Orlando
Ornella
Oscar
Oskar
Osman
Osvaldo
Oswald
Othmar
Otmar
Ottilia
Ottilie
Otto
Owen
Oxana
Ozan
Özgür
Özlem
Pablo
Pal
Palmira
Paloma
Pamela
Panagiotis
Paola
Paolo
Pascal
Pascale
Pasquale
Pasqualina
Patric
Patrice
Patricia
Patrícia
Patrick
Patrik
Patrizia
Patrizio
Paul
Paula
Paulette
Paulina
Pauline
Paulo
Pavel
Pawel
Pedro
Peggy
Pema
Penelope
Per
Pero
Perrine
Petar
Peter
Péter
Petr
Petra
Petrit
Phil
Philip
Philipp
Philippe
Phillip
Philomena
Pia
Pier
Piera
Pierina
Pierino
Pierluigi
Piero
Pierre
Pierre-Alain
Pierre-André
Pierrette
Pierre-Yves
Pierrick
Pieter
Pietro
Pilar
Pinar
Pio
Piotr
Pirmin
Pius
Polina
Pranvera
Predrag
Prisca
Priscilla
Priska
Qendresa
Qendrim
Quentin
Quirin
Quoc
Rabia
Rachel
Rachele
Rachid
Rachida
Rada
Rade
Radmila
Radojka
Radomir
Radovan
Rafael
Rafaela
Rafal
Raffael
Raffaela
Raffaele
Raffaella
Rahel
Rahim
Raimund
Rainer
Rajana
Ralf
Ralph
Ramadan
Ramazan
Rami
Ramiro
Ramiz
Ramize
Ramon
Ramón
Ramona
Rana
Randy
Rania
Raoul
Raphael
Raphaël
Raphaela
Raquel
Rasim
Raul
Raúl
Rayan
Raymond
Raymonde
Rea
Rebeca
Rebecca
Rebekka
Refik
Regina
Regine
Régine
Régis
Regula
Reiner
Reinhard
Reinhold
Rémi
Remo
Remy
Rémy
Remzi
Remzije
Renata
Renate
Renato
Renaud
Rene
René
Renée
Renzo
Resmije
Reto
Rexhep
Reza
Rhea
Ria
Riad
Rian
Riana
Ricarda
Ricardo
Riccarda
Riccardo
Richard
Rico
Ridvan
Rifat
Rilind
Rim
Rina
Rinaldo
Rinesa
Rino
Rinor
Rion
Rita
Riza
Robel
Robert
Roberta
Roberto
Robin
Rocco
Rocio
Rodolfo
Rodolphe
Rodrigo
Roger
Rogério
Roland
Rolande
Rolando
Rolf
Romain
Romaine
Roman
Romana
Romane
Romano
Romeo
Roméo
Romina
Romy
Ron
Rona
Ronald
Roni
Ronja
Ronnie
Ronny
Rosa
Rosalba
Rosalia
Rosalie
Rosalina
Rosana
Rosangela
Rosanna
Rosaria
Rosario
Rose
Roseline
Roselyne
Rosemarie
Rose-Marie
Rosemary
Rosetta
Rosette
Rosina
Rosita
Rosmarie
Rossana
Rossella
Roswitha
Rouven
Roxana
Roxane
Roxanne
Roy
Ruben
Rúben
Ruby
Rüdiger
Rudolf
Ruedi
Rui
Rute
Ruth
Ruza
Ruzica
Ryan
Saba
Saban
Sabina
Sabine
Sabit
Sabri
Sabrije
Sabrina
Sacha
Sadije
Sadik
Sadri
Safet
Safete
Sahra
Said
Salah
Sali
Salih
Saliha
Salim
Sally
Salma
Salman
Salome
Salomé
Salvador
Salvatore
Sam
Samanta
Samantha
Samara
Samet
Sami
Samia
Samir
Samira
Samuel
Samuele
Samy
Sana
Sandor
Sandra
Sandrina
Sandrine
Sandro
Sandy
Sanel
Sanela
Sanije
Sanja
Santa
Santiago
Santina
Santino
Santo
Sara
Sarah
Saranda
Sarina
Sasa
Sascha
Sasha
Saskia
Saverio
Sayed
Scarlett
Scott
Sead
Sean
Sebastian
Sebastiano
Sebastien
Sébastien
Sedat
Selam
Selena
Selim
Selin
Selina
Seline
Selma
Selver
Selvete
Selvije
Sema
Semih
Semir
Semira
Semra
Sena
Senad
Senada
Senait
Serafin
Serafina
Seraina
Serdar
Sereina
Serena
Serge
Sergej
Sergey
Sergio
Sérgio
Serhat
Serkan
Serpil
Sevda
Sevdije
Severin
Severina
Severine
Séverine
Severino
Sevgi
Sevim
Shaban
Shana
Shane
Shania
Shannon
Sharon
Sheila
Sherif
Sheryl
Shirin
Shirley
Shkelzen
Shkurte
Shpend
Shpresa
Shqipe
Shukri
Shukrije
Sibel
Sibylle
Sidney
Sidonie
Siegfried
Sieglinde
Sienna
Sigrid
Silas
Silja
Silke
Silva
Silvan
Silvana
Silvano
Silvia
Sílvia
Silvio
Simão
Simea
Simeon
Simon
Simona
Simone
Simonetta
Sina
Sinan
Sindy
Sinem
Sinisa
Siria
Siro
Skender
Sladana
Sladjana
Slavica
Slavisa
Slavko
Slobodan
Slobodanka
Snezana
Snjezana
Sofia
Sofie
Sofija
Sokol
Solange
Solène
Solomon
Sonam
Songül
Sonia
Sónia
Sonja
Sonya
Sophia
Sophie
Soraia
Soraya
Souad
Srdjan
Stana
Stanislas
Stanislav
Steeve
Stefan
Stefania
Stefanie
Stefano
Steffen
Steffi
Stella
Stephan
Stephane
Stéphane
Stephanie
Stéphanie
Stephen
Stevan
Steve
Stève
Steven
Stjepan
Stojan
Suad
Suada
Suela
Sulejman
Süleyman
Sultan
Sumeja
Susan
Susana
Susann
Susanna
Susanne
Susi
Susy
Suzan
Suzana
Suzanne
Svea
Sven
Svenja
Svetlana
Svitlana
Svjetlana
Swen
Sybille
Sydney
Sylvain
Sylvette
Sylvia
Sylviane
Sylvie
Sylwia
Szilvia
Tabea
Taha
Tahir
Talia
Tamara
Tamás
Tanguy
Tania
Tânia
Tanja
Tanya
Tara
Tarek
Tarik
Tashi
Tatiana
Tatjana
Taulant
Tea
Telma
Telmo
Tenzin
Teo
Téo
Teodor
Teodora
Teresa
Tereza
Terry
Tess
Tessa
Tetyana
Teuta
Thaïs
Thalia
Thanh
Thea
Théa
Theo
Théo
Theodor
Theodora
Théodore
Theophil
Theres
Theresa
Therese
Thérèse
Theresia
Thi
Thiago
Thibaud
Thibault
Thibaut
Thierry
Thilo
Thomas
Thorsten
Thuy
Tiago
Tiana
Tiara
Tibor
Tiffany
Tijana
Til
Till
Tim
Timea
Timeo
Timéo
Timo
Timon
Timothé
Timothée
Timothy
Timur
Tina
Tino
Titus
Tizian
Tiziana
Tiziano
Tobia
Tobias
Tolga
Tom
Tomas
Tomás
Tomasz
Tomislav
Tommaso
Tommy
Toni
Tony
Torsten
Tosca
Traugott
Tristan
Trudi
Trudy
Tsering
Tuana
Tugba
Tülay
Türkan
Tyler
Udo
Ueli
Ugo
Ugur
Ulf
Ulla
Ulrich
Ulrike
Ulysse
Uma
Umberto
Ümit
Umut
Urban
Urim
Urs
Ursin
Ursina
Ursula
Ursus
Uta
Ute
Uwe
Vadim
Valbona
Valbone
Valdet
Valdete
Valdrin
Valentin
Valentina
Valentine
Valentino
Valeria
Valerie
Valérie
Valerio
Valmir
Valon
Valter
Van
Vanda
Vanesa
Vanessa
Vania
Vânia
Vanja
Vasco
Vasiliki
Vedat
Veli
Veljko
Venera
Vera
Verena
Vérène
Verica
Veronica
Veronika
Veronique
Véronique
Vesna
Veton
Vicente
Vicky
Victor
Victoria
Vida
Viktor
Viktoria
Viktorija
Vilma
Vincent
Vincenza
Vincenzo
Vinzenz
Viola
Violeta
Violetta
Violette
Virgilio
Virginia
Virginie
Visar
Vita
Vital
Vito
Vitor
Vítor
Vittoria
Vittorio
Vitus
Vivian
Viviana
Viviane
Vivien
Vivienne
Vjollca
Vladan
Vladimir
Vlado
Vlora
Volkan
Volker
Vreneli
Vreni
Walburga
Waldemar
Walid
Walter
Waltraud
Wanda
Wendelin
Wendy
Werner
Wilfried
Wilhelm
Wilhelmina
Willem
Willi
William
Willy
Wilma
Wilson
Winfried
Wojciech
Wolfgang
Wolfram
Xaver
Xavier
Xenia
Xhemile
Xhevat
Xhevdet
Yael
Yaël
Yan
Yana
Yanic
Yanick
Yanik
Yanis
Yann
Yannic
Yannick
Yannik
Yannis
Yara
Yasar
Yasemin
Yasin
Yasmin
Yasmina
Yasmine
Yassin
Yassine
Yi
Yilmaz
Ylenia
Yoan
Yoann
Yohan
Yohannes
Yolanda
Yolande
Yonas
Yordanos
Younes
Youssef
Yulia
Yuliya
Yuna
Yunus
Yuri
Yusuf
Yvan
Yves
Yvette
Yvon
Yvonne
Zachary
Zahra
Zakaria
Zana
Zara
Zdenka
Zdravko
Zef
Zehra
Zélie
Zeliha
Zeljka
Zeljko
Zeno
Zeynep
Zita
Zlata
Zlatko
Zoe
Zoé
Zoë
Zohra
Zoja
Zoltan
Zoltán
Zora
Zoran
Zorica
Zsolt
Zsuzsanna
Zuzana
