Geo Sentinel
NKBS Ed
Lambert-Eaton
Lambert Eaton
Ärztliche Leitung
Ärztlicher Dienst
Dr. Wild & Co
Edwards Magna
St. Moritz
St Moritz
E.Coli
E. Coli
E Coli
Los Angeles
Los-Angeles
Cat OP OD
Cat OP
ASAHI Gaia
Sion Blue
Robin-Virchow
Robin Virchow
Da Vinci
Item
Ak
CT
MR
Chronic
Medtronic
B. Gang
B.Gang
M. Paget
M.Paget
Li. Stumpf
Li.Stumpf
Carina tracheae
der Carina
die Carina
bis Carina
Cimino-Shunt
Cimino Shunt
Li-Re
Li Re
RV Druck
RA Druck
Ground-Glass
Ground Glass
Spina scapulae
der Spina
die Spina
Harms Fusion
Harms-Fusion
nach Harms
Pozzi-Schema
Pozzi Schema
Savary Miller
Savary-Miller
die Dura
der Dura
Stütz- und Bewegungsapparat
On April
Alonso Typ
Herz-Kreislauf
Herz - Kreislauf
Herz und Kreislauf
Herz Kreislauf
- Spiegel
Mund- Kiefer
Mo-Mi-Fr
Mo - Mi - Fr
Mo / Mi / Fr
Di - Do - Sa
Di / Do / Sa
Di/Do
Di / Do
Anti-Mi
Anti Mi
Vi-De
Vi De
Do, Sa
Pat. nicht bekannt
nicht bekannt Pat.
über Erb
Rea:
Gamma-Nagel
Gamma - Nagel
II
III
Roux-Magenbypass
Roux - Magenbypass
M. Bowen
M. Scheuermann
End - zu - End
End-zu-End
Edwards Perimount
Hailey-Hailey
Anti-Jo
Na Braun
Chin-tuck
Chin Tuck
Spitz-Stumpf
Bowen Hand
St. Jude
AV Block
Edward Sapien
Edwards Sapien
Forrest Ib
Mallory-Weiss
Mallory - Weiss
McCarthy-Adams
McCarthy - Adams
B. Fieber
R. Fieber
GK Strang
M. Wilson
M. Parkinson
Codman Hakim
Mehl, Reis
Mo Kon
Aldara Creme
Beck Angst
Vena Cava
Mallory Denk
konnte nicht abgeklärt werden
nicht bekannt
null
Gamma-Herpes-Viren
Gamma - Herpes - Viren
Leigh - Syndrom
Leigh-Syndrom