Abächerli
Abaci
Abad
Abate
Abazi
Abbas
Abbate
Abbühl
Abdalla
Abdallah
Abderhalden
Abdi
Abdija
Abdiji
Abdirahman
Abdiu
Abdul
Abdulahi
Abdulai
Abduli
Abdulkadir
Abdulla
Abdullah
Abdullahi
Abegg
Abegglen
Abel
Abgottspon
Abplanalp
Abraham
Abrecht
Abt
Abukar
Acar
Accardi
Achermann
Acikgöz
Acker
Ackeret
Ackermann
Ackle
Acklin
Adam
Adamo
Adamovic
Adams
Adank
Ademaj
Ademi
Adili
Adilovic
Adler
Adrian
Aeberhard
Aeberli
Aebersold
Aebi
Aebischer
Aebli
Aeby
Aegerter
Aellen
Aellig
Aemisegger
Aepli
Aeppli
Aerne
Aerni
Aeschbach
Aeschbacher
Aeschimann
Aeschlimann
Affeltranger
Affentranger
Affolter
Afonso
Aga
Agaj
Agarwal
Agazzi
Aggeler
Agosti
Agostini
Agresta
Aguilar
Agushi
Agustoni
Ahmad
Ahmadi
Ahmed
Ahmedi
Ahmed Mohamed
Ahmetaj
Ahmeti
Ahmetovic
Ahrens
Aiello
Aigner
Ajazi
Ajdari
Ajdarpasic
Ajdini
Ajeti
Ajredini
Ajro
Ajruli
Ajvazaj
Ajvazi
Ak
Akar
Akarsu
Akbas
Akbulut
Akca
Akcay
Akdemir
Akdeniz
Akeret
Akermann
Akgül
Akgün
Akhtar
Akiki
Akin
Akinci
Akkaya
Akman
Akpinar
Akram
Aksoy
Aksu
Aktas
Akter
Akyol
Alaj
Alam
Alameri
Alan
Albanese
Alber
Albers
Albert
Alberti
Albertin
Albertini
Albicker
Albiez
Albin
Albisetti
Albisser
Albon
Albrecht
Alder
Aleksic
Alessi
Alex
Alexander
Alfano
Alfare
Alge
Ali
Aliaj
Alic
Aliesch
Alig
Alija
Alijaj
Alijevic
Aliji
Alili
Alimi
Aliti
Aliu
Aljiji
Aljilji
Alkan
Allemann
Allen
Allenbach
Allenspach
Allgaier
Almeida
Almer
Al Nuaimi
Alonso
Alpiger
Alt
Altay
Altenburger
Altermatt
Al Thani
Althaus
Alther
Altherr
Altieri
Altin
Altinok
Altintas
Altmann
Altorfer
Altun
Altwegg
Alusi
Alvarez
Alves
Amacher
Amacker
Amado
Amann
Amato
Ambass
Ambauen
Amberg
Ambord
Ambrosini
Ambrosio
Ambuehl
Ambühl
Amendola
Ameti
Amgwerd
Amherd
Amhof
Amico
Amidi
Amiet
Amin
Amini
Amir
Amiri
Amiti
Amman
Ammann
Ammon
Amon
Amoroso
Amport
Amrein
Amrhein
Amsler
Amstad
Amstutz
Amweg
Amzai
Anand
Andelic
Andenmatten
Anderau
Anderegg
Andereggen
Anderes
Anderhalden
Anderhub
Andermatt
Anders
Andersen
Anderson
Andersson
Andjelic
Andjelkovic
Andrade
Andre
Andreoli
Andres
Andrey
Andri
Andric
Andrist
Angehrn
Angele
Angelini
Angerer
Angst
Angstmann
Anhorn
Anicic
Anker
Anklin
Anliker
Annaheim
Anneler
Annen
Anner
Anrig
Anselmi
Antal
Antenen
Antener
Anthamatten
Anthony
Antic
Anton
Antonelli
Antoniadis
Antonini
Antonucci
Antunes
Apaydin
A Porta
Appel
Appenzeller
Appert
Appiah
Aras
Araujo
Araya
Arbenz
Arber
Archidiacono
Arcidiacono
Ardüser
Aregger
Arena
Arendt
Ariano
Arias
Arif
Arifaj
Arifi
Arik
Arikan
Arioli
Arm
Arman
Armbruster
Armstrong
Arn
Arndt
Arnet
Arni
Arnold
Arora
Arpagaus
Arquint
Arrigo
Arrigoni
Arsic
Arslan
Arslani
Arter
Artho
Arumugam
Arunasalam
Asani
Asanin
Aschmann
Aschwanden
Asipi
Aslan
Aslani
Asllani
Asper
Assaf
Assmann
Ast
Atak
Atalay
Atay
Ates
Atilgan
Atmaca
Attanasio
Attenhofer
Attiger
Attinger
Aubert
Aubry
Auchli
Auderset
Auer
Auerbach
Auf der Mauer
Auf der Maur
Augsburger
Augustin
Augusto
Auinger
Aus der Au
Avantaggiato
Avci
Avdic
Avdija
Avdiji
Avdili
Avdilji
Avdiu
Avdyli
Aventaggiato
Aversa
Avramovic
Avsar
Awad
Ay
Ayaz
Aydemir
Aydin
Aydinoglu
Aydogan
Aydogdu
Ayer
Ayhan
Ayoub
Azemi
Azevedo
Aziri
Aziz
Azizi
Azzarito
Azzato
Babic
Bäbler
Baccaro
Bacchini
Bach
Bacher
Bächer
Bächi
Bächinger
Bächler
Bächli
Bachmann
Bachofen
Bachofner
Bächtiger
Bächtold
Back
Badalli
Bader
Badertscher
Badoglu
Baebler
Baechi
Baechler
Baechli
Baechtold
Baehler
Baenninger
Baenziger
Baer
Baeriswyl
Baerlocher
Baertsch
Baertschi
Baettig
Bagaric
Bagci
Baggenstos
Baggenstoss
Bäggli
Baglivo
Bah
Bähler
Bai
Baier
Baiker
Bailey
Bajic
Bajra
Bajraj
Bajraktari
Bajrami
Bajramovic
Baker
Baki
Bakiji
Bakir
Bakirci
Bakker
Bakolli
Bal
Bala
Balaban
Balaj
Balakrishnan
Balasingam
Balasubramaniam
Balazs
Balci
Baldauf
Balde
Baldi
Baldinger
Baldini
Balduzzi
Balestra
Balint
Baljak
Ball
Ballerini
Ballinari
Ballmann
Ballmer
Bally
Balmelli
Balmer
Balog
Balogh
Balsiger
Balta
Baltensberger
Baltensperger
Baltic
Baltisberger
Baltisser
Balzano
Balzarini
Balzer
Bamberger
Bamert
Bammatter
Bammert
Bandi
Banerjee
Bangerter
Banholzer
Bäni
Bänninger
Bannwart
Bänteli
Bantli
Banz
Banzer
Bänziger
Bapst
Baptista
Bär
Barac
Baracchi
Barakat
Baran
Barandun
Baratovic
Barbato
Barben
Barbera
Barberio
Barbey
Barbier
Barbieri
Barblan
Barbosa
Bardill
Bärfuss
Bargetzi
Barisic
Barletta
Bärlocher
Barman
Barmet
Barmettler
Barnes
Barnett
Baron
Barone
Baroni
Barras
Barraud
Barreiro
Barros
Barroso
Barry
Bart
Bartels
Barth
Barthel
Bartholdi
Bartholet
Barton
Bartsch
Bärtsch
Bärtschi
Baruffol
Barukcic
Bas
Baschung
Baselgia
Basha
Bashir
Basic
Basile
Baskaran
Basler
Bass
Bassi
Basso
Bastian
Batista
Batliner
Bätscher
Bätschmann
Battaglia
Bättig
Battistella
Battistini
Bauder
Bauer
Bauert
Bauhofer
Baum
Baumann
Baumberger
Baumeister
Baumeler
Baumer
Baumgart
Baumgartner
Baumgärtner
Baumli
Baur
Bausch
Bay
Bayar
Bayard
Bayer
Bayrak
Bayraktar
Bayram
Baysal
Bazzi
Beadini
Bearth
Bebi
Bebie
Beccarelli
Becher
Bechtel
Bechter
Bechtiger
Bechtold
Beciri
Becirovic
Beck
Becker
Beckmann
Bednar
Bedzeti
Bee
Beeler
Beeli
Beer
Beereuter
Beerli
Beetschen
Beffa
Begert
Begic
Beglinger
Begum
Behluli
Behr
Behrendt
Behrens
Behringer
Beier
Beiner
Beka
Bekaj
Bekiri
Bekjiri
Bektas
Bekteshi
Belic
Bell
Beller
Bellini
Bellmont
Bello
Belloni
Bellwald
Belotti
Belperio
Belser
Beltrame
Beltrami
Beluli
Belz
Bendel
Bender
Benedetti
Benedetto
Benes
Benjamin
Benker
Benkert
Bennett
Benninger
Benoit
Bentele
Benvenuti
Benz
Benzoni
Beqiraj
Beqiri
Berardi
Berchten
Berchtold
Beretta
Berg
Bergamin
Berger
Berglas
Bergmann
Berhane
Berhe
Beringer
Berini
Berisa
Berisha
Berli
Berliat
Berlinger
Bernal
Bernard
Bernardi
Bernardini
Bernardo
Bernasconi
Bernath
Bernauer
Berndt
Bernegger
Berner
Bernet
Bernhard
Bernhardsgrütter
Bernhardt
Bernhart
Bernheim
Berni
Bernold
Bernoulli
Bernsohn
Bernstein
Berra
Berri
Berry
Berset
Bersier
Berta
Berther
Berthold
Berthoud
Berti
Bertini
Bertogg
Bertoli
Bertolini
Bertozzi
Bertsch
Bertschi
Bertschinger
Bertschy
Berweger
Berwert
Berz
Besic
Besmer
Besomi
Besson
Beti
Betschard
Betschart
Betschmann
Betti
Bettini
Bettio
Bettoni
Bettschart
Bettschen
Betz
Beuchat
Beugger
Beuggert
Beuret
Beusch
Beutler
Bevilacqua
Beyeler
Beyer
Bezzola
Bhatti
Bhend
Bhuiyan
Biaggi
Biagini
Bianchera
Bianchetti
Bianchi
Bianchini
Bianco
Biasca
Biasco
Biasio
Bibaj
Biber
Bicer
Bichler
Bichsel
Bickel
Bicker
Bider
Bieber
Biedermann
Biefer
Biel
Bieler
Bieli
Bielmann
Bienz
Bieri
Biermann
Bietenhader
Bietenholz
Biffiger
Bigger
Bigler
Bijelic
Bilal
Bilali
Biland
Bilen
Bilger
Bilgin
Bilic
Biljali
Bill
Biller
Billeter
Bilotta
Binda
Binder
Bindschädler
Bindschedler
Biner
Binggeli
Bingisser
Binkert
Binswanger
Binz
Binzegger
Biondi
Bircher
Birchler
Birchmeier
Biri
Birk
Biro
Birrer
Birri
Bisang
Bisaz
Bischof
Bischofberger
Bischoff
Bisig
Bislimi
Bislin
Bissegger
Bissig
Bitonti
Bitschnau
Bittel
Bitter
Bitterli
Bitterlin
Bittner
Bitzer
Bitzi
Bizzozero
Blaas
Black
Blaettler
Blagojevic
Blanc
Blanchard
Blanco
Blank
Blarer
Blaser
Blasi
Bläsi
Blass
Blatter
Blatti
Blättler
Blattmann
Blattner
Bläuer
Blazevic
Bleichenbacher
Bleiker
Bleisch
Blesi
Bless
Blessing
Bleuer
Bleuler
Blickenstorfer
Bliggensdorfer
Bliggenstorfer
Blindenbacher
Bllaca
Bloch
Blocher
Blöchliger
Blöchlinger
Bloechliger
Bloechlinger
Blom
Blum
Blume
Blumenthal
Blumer
Blunier
Blunschi
Boateng
Bobst
Bochicchio
Bochsler
Bock
Böckli
Bode
Bodenmann
Bodmer
Bodo
Boeckli
Boegli
Boehi
Boehler
Boehm
Boelsterli
Boeni
Boesch
Boeschenstein
Boesiger
Boffa
Bogdan
Bogdanovic
Bögli
Bogo
Bogojevic
Böhi
Bohl
Böhlen
Bohler
Böhler
Bohli
Böhm
Böhme
Bohn
Bohnenblust
Bohner
Böhni
Bohren
Bohrer
Böhringer
Boillat
Bojanic
Bojic
Bolat
Boldini
Bolfing
Bolinger
Boll
Bollag
Bolle
Boller
Bolleter
Bollhalder
Bolli
Bollier
Bolliger
Bollinger
Bollmann
Bölsterli
Bolt
Boltshauser
Bolz
Bommeli
Bommer
Bon
Bonanno
Bonato
Bonderer
Bondolfi
Bonelli
Boner
Bonetti
Bongiovanni
Böni
Bonifazi
Böniger
Bonjour
Bonnet
Bono
Bonomi
Bonomo
Bont
Bonvin
Boog
Boos
Bopp
Boppart
Bora
Bordin
Bordoni
Borel
Borelli
Borer
Borges
Borgia
Born
Bornand
Borner
Börner
Bornhauser
Boros
Borrelli
Borter
Bortis
Bortoluzzi
Bosch
Bösch
Boschetti
Boschi
Boschung
Bosco
Bösiger
Bosio
Boskovic
Bosnjak
Boss
Bossard
Bossart
Bossert
Bosshard
Bosshardt
Bosshart
Bossi
Both
Botrugno
Bötschi
Bott
Botta
Böttcher
Böttger
Botti
Bottinelli
Bottlang
Boulad
Bourquin
Boutellier
Bouvard
Bove
Bovino
Boxler
Boyraz
Boz
Bozic
Bozkurt
Bozovic
Bozzini
Bracher
Brack
Bradley
Braegger
Braem
Braendle
Braendli
Brägger
Brahimi
Bräker
Bräm
Branca
Brand
Brandeis
Brandenberg
Brandenberger
Brander
Brandes
Brandl
Brändle
Brändli
Brandner
Brandstetter
Brandt
Brankovic
Brantschen
Braschler
Brassel
Brasser
Bratschi
Brauchli
Braun
Braunschweig
Braunschweiler
Braunwalder
Bravo
Brawand
Brazerol
Brechbuehl
Brechbühl
Brechbühler
Breda
Bregenzer
Bregy
Brehm
Breitenmoser
Breitenstein
Breiter
Breitler
Breitschmid
Brem
Bremer
Brendle
Brenn
Brenner
Brennwald
Bressan
Bressi
Bretscher
Breu
Breuer
Breuss
Brigger
Briner
Bringolf
Brinkmann
Britschgi
Britt
Brkic
Brocca
Brockmann
Brodbeck
Broder
Brodmann
Broennimann
Broger
Broggi
Broggini
Brogle
Brogli
Bron
Brönnimann
Brooks
Brosi
Brotschi
Brotzer
Brouwer
Brown
Brücker
Bruckner
Brückner
Bruder
Bruderer
Brüderlin
Bruegger
Bruehlmann
Bruehwiler
Bruelhart
Bruelisauer
Bruengger
Brüesch
Brueschweiler
Bruetsch
Brugger
Brügger
Bruggisser
Bruggmann
Bruhin
Brühlmann
Brühlmeier
Brühwiler
Brülhart
Brülisauer
Brüllhardt
Brüllmann
Brumann
Brun
Bründler
Brunelli
Brunetti
Brüngger
Brunhart
Bruni
Brunner
Brunnschweiler
Bruno
Brunold
Bruns
Brunschweiler
Brunschwiler
Brupbacher
Bruppacher
Brusa
Brüschweiler
Brütsch
Bryner
Buccarella
Buch
Buchegger
Büchel
Bücheler
Bucheli
Bucher
Buchholz
Büchi
Büchler
Buchli
Büchli
Buchmann
Buchmeier
Buchmüller
Büchner
Buchs
Buchschacher
Buchser
Buchter
Buchwalder
Buck
Budak
Buechel
Buecheler
Buechi
Buechler
Bueeler
Buehler
Buehlmann
Buehrer
Büeler
Buenter
Buenzli
Buerge
Buergi
Buergin
Buergisser
Buergler
Buerki
Buerkler
Buerkli
Buess
Buesser
Buetikofer
Buetler
Buff
Bugmann
Buhl
Bühler
Bühlmann
Buholzer
Bührer
Bui
Bulatovic
Bülbül
Bulgheroni
Buljubasic
Bulut
Bumann
Bumbacher
Bundi
Buner
Bunjaku
Bünter
Buntschu
Bünül
Bünzli
Buob
Buol
Bur
Burch
Burckhardt
Bürer
Burg
Burgdorfer
Bürge
Burgener
Burger
Burgermeister
Burgherr
Bürgi
Bürgin
Bürgisser
Bürgler
Burgos
Burgstaller
Burgunder
Buri
Burkard
Burkart
Burke
Burkhalter
Burkhard
Burkhardt
Burkhart
Burki
Bürki
Bürkler
Bürkli
Burla
Burlet
Bürli
Burn
Burren
Burri
Burtscher
Busch
Büsch
Buschauer
Büschlen
Buschor
Busenhart
Buser
Bushati
Busin
Businger
Buss
Busse
Büsser
Bussinger
Busslinger
Bussmann
Bütikofer
Butler
Bütler
Butt
Butti
Büttiker
Büttner
Butz
Bützberger
Buzhala
Buzzi
Byland
Bytyqi
Caballero
Cabalzar
Cabrera
Cacaj
Caccia
Cadalbert
Caderas
Cadisch
Cadonau
Cadosch
Cadruvi
Caduff
Caflisch
Caggiano
Cagienard
Caglak
Caglar
Cahenzli
Cai
Cajacob
Cajochen
Cakir
Cakolli
Cal
Calabrese
Calabro
Calderon
Calderone
Caliskan
Callegari
Calo
Calonder
Caluori
Calvo
Cam
Camara
Camastral
Camathias
Camenisch
Camenzind
Caminada
Cammisa
Campa
Campagna
Campana
Campanella
Campanile
Campbell
Campell
Campigotto
Campisi
Camponovo
Campos
Can
Canaj
Canal
Candinas
Candreia
Candrian
Canepa
Cannizzaro
Cano
Canonica
Canova
Cantieni
Cantoni
Cao
Capan
Capasso
Capaul
Capeder
Capelli
Caplazi
Capol
Capone
Caponio
Cappello
Cappilli
Capraro
Caprez
Caputo
Caracciolo
Carangelo
Caratsch
Caravatti
Carbone
Cardinale
Cardoso
Carigiet
Carisch
Carl
Carlen
Carlino
Carlos
Carlucci
Carminati
Carneiro
Carnevale
Carnuccio
Carrara
Carrasco
Carrera
Carrozza
Carta
Carter
Cartier
Caruso
Carvalho
Casagrande
Casal
Casale
Casanova
Casari
Casartelli
Casas
Casella
Caspar
Casparis
Cassani
Cassina
Castelberg
Castellano
Castelli
Castiglioni
Castillo
Castro
Casty
Casutt
Catalano
Cataldi
Cataldo
Catanese
Catania
Cathomas
Cathomen
Cathrein
Cattaneo
Cattin
Causevic
Cavadini
Cavaliere
Cavalieri
Cavallaro
Cavalli
Cavallo
Cavegn
Cavelti
Caviezel
Cavigelli
Cazzato
Cedraschi
Ceesay
Ceka
Cekic
Celebi
Celik
Celikovic
Cella
Cena
Cengiz
Centonze
Ceppi
Cereghetti
Ceresa
Ceriani
Cerimi
Cerny
Cerra
Cerullo
Cerutti
Cesare
Ceschi
Cetin
Cetinkaya
Cevik
Ceylan
Chakraborty
Chan
Chang
Chappuis
Chapuis
Charles
Chassot
Chatelain
Chatterjee
Chatzis
Chau
Chaudhary
Chaudhry
Chen
Cheng
Cheung
Chevalley
Chiappetta
Chiaravalloti
Chiarello
Chiavi
Chieffo
Chiesa
Chilelli
Chiriatti
Chirico
Chiu
Choi
Chollet
Chong
Chopard
Chowdhury
Chreif
Christ
Christen
Christensen
Christian
Christiansen
Christinger
Christmann
Christoffel
Chu
Chung
Ciampi
Ciancio
Ciardo
Ciccone
Cicek
Cicenoglu
Cifci
Ciftci
Cikaj
Cimen
Cimino
Cina
Cinar
Cioffi
Cipolla
Cipriani
Cipriano
Cirillo
Cirkovic
Ciullo
Ciurariu
Civelli
Clalüna
Clark
Clarke
Clausen
Clavadetscher
Clemens
Clement
Clemente
Clementi
Clerc
Clerici
Cloetta
Clopath
Coban
Cocca
Cocco
Cochard
Coco
Codoni
Coduri
Coduti
Coelho
Cohen
Coiro
Coko
Colacicco
Colacino
Colak
Colaku
Colangelo
Colazzo
Cole
Colella
Coletta
Colic
Collenberg
Collet
Collins
Colombi
Colombo
Colonna
Colucci
Coluccia
Columberg
Coma
Comi
Compagnoni
Comte
Conconi
Conde
Condrau
Congiu
Conrad
Consoli
Constantin
Conte
Conti
Conzett
Cook
Cooper
Coppola
Coradi
Coray
Corazza
Corca
Coric
Corina
Cornu
Corradini
Corrado
Correa
Correia
Corrodi
Corso
Cortes
Cortese
Cortesi
Corti
Corvaglia
Cosandey
Cosentino
Cosic
Coskun
Costa
Costantini
Costantino
Costanzo
Cotardo
Cotti
Cotting
Couto
Coviello
Cox
Cozzio
Cramer
Crameri
Crespo
Cristofaro
Critelli
Crivelli
Croce
Croci
Cruz
Cucuzza
Cueni
Cuk
Cukic
Cunha
Cunningham
Curcic
Curcio
Curic
Curiger
Curschellas
Curti
Curty
Cusumano
Cvetkovic
Cvijanovic
Dacic
da Costa
Da Costa
da Cruz
Da Cruz
da Cunha
Da Cunha
Daehler
Daellenbach
Daenzer
Daetwyler
D'Agostino
Dahinden
Dahl
Dähler
Daka
Dakaj
Dalcher
Dali
Dalipi
Dalla Corte
Dalla Costa
Dällenbach
D'Amato
Dambach
D'Ambrosio
Damiano
D'Amico
Damjanovic
Damm
Dammann
Dändliker
D'Andrea
Dang
Dangel
D'Angelo
Dani
Daniel
Daniele
Danieli
Daniels
Danilovic
Danioth
Danner
Danuser
Danz
Dänzer
Daoud
Däppen
Darms
da Rugna
Da Rugna
Das
Däscher
da Silva
Da Silva
da Silva Fernandes
Da Silva Fernandes
da Silva Ferreira
Da Silva Ferreira
da Silva Goncalves
Da Silva Goncalves
da Silva Pereira
Da Silva Pereira
da Silva Ribeiro
Da Silva Ribeiro
da Silva Rodrigues
Da Silva Rodrigues
Däster
Dätwyler
Daum
Dautaj
Dauti
Davatz
David
Davidson
Davies
Davis
Davoli
Dawson
Day
Deak
de Almeida
De Almeida
Dean
de Angelis
De Angelis
Deari
de Beer
De Beer
de Biasio
De Biasio
de Blasi
De Blasi
de Boer
De Boer
de Boni
De Boni
Debrunner
de Capitani
De Capitani
de Carli
De Carli
de Carlo
De Carlo
de Carvalho
De Carvalho
Decasper
de Cia
De Cia
Deck
Decker
Decurtins
Dedaj
Dedic
de Donno
De Donno
de Feo
De Feo
de Filippis
De Filippis
de Filippo
De Filippo
Deflorin
de Francesco
De Francesco
de Freitas
De Freitas
Degen
Degiacomi
de Giorgi
De Giorgi
de Giovanni
De Giovanni
Degirmenci
Degonda
de Gregorio
De Gregorio
de Icco
De Icco
Deiss
de Jesus
De Jesus
de Jong
De Jong
Dekker
Delco
Delgado
D'Elia
Delic
Delija
de Lima
De Lima
Della Casa
Dellenbach
Deller
Dello Buono
Dellsperger
Delmenico
de Luca
De Luca
de Lucia
De Lucia
Dema
de Maio
De Maio
Demaj
Demarchi
de Marco
De Marco
de Maria
De Maria
Demarmels
de Martin
De Martin
de Martino
De Martino
de Matteis
De Matteis
Demeter
Demi
Demierre
Demir
Demirbas
Demirci
Demirel
Demiri
Demirkol
Demirtas
Demolli
Demont
Demuth
de Nardo
De Nardo
Deng
Dengler
de Nicola
De Nicola
Denier
Deniz
Denli
Dennler
Denoth
Denz
Denzler
de Oliveira
De Oliveira
Deon
de Paola
De Paola
de Paoli
De Paoli
de Pascali
De Pascali
de Pascalis
De Pascalis
de Pasquale
De Pasquale
Deplazes
Deppeler
Deragisch
Derendinger
de Rinaldis
De Rinaldis
Dermaku
de Rosa
De Rosa
Derrer
Derron
Derungs
Dervishaj
Dervishi
Dervisi
de Santis
De Santis
Desax
de Silva
De Silva
de Simone
De Simone
de Sousa
De Sousa
de Souza
De Souza
Despotovic
Destani
de Stefani
De Stefani
de Stefano
De Stefano
Dettling
Dettwiler
Deubelbeiss
Deuber
Deutsch
Deva
Deveci
de Vito
Devito
De Vito
de Vries
De Vries
Dewan
de Weck
De Weck
Diallo
Diana
Dias
Diaz
Di Bella
Di Benedetto
Di Biase
Di Caprio
Di Carlo
Di Cerbo
Dick
Dickenmann
Di Dio
Di Domenico
Diebold
Dieguez
Diehl
Diem
Diener
Dieng
Dierauer
Dieterle
Diethelm
Dietiker
Dietl
Dietler
Dietliker
Dietrich
Dietsche
Dietschi
Dietschweiler
Dietz
Dietze
Dietziker
Diez
Diezi
Di Francesco
Diggelmann
Di Giacomo
Di Giorgio
Di Giovanni
Di Gregorio
Di Leo
Dilji
Dill
Dillier
Di Lorenzo
Dima
Di Maggio
Di Maio
Di Marco
Di Martino
Di Meo
Dimic
Dimitri
Dimitriadis
Dimitrijevic
Dimitrov
Dimitrova
Dina
Di Napoli
Di Nardo
Di Natale
Dincer
Ding
Dingetschweiler
Dinic
Dinkel
Dinner
Di Paola
Di Paolo
Di Pasquale
Di Pietro
Diriwächter
Di Salvo
Di Santo
Disch
Di Secli
Diserens
Disler
Distefano
Di Stefano
Distel
Dittli
Dittmann
Dittrich
Di Vincenzo
Dixon
Djaferi
Djalovic
Djokic
Djordjevic
Djukic
Djurdjevic
Djuric
Djuricic
Doan
Döbeli
Dober
Dobler
Dobrosavljevic
Dodaj
Doebeli
Doenni
Doerig
Doessegger
Dogan
Dogas
Dohner
Dold
Dolder
Doldur
Dolezal
Dolf
Doll
Domeisen
Domeniconi
Domenig
Domgjoni
Domingues
Dominguez
Do Nascimento
Donat
Donath
Donati
Donato
Donatsch
Dong
Dönmez
Donner
Dönni
Donno
D'Onofrio
Doppler
Doppmann
Dora
Dordevic
Dörig
Dorigo
Döring
Dormann
Dorn
Dornbierer
Dorner
Dörr
Dort
Dosch
Dos Santos
Dössegger
Dossenbach
Dostal
Doswald
Dotti
Douglas
Drack
Dragicevic
Dragosavljevic
Drammeh
Dreher
Dreier
Dreifuss
Drescher
Dressler
Dreyer
Dreyfuss
Droz
Du
Duarte
Dubach
Dubacher
Dübendorfer
Dubey
Dübi
Dubler
Dubois
Dubs
Duc
Ducret
Duda
Dudle
Dudler
Dudli
Duebendorfer
Duenki
Duenner
Duerr
Duerst
Duff
Duft
Düggelin
Dugonjic
Dujak
Dukic
Duman
Dummermuth
Dumont
Dündar
Dunkel
Dünki
Dünnenberger
Dünner
Duong
Dupont
Dupuis
Duraj
Duraki
Duraku
Duran
Durand
Durante
Duric
Dürig
Düring
Durisch
Durmaz
Durmishi
Durmisi
Dürmüller
Durmus
Dürr
Dürrenberger
Durrer
Durscher
D'Urso
Dürst
Dürsteler
Dursun
Duschletta
Düsel
Dushica
Duss
Dutler
Dutli
Dutly
Dütsch
Dütschler
Duttweiler
Duvnjak
Duvoisin
Dux
Dvorak
Dzaferi
Dzeladini
Dzelili
Dzemaili
Ebener
Eberhard
Eberhardt
Eberhart
Eberle
Eberli
Ebersold
Ebert
Ebibi
Ebinger
Ebner
Ebneter
Ebnoether
Ebnöther
Ebrahimi
Eck
Ecker
Eckert
Eckhardt
Ecknauer
Eckstein
Edel
Edelmann
Eder
Edwards
Efe
Ege
Eger
Egg
Eggel
Eggen
Eggenberger
Eggenschwiler
Egger
Eggerschwiler
Eggimann
Eggler
Eggli
Eggmann
Eglauf
Egle
Egli
Eglin
Egloff
Egolf
Ehinger
Ehlers
Ehmann
Ehrat
Ehrbar
Ehrensberger
Ehrensperger
Ehrismann
Ehrler
Ehrlich
Ehrsam
Eich
Eichenberger
Eicher
Eichholzer
Eichhorn
Eichin
Eichler
Eichmann
Eidenbenz
Eigenheer
Eigenmann
Eigensatz
Eiholzer
Eisele
Eisenegger
Eisenhut
Eisenmann
Eisenring
Eisner
Ejupi
Eker
Ekinci
Elber
Eldener
Elezaj
Elezi
Elezovic
Elia
Elias
Ellenberger
Elliker
Ellis
Elmali
Elmazi
Elmer
Elmiger
Elsasser
El Sayed
Elsener
Elser
Elshani
Elvedi
Emch
Emery
Emini
Emmenegger
Emruli
Ender
Enderle
Enderli
Enderlin
Endres
Eng
Engel
Engelberger
Engeler
Engelhard
Engelhardt
Engeli
Engelmann
Engels
Engesser
Enggist
Engi
Engin
Engler
Enz
Enzler
Epp
Eppenberger
Epper
Epple
Eppler
Epprecht
Epstein
Epting
Erb
Ercan
Erdem
Erdin
Erdmann
Erdogan
Eren
Erhardt
Erhart
Eric
Eriksson
Erismann
Erkut
Erlanger
Ermatinger
Erne
Erni
Ernst
Erny
Eroglu
Erol
Ersoy
Ertürk
Eryilmaz
Erzinger
Esati
Eschbach
Eschenmoser
Escher
Eschler
Eschmann
Escobar
Esen
Eser
Espinosa
Espinoza
Esposito
Ess
Esser
Essig
Esslinger
Esteban
Estermann
Estevez
Etemi
Etienne
Etter
Etterlin
Ettlin
Etzensperger
Eugster
Evans
Evci
Evers
Ewald
Exer
Eyer
Eymann
Fabbri
Faber
Fabian
Fabiano
Fabris
Facchin
Facchinetti
Fadda
Faeh
Faehndrich
Faerber
Faes
Faessler
Fäh
Fahmy
Fähndrich
Fahrner
Fahrni
Faisst
Falco
Falcone
Falk
Fall
Fallegger
Faller
Fanconi
Fang
Fanger
Fankhauser
Faoro
Farah
Färber
Farhat
Fari
Farina
Farkas
Farner
Fäs
Fasano
Fasciati
Fasel
Fasler
Fasnacht
Fassbind
Fasser
Fässler
Fatzer
Fausch
Faust
Fava
Favre
Fawaz
Fazio
Fazli
Fazlic
Fazlija
Fazliji
Fazliu
Fazlji
Federer
Federici
Federli
Federspiel
Fedier
Fedrizzi
Feer
Feger
Fehlmann
Fehr
Fehratovic
Feichtinger
Feierabend
Fejza
Fejzuli
Fekete
Felber
Felchlin
Felder
Feldmann
Feldmeier
Felix
Feller
Fellmann
Fellner
Feng
Fenner
Ferati
Ferber
Ferizaj
Ferizi
Ferlin
Fernandes
Fernandes da Silva
Fernandez
Fernando
Ferrante
Ferrara
Ferrari
Ferrario
Ferraro
Ferreira
Ferreira da Silva
Ferreira Da Silva
Ferreiro
Ferrero
Ferretti
Ferri
Ferro
Fessler
Fetahi
Fetahu
Fetai
Fetz
Fetzer
Feubli
Feuerstein
Feurer
Feusi
Feuz
Fey
Fiala
Fidan
Fiechter
Fiedler
Fierz
Figi
Figueiredo
Filipovic
Filippi
Filippini
Filippone
Filisetti
Filli
Filliger
Finger
Fink
Finke
Finsterwald
Fiore
Fiorelli
Fiorentino
Fiorenza
Fiorini
Fiorito
Firat
Fisch
Fischbach
Fischbacher
Fischer
Fischler
Fischli
Fischlin
Fisher
Fisler
Fitze
Fitzi
Fivian
Fix
Flach
Flacher
Flachsmann
Flammer
Fleck
Fleckenstein
Fleig
Fleisch
Fleischer
Fleischli
Fleischmann
Fleming
Flepp
Fletcher
Fleury
Flores
Florin
Flory
Flubacher
Fluck
Flück
Flückiger
Flueck
Flueckiger
Flüeler
Fluetsch
Flühler
Flühmann
Flükiger
Fluor
Fluri
Flury
Flütsch
Fodor
Foehn
Foellmi
Foglia
Föhn
Foletti
Folino
Föllmi
Foniqi
Fonseca
Fontana
Fontanive
Fopp
Forlin
Fornaro
Fornera
Forni
Forrer
Forster
Förster
Forte
Fortunato
Fossati
Foster
Fotsch
Fox
Fraefel
Fraga
Fragale
Franceschini
Franchi
Franchini
Francis
Francisco
Franck
Franco
Frangi
Frank
Franke
Franken
Franz
Franze
Franzen
Franzi
Fraser
Frauchiger
Frauenfelder
Frauenknecht
Frech
Frefel
Frehner
Frei
Freiburghaus
Freiermuth
Freihofer
Freimann
Freimüller
Freire
Freitas
Frenzel
Fretz
Freudiger
Freuler
Freund
Frey
Freytag
Friberg
Frick
Fricke
Fricker
Fried
Frieden
Friederich
Friedl
Friedli
Friedlos
Friedmann
Friedrich
Fries
Friess
Frigerio
Frigg
Frigo
Frisch
Frischknecht
Frischkopf
Fritsch
Fritsche
Fritschi
Fritz
Fritzsche
Froehlich
Fröhli
Fröhlich
Fröhlicher
Froidevaux
Frommelt
Frommenwiler
Frossard
Frost
Frrokaj
Fruci
Frueh
Früh
Frühauf
Frunz
Frutig
Frutiger
Fry
Fuchs
Fuchser
Füchslin
Fuechslin
Fueglistaler
Fueglister
Fuellemann
Fuentes
Fuerer
Fuerst
Füglistaler
Füglistaller
Füglister
Fuhrer
Führer
Fuhrimann
Fuhrmann
Füllemann
Fumagalli
Fumasoli
Funk
Funke
Furegati
Furer
Fürer
Furger
Furlan
Furler
Furnari
Furrer
Fürst
Furter
Fusco
Fuss
Fust
Fux
Gabathuler
Gabler
Gablinger
Gabor
Gabriel
Gabrieli
Gabrielli
Gachnang
Gächter
Gadient
Gadola
Gaechter
Gaehler
Gaehwiler
Gaertner
Gaetani
Gaffuri
Gafner
Gagg
Gagliardi
Gahler
Gähler
Gahlinger
Gähwiler
Gaillard
Gaiser
Gajic
Gal
Galasso
Galati
Galbier
Galfetti
Galic
Gall
Gallagher
Gallati
Gallego
Gallelli
Galler
Galli
Galliker
Gallina
Gallmann
Gallo
Gallusser
Gamba
Gambale
Gamboni
Gamma
Gammeter
Gamper
Gämperle
Gämperli
Gampp
Ganahl
Gander
Gandolfo
Gansner
Gantenbein
Ganter
Gantert
Gantner
Ganz
Ganzoni
Gao
Garcia
Gardi
Gargiulo
Garibovic
Garic
Garofalo
Garrapa
Garrido
Gartenmann
Gartmann
Gärtner
Gasche
Gashi
Gasic
Gaspar
Gasparini
Gasparoli
Gass
Gasser
Gassler
Gassmann
Gassner
Gast
Gatti
Gattiker
Gattlen
Gatto
Gätzi
Gauch
Gauer
Gaugler
Gäumann
Gaus
Gauss
Gautschi
Gavric
Gavrilovic
Gazic
Gebauer
Gebert
Gebhard
Gebhardt
Gebhart
Gebs
Gedik
Geel
Geeler
Geering
Gees
Gegenschatz
Gehr
Gehrer
Gehri
Gehrig
Gehriger
Gehring
Gehringer
Geier
Geiger
Geiges
Geiler
Geiser
Geisler
Geissberger
Geissbuehler
Geissbühler
Geisseler
Geisser
Geissler
Geissmann
Gelpke
Gelsomino
Gemma
Gemperle
Gemperli
Gemsch
Genc
Gencer
Geng
Genini
Genna
Genner
Genoud
Genovese
Gentile
Gentili
Gentinetta
Gentner
Gentsch
Georg
George
Georgiadis
Georgiev
Georgieva
Georgiou
Gerardi
Gerber
Gerdes
Gerhard
Gerhardt
Gerig
Gerlach
Germann
Gerosa
Gersbach
Gerschwiler
Gerster
Gerteis
Gerth
Gertsch
Gervasi
Gerzner
Geser
Gessler
Gessner
Geu
Geyer
Gfeller
Ghezzi
Ghilardi
Ghirlanda
Ghosh
Giacomelli
Giacometti
Giacomini
Giambonini
Gianella
Giangreco
Gianinazzi
Gianini
Giannetta
Giannini
Giannotta
Gianola
Gianoli
Gianotti
Giaquinto
Giardina
Giardino
Gibel
Giese
Giezendanner
Giger
Gigli
Giglio
Gigon
Gil
Gilardi
Gilbert
Gilg
Gilgen
Gill
Gilli
Gilomen
Gimenez
Gimmi
Gioia
Giordano
Giorgi
Giorgio
Giovanelli
Giovannini
Giovanoli
Girard
Girardi
Girardin
Girod
Giroud
Girsberger
Girschweiler
Gischig
Gisel
Gisi
Gisiger
Gisin
Gisler
Giudice
Giudici
Giuliani
Giuliano
Giunta
Giussani
Gjinaj
Gjini
Gjokaj
Gjoni
Gjukaj
Gjura
Glaettli
Glanzmann
Glarner
Glaser
Glass
Glattfelder
Glatthard
Glättli
Glatz
Glaus
Glauser
Glesti
Glinz
Glogg
Gloor
Glur
Glutz
Gmeiner
Gmuender
Gmuer
Gmünder
Gmür
Gnädinger
Gnaedinger
Gnägi
Gnehm
Gnepf
Gnos
Gobbi
Göbel
Gobeli
Gobet
Godenzi
Goebel
Goeldi
Goetschi
Goette
Goetz
Gohl
Gojani
Gökduman
Gökgöz
Göktas
Golay
Gold
Goldberg
Goldenberg
Goldener
Göldi
Goldiger
Goldinger
Goldmann
Goldschmid
Goldschmidt
Goldstein
Goll
Gomes
Gomes da Silva
Gomez
Gomringer
Goncalves
Gonçalves
Goncalves da Silva
Goncalves Fernandes
Gonzales
Gonzalez
Gonzenbach
Good
Gordon
Gori
Gort
Gossauer
Gössi
Gossweiler
Gosteli
Götsch
Götschi
Götte
Gottet
Götti
Gottschalk
Gottschall
Götz
Götze
Grab
Graber
Grabher
Grädel
Graetzer
Graf
Graff
Graham
Grämiger
Grand
Grande
Grandi
Grandjean
Gränicher
Grant
Granwehr
Gräser
Grass
Grassi
Grassl
Grässli
Grasso
Gratwohl
Grätzer
Grau
Gräub
Grauer
Grauwiler
Gray
Gräzer
Graziano
Grazioli
Grbic
Greber
Greco
Gredig
Green
Gregori
Gregorio
Greil
Greiner
Gremaud
Greminger
Gremli
Gremlich
Grenacher
Grendelmeier
Gresch
Gresser
Gretener
Greter
Grether
Gretler
Greub
Greuter
Greutert
Greutmann
Grgic
Gribi
Grichting
Grieco
Grieder
Griesser
Grillo
Grimaldi
Grimm
Grimmer
Grischott
Gritsch
Grob
Gröbli
Groebli
Grogg
Groh
Grohmann
Grolimund
Grond
Groner
Grosjean
Gross
Grosse
Grossen
Grossenbacher
Grosser
Grossi
Grossmann
Grossniklaus
Grosso
Grossrieder
Groth
Grubenmann
Gruber
Gruenenfelder
Gruenig
Grueninger
Grueter
Gruetter
Grujic
Grunder
Gründler
Grundmann
Grünenfelder
Grünenwald
Gruner
Grünig
Grüniger
Grüninger
Grunwald
Grünwald
Grüter
Grütter
Gschwend
Gschwind
Gsell
Gsponer
Gsteiger
Gstöhl
Gu
Guarino
Gübeli
Gubello
Gubelmann
Gubler
Gubser
Guccione
Güdel
Güdemann
Guebeli
Gueller
Guenduez
Guenes
Guentensperger
Guenter
Guentert
Guenthard
Guenther
Guerini
Guerra
Guerreiro
Guerrero
Guetg
Guettinger
Guex
Gugelmann
Gugerli
Guggenbuehl
Guggenbühl
Guggenheim
Gugger
Guggisberg
Gugler
Guglielmetti
Guglielmi
Gugliotta
Gugolz
Guhl
Guidi
Guido
Guidon
Guidotti
Guignard
Guillet
Guimaraes
Gujan
Gujer
Gül
Guldener
Guldimann
Guler
Güler
Gull
Güller
Gulli
Gullo
Gültekin
Gündogdu
Gündüz
Güner
Günes
Güngör
Güntensperger
Günter
Guntern
Guntersweiler
Güntert
Günthard
Günthardt
Günthart
Günther
Guntli
Gunz
Gunzinger
Guo
Gupta
Gür
Gürber
Gürbüz
Guri
Gürsoy
Gürtler
Gurtner
Gusset
Gustin
Gut
Gutaj
Gutbrod
Gutersohn
Guth
Guthauser
Gutierrez
Gutjahr
Gutknecht
Gutmann
Güttinger
Guttmann
Gutweniger
Gutzwiller
Güvendiren
Guyer
Guyot
Güzel
Guzman
Guzzo
Gwerder
Gygax
Gyger
Gygli
Gyr
Gysel
Gysi
Gysin
Gysler
Gysling
Ha
Haab
Haag
Haas
Haase
Habegger
Häberli
Häberlin
Häberling
Habermacher
Habermann
Habersaat
Haberthür
Habib
Habicht
Habluetzel
Hablützel
Habte
Habtemariam
Hachem
Hächler
Hack
Hacker
Häcki
Hackl
Haddad
Häderli
Hadorn
Hadzic
Haeberli
Haeberlin
Haeberling
Haechler
Haecki
Haefeli
Haefliger
Haegeli
Haegi
Haelg
Haemmerli
Haener
Haenggi
Haeni
Haenni
Haenseler
Haeny
Haerdi
Haering
Haerri
Haesler
Haessig
Haeusermann
Haeusler
Häfeli
Hafen
Haffter
Häfliger
Hafner
Häfner
Hagedorn
Hägeli
Hagemann
Hagen
Hagenbuch
Hagenbucher
Hager
Hagger
Hagi
Hägi
Hägler
Hagmann
Hagnauer
Hagos
Hählen
Hahn
Haid
Haidar
Haider
Haile
Hajdaraj
Hajdari
Hajdini
Hajek
Haji
Hajredini
Hajrizi
Hakimi
Halbeisen
Halbheer
Haldemann
Halder
Haldi
Haldimann
Haldner
Hälg
Halilaj
Halili
Halilovic
Halimi
Haliti
Hall
Hallauer
Haller
Halter
Haltiner
Haltinner
Haltmeier
Haltner
Hamann
Hamburger
Hamdan
Hamed
Hamid
Hamidi
Hamiti
Hamm
Hammadi
Hammer
Hämmerle
Hämmerli
Hämmig
Hammoud
Hamo
Hamza
Han
Handloser
Handschin
Häne
Häner
Hangartner
Hänggi
Hanhart
Hani
Häni
Hanimann
Hanisch
Hanke
Hänni
Hänny
Hans
Hänseler
Hanselmann
Hansen
Hanser
Hänsli
Hansmann
Hansson
Hany
Harb
Hard
Hardegger
Harder
Härdi
Hardmeier
Hari
Häring
Harlacher
Harms
Harnisch
Harper
Harrer
Härri
Harris
Harrison
Harsch
Hart
Hartl
Hartmann
Hartmeier
Hartung
Hartwig
Harvey
Harzenmoser
Hasan
Hasanaj
Hasani
Haselbach
Häseli
Hasenfratz
Hashani
Hashemi
Hasic
Haslebacher
Hasler
Häsler
Haslimeier
Hassan
Hassani
Hässig
Hassler
Hatt
Haubensak
Hauck
Haudenschild
Hauenstein
Hauer
Hauert
Haueter
Haug
Haupt
Häuptli
Hauri
Haus
Hausamann
Hausammann
Häuselmann
Hauser
Häusermann
Hausheer
Hausherr
Häusler
Hausmann
Haussener
Haussmann
Hauswirth
Hautle
Haxhaj
Haxhija
Haxhiu
Hayek
Hayoz
Haziraj
Haziri
He
Hebeisen
Hecht
Heck
Heckendorn
Hecker
Hediger
Hedinger
Heeb
Heer
Hefti
Hegelbach
Heger
Hegetschweiler
Heggli
Hegglin
Hegi
Hegnauer
Hegner
Hehli
Heid
Heide
Heidelberger
Heidenreich
Heider
Heierle
Heierli
Heil
Heilmann
Heim
Heimann
Heimberg
Heimgartner
Hein
Heine
Heinemann
Heinen
Heini
Heiniger
Heinimann
Heinrich
Heinz
Heinze
Heinzelmann
Heinzer
Heinzmann
Heise
Heiss
Heitz
Heiz
Heizmann
Helbling
Held
Heldner
Heldstab
Helfenberger
Helfenstein
Helfer
Helg
Heller
Hellmann
Hellmüller
Hellstern
Hellwig
Helm
Helshani
Hemmi
Henauer
Henderson
Hendriks
Hendry
Hengartner
Henggeler
Henggi
Henke
Henkel
Henle
Henn
Hennig
Henning
Henrich
Henriques
Henry
Hensch
Hensel
Henseler
Hensler
Henz
Henze
Henzen
Henzi
Henzmann
Hepp
Herbert
Herbst
Herde
Heredia
Herger
Heri
Hering
Hermann
Hernandez
Herold
Herrera
Herrli
Herrmann
Hersberger
Hersche
Hersperger
Hertach
Hertel
Herter
Hertig
Hertli
Herzig
Herzog
Hess
Hesse
Heuberger
Heubi
Heuer
Heule
Heuscher
Heusi
Heuss
Heusser
Heussi
Heutschi
Heyer
Heyne
Heynen
Hida
Hidber
Hidic
Hiestand
Hijazi
Hilber
Hildbrand
Hildebrand
Hildebrandt
Hildenbrand
Hilfiker
Hill
Hillebrand
Hiller
Hillmann
Hilpert
Hilpertshauser
Hiltbrunner
Hiltebrand
Hilti
Hiltmann
Hiltpold
Hilty
Hilzinger
Himmelberger
Hinden
Hinder
Hinderling
Hinnen
Hinterberger
Hintermann
Hintermeister
Hintermüller
Hinz
Hipp
Hirs
Hirsbrunner
Hirsch
Hirschi
Hirschmann
Hirsig
Hirsiger
Hirt
Hirter
Hirzel
Hischier
Hiseni
Hitz
Ho
Hoang
Hobi
Hoch
Höchli
Hochreutener
Hochstrasser
Hochuli
Hodel
Hodler
Hodza
Hodzic
Hoefliger
Hoegger
Hoehener
Hoehn
Hoerler
Hoesli
Hof
Hofbauer
Hofer
Hoff
Hoffmann
Höfliger
Hofmann
Hofmänner
Hofmeister
Hofstetter
Hogg
Högger
Höhener
Hohermuth
Hohl
Hohler
Hohmann
Höhn
Hold
Holdener
Holder
Holderegger
Holenstein
Holenweg
Holenweger
Holinger
Holland
Hollenstein
Hollenweger
Höller
Holliger
Hollinger
Holm
Höltschi
Holtz
Holz
Holzapfel
Holzer
Holzgang
Holzinger
Holzmann
Holzner
Homberger
Honauer
Honegger
Hong
Hongler
Honold
Hoop
Hopf
Hophan
Höpli
Hoppe
Hoppler
Höppli
Horak
Horat
Horath
Horber
Horisberger
Horlacher
Hörler
Horn
Horner
Hörnlimann
Hornung
Horst
Hort
Horvat
Horvath
Hosang
Hösli
Hossain
Hosseini
Hossle
Hossli
Hossmann
Hostettler
Hoti
Hotnjani
Hottiger
Hottinger
Hotz
Hou
Howald
Howard
Hoxha
Hoxhaj
Hoyer
Hsu
Hu
Huang
Hubacher
Hubeli
Huber
Hubert
Hubler
Hubli
Hubmann
Hübner
Hübscher
Hubschmid
Huder
Huebscher
Huegli
Hueppi
Hueppin
Huerlimann
Huerzeler
Huesler
Huesser
Hufschmid
Hug
Hugelshofer
Hugener
Hugentobler
Huggenberger
Huggler
Hughes
Hugi
Hügi
Hügin
Hügli
Hugo
Huguenin
Hui
Huisman
Hulaj
Huldi
Hulliger
Humbel
Hümbeli
Humbert
Humm
Hummel
Hunger
Hungerbuehler
Hungerbühler
Hüni
Hunkeler
Hunn
Hunold
Hunsperger
Hunt
Hunter
Hunziker
Huonder
Hüppi
Hüppin
Hürlimann
Hurni
Hurschler
Hurst
Hurter
Huruglica
Hürzeler
Huseini
Huser
Husi
Husistein
Hüsler
Husmann
Hussain
Hussein
Hüsser
Hüssy
Huter
Hutmacher
Hutter
Hutterli
Huwiler
Huwyler
Huynh
Hysenaj
Hyseni
Iannelli
Iannone
Iannotta
Ibishi
Ibisi
Ibrahim
Ibrahimi
Ibrahimovic
Ibraimi
Ideli
Idrizaj
Idrizi
Iff
Iglesias
Ignjatovic
Ilazi
Ilg
Ilhan
Ilic
Iliev
Iljazi
Illi
Illien
Imbach
Imboden
Imer
Imeri
Imesch
Imfeld
Imhasly
Imhof
Imholz
Immoos
Imoberdorf
Imobersteg
Imper
Imthurn
Imwinkelried
In
Inäbnit
In-Albon
Inan
Inauen
Ince
Inci
Indelicato
Inderbitzin
Indergand
Indermaur
Indermühle
Indino
Indlekofer
Ineichen
Infanger
Inglin
Ingold
Inhelder
Invernizzi
Ionescu
Iqbal
Irion
Irminger
Irniger
Isaak
Isbilir
Isch
Isele
Iseli
Iselin
Isenegger
Iseni
Isenring
Isenschmid
Iseppi
Isik
Islam
Islamaj
Islami
Isler
Isliker
Isljami
Ismail
Ismaili
Ismailji
Ismajlaj
Ismajli
Ismani
Issa
Issler
Istrefi
Isufi
Ita
Italia
Itani
Item
Iten
Itin
Ito
Itschner
Itten
Iuliano
Ivankovic
Ivanov
Ivanova
Ivanovic
Ivic
Ivkovic
Izairi
Izzo
Jaber
Jaberg
Jaccard
Jäckle
Jäckli
Jackson
Jacob
Jacober
Jacobi
Jacobs
Jacobsen
Jacoby
Jacomet
Jacot
Jaeger
Jaeggi
Jaeggli
Jäger
Jaggi
Jäggi
Jäggin
Jäggli
Jaggy
Jagmetti
Jaha
Jahiji
Jahn
Jain
Jaisli
Jakob
Jakober
Jakovljevic
Jakupi
Jakupovic
Jamal
James
Jampen
Janett
Jang
Janicijevic
Janisch
Janjic
Janka
Jankovic
Jann
Janner
Janosevic
Jans
Jansen
Janser
Janssen
Janutin
Januzi
Janz
Jappert
Jaquet
Järmann
Jasari
Jashari
Jasiqi
Jauch
Jaun
Jauslin
Jaussi
Javed
Javet
Jean
Jeanneret
Jecklin
Jegen
Jeger
Jegerlehner
Jegge
Jeggli
Jehle
Jehli
Jeker
Jelic
Jelk
Jenal
Jenni
Jenny
Jensen
Jent
Jenzer
Jeremic
Jermann
Jetishi
Jetter
Jetzer
Jevremovic
Jevtic
Jeyakumar
Jezler
Jiang
Jimenez
Jin
Joachim
Job
Jocic
Joerg
Johannsen
Johansen
Johansson
Jöhl
John
Johner
Johnson
Johnston
Joho
Jöhr
Jokic
Joksimovic
Joller
Joly
Jonas
Jones
Jonsson
Jonuzi
Joos
Joray
Jordan
Jordi
Jörg
Jorge
Jörger
Jörimann
Jorio
Jorns
Joseph
Joshi
Josipovic
Joss
Jossen
Jossi
Jost
Jovanovic
Jovic
Jovicic
Juchler
Juchli
Jucker
Jud
Juen
Jufer
Juhasz
Juillerat
Jukic
Julen
Juliano
Jundt
Jung
Jungen
Jungi
Jungo
Junker
Junod
Juon
Jurcevic
Jürgens
Juric
Jurisic
Jurkic
Jurkovic
Jurt
Jusic
Jusmani
Just
Jusufi
Jutz
Jutzeler
Jutzi
Kaba
Kabashi
Käch
Kader
Kaderli
Kadic
Kadri
Kadriaj
Kadrii
Kadrija
Kadrijaj
Kadriji
Kadriu
Kaech
Kaegi
Kaelin
Kaempf
Kaeppeli
Kaeser
Kaeslin
Kägi
Kahn
Kähr
Kahraman
Kahrimanovic
Kahveci
Kaiser
Kala
Kalac
Kalberer
Kalbermatten
Kalbermatter
Kaliki
Kälin
Kalkan
Kallen
Kalludra
Kalman
Kalt
Kaltbrunner
Kaltenbach
Kamal
Kamara
Kamber
Kamberi
Kamel
Kamer
Kameraj
Kamili
Kaminski
Kamm
Kammer
Kammerer
Kammerlander
Kammermann
Kämpf
Kämpfen
Kämpfer
Kanagaratnam
Kanagasabai
Kanapathipillai
Kandasamy
Kandiah
Kane
Kang
Kanthasamy
Känzig
Kapic
Kaplan
Kapp
Kappeler
Käppeli
Kappler
Kara
Karabulut
Karaca
Karagülle
Karahan
Karakoc
Karakus
Karaman
Karatas
Karg
Karic
Karim
Karimi
Karl
Karlen
Karli
Karlsson
Karner
Karpf
Karrer
Kartal
Karthigesu
Kasami
Käser
Kasi
Käslin
Kaspar
Kasper
Kassem
Kasser
Kast
Kästli
Kastner
Kastrati
Kasumaj
Kasumi
Katalinic
Kathiravelu
Kathriner
Katic
Kato
Katz
Katzenstein
Kauer
Käufeler
Kauflin
Kaufmann
Kaul
Kaur
Kauz
Kaya
Kaymak
Kaymaz
Kayser
Kazi
Keck
Keel
Kehl
Kehrer
Kehrli
Keil
Keim
Keiser
Keist
Keita
Keka
Kelemen
Keles
Kellenberger
Keller
Kellerhals
Kellner
Kelly
Kelmendi
Kemmler
Kemper
Kempf
Kempter
Kenel
Kengelbacher
Kennedy
Kennel
Keppler
Kerber
Keric
Kerimi
Kern
Kernen
Kerqeli
Kerschbaumer
Kersten
Keser
Keskin
Kesseli
Kesselring
Kessler
Ketheeswaran
Ketterer
Kettner
Keusch
Khalid
Khalifa
Khalil
Khan
Khatib
Khawaja
Kica
Kicaj
Kidane
Kiefer
Kielholz
Kieliger
Kienast
Kienberger
Kiener
Kienzle
Kieser
Kihm
Kilchenmann
Kilcher
Kilchmann
Kilian
Kilic
Kilinc
Kilincarslan
Killer
Killias
Kim
Kindhauser
Kindle
Kindler
Kindlimann
Kindschi
King
Kipfer
Kiraz
Kircher
Kirchhofer
Kirchhoff
Kirchner
Kirsch
Kirschner
Kis
Kisa
Kiser
Kiss
Kissling
Kistler
Kiziler
Kizilirmak
Klaey
Kläger
Klaiber
Klainguti
Klaiqi
Klarer
Klaric
Kläui
Klaus
Klauser
Kläusler
Kläusli
Klausner
Kläy
Klee
Kleeb
Kleger
Klein
Kleiner
Kleinert
Kleinpeter
Klemenz
Klemm
Kling
Klinger
Klingler
Klink
Kljajic
Kloeti
Klopfenstein
Klose
Klossner
Klostermann
Kloter
Klöti
Klotz
Klötzli
Klug
Kluge
Kluser
Knabenhans
Knapp
Knauer
Knaus
Knebel
Knecht
Knechtle
Knechtli
Knellwolf
Kneubuehler
Kneubühl
Kneubühler
Kneuss
Knezevic
Knight
Knill
Knittel
Knobel
Knoblauch
Knobloch
Knoepfel
Knoepfli
Knoll
Knopf
Knöpfel
Knöpfli
Knorr
Knuchel
Knuesel
Knup
Knupp
Knus
Knüsel
Knushi
Knüsli
Knutti
Kobel
Kobelt
Kober
Kobi
Kobler
Koblet
Koc
Koca
Kocak
Koch
Kocher
Kocherhans
Köchli
Kocic
Kocsis
Koechli
Koehler
Koelliker
Koenig
Koepfli
Koeppel
Koerner
Kofel
Köfer
Kofler
Kofmehl
Kofmel
Kogler
Kohl
Köhl
Kohlbrenner
Köhle
Kohler
Köhler
Kohli
Köhli
Kohn
Kojic
Kolaj
Kolar
Kolb
Kolbe
Kölla
Kollbrunner
Kollegger
Koller
Kölliker
Kollmann
Kolly
Kolonja
Kolp
Komani
Kong
Köng
König
Konrad
Kopf
Köpfli
Kopp
Köppel
Korac
Koradi
Korbi
Kordic
Koren
Korkmaz
Kormann
Korn
Korner
Körner
Korrodi
Kos
Köse
Kosic
Kost
Koster
Köster
Kostic
Köstinger
Köstli
Kostov
Kosumi
Kottmann
Kovac
Kovacevic
Kovacic
Kovacs
Kowalski
Koyuncu
Kozak
Kqiku
Kqira
Kradolfer
Kraehenbuehl
Kraemer
Kraft
Krähemann
Krähenbühl
Krähenmann
Kral
Kramer
Krämer
Krammer
Kranz
Kränzlin
Krapf
Krasnici
Krasniqi
Krattiger
Krattinger
Krättli
Kratzer
Kräuchi
Krauer
Kraus
Krause
Krauss
Krausz
Krebs
Krebser
Kreienbuehl
Kreienbühl
Kreis
Kremer
Krenn
Kress
Kressig
Kretschmer
Kretz
Kretzschmar
Kreutzer
Kreuzer
Krieg
Krieger
Kriemler
Krienbühl
Kriesi
Krishnapillai
Krismer
Kristiansen
Kriz
Kröger
Krohn
Kroll
Kromer
Kron
Kronauer
Kronenberg
Kröni
Kronig
Kropf
Krstic
Krucker
Krueger
Kruesi
Krug
Krüger
Krumm
Krummenacher
Krunic
Kruse
Krüsi
Kryenbühl
Kryeziu
Kübler
Kubli
Kucera
Kuchen
Küchler
Kuci
Kücük
Küderli
Kuebler
Kuechler
Kuehne
Kuemin
Kuendig
Kueng
Kuenzi
Küenzi
Kuenzle
Kuenzler
Kuenzli
Kuepfer
Kuersteiner
Kuettel
Küffer
Kugler
Kuhl
Kuhlmann
Kuhn
Kühn
Kühne
Kühni
Kühnis
Kul
Kuljici
Kull
Külling
Kumar
Kumarasamy
Kümin
Kummer
Kümmerli
Kumschick
Kundert
Kündig
Kunfermann
Küng
Kunkel
Kunz
Kunze
Künzi
Künzle
Künzler
Künzli
Kuonen
Kuoni
Küpfer
Kupferschmid
Kupferschmied
Kupper
Küpper
Kuqi
Kurath
Kuratle
Kuratli
Kurer
Kuriger
Kurmann
Kürsteiner
Kurt
Kurtaj
Kurth
Kurti
Kurtishi
Kurtisi
Kurtoglu
Kurtovic
Kurtulus
Kurtz
Kurz
Kurzen
Kürzi
Kus
Kuser
Kuster
Kutbay
Küttel
Kutter
Kuzmanovic
Kuzu
Kwok
Kyburz
Kym
Laager
Labhart
Lachat
Lacher
Lack
Lackner
Läderach
Ladner
Laederach
Laetsch
Laeubli
Laeuchli
Lafranchi
Lagger
Lagler
Lago
Lai
Laib
Laich
Laimbacher
Lakatos
Lakic
Lakna
Lal
Lalic
Lalive d'Epinay
Lam
Lama
Lamas
Lambert
Lamberti
Lambrigger
Lamm
Lämmler
Lämmli
Lampart
Lamparter
Lampe
Lampert
Lamprecht
Lanciano
Landau
Landert
Landheer
Landis
Landolf
Landolt
Landtwing
Landwehr
Lanfranchi
Lanfranconi
Lang
Läng
Lange
Langenauer
Langenbach
Langenegger
Langensand
Langer
Langhans
Langhard
Langhart
Langmeier
Langone
Lanicca
Lanker
Lanter
Lanz
Lanza
Länzlinger
Larcher
Lardi
Lareida
Largiader
Largo
Larocca
La Rocca
La Roche
La Rosa
Larsen
Larsson
Laski
Lässer
Laszlo
Laternser
Laterza
Latifaj
Latifi
Lätsch
Latscha
Lattmann
Latzer
Lau
Laubacher
Laube
Lauber
Laubi
Läubli
Laubscher
Läuchli
Lauener
Lauer
Laufer
Lauffer
Lauper
Laurent
Lauria
Lautenschlager
Laux
Lavanchy
Lawrence
Lay
Lazar
Lazarevic
Lazic
Lazri
Lazzarini
Lazzaro
Lazzarotto
Le
Leanza
Lebendspender
Leber
Lecaj
Lechleitner
Lechmann
Lechner
Lechthaler
Leci
Leder
Lederer
Ledergerber
Ledermann
Le Donne
Lee
Leeger
Leemann
Leeser
Legler
Lehmann
Lehner
Lehnert
Lehnherr
Lei
Leibacher
Leibundgut
Leimbacher
Leimgruber
Leins
Leis
Leiser
Leisi
Leisinger
Leite
Leitner
Leka
Lekaj
Lekic
Lemke
Lemmenmeier
Lena
Lendenmann
Lendi
Lengacher
Lengen
Lenggenhager
Lengweiler
Lengyel
Lenherr
Lentini
Lenz
Lenzi
Lenzin
Lenzinger
Lenzlinger
Leo
Leonardi
Leone
Leonetti
Leonhard
Leonhardt
Leoni
Leopold
Lepore
Lepori
Lerch
Lerf
Lesi
Letsch
Leu
Leuch
Leuenberger
Leumann
Leung
Leupi
Leupin
Leupp
Leuppi
Leutenegger
Leutert
Leuthard
Leuthold
Leutwiler
Leutwyler
Leuzinger
Levi
Levin
Levy
Lewis
Ley
Li
Liang
Licata
Lichtensteiger
Lichtenstein
Lichtsteiner
Lieb
Lieber
Lieberherr
Liebi
Liebich
Liechti
Liedtke
Lienberger
Lienert
Lienhard
Lienhart
Lier
Liesch
Lika
Lim
Lima
Limacher
Limani
Limberger
Limoni
Lin
Linares
Lindauer
Lindegger
Lindemann
Lindenmann
Linder
Lindinger
Lindner
Lindt
Lingg
Linggi
Liniger
Link
Linke
Lins
Linsi
Lipp
Lippmann
Lippuner
Lips
Lischer
Lisibach
List
Litscher
Litschi
Liu
Liver
Ljatifi
Lleshaj
Lloyd
Lo
Lobsiger
Locatelli
Locher
Loeffel
Loeffler
Loepfe
Loertscher
Loetscher
Loew
Löffel
Löffler
Loganathan
Logiurato
Loher
Lohmann
Lohner
Lohrer
Löhrer
Lohri
Lohse
Lokaj
Lombard
Lombardi
Lombardo
Lombris
Lombriser
Loncar
Long
Longhi
Longo
Looser
Loosli
Lopes
Lopes da Silva
Lopez
Löpfe
Loppacher
Lo Presti
Lorch
Lorenz
Lorenzetti
Lorenzi
Lorenzo
Lorenzon
Loretan
Loretz
Lorez
Lörtscher
Lo Russo
Losa
Loser
Loss
Lötscher
Lott
Lottenbach
Lotti
Lotz
Louis
Loureiro
Lovisi
Lovric
Lovrinovic
Low
Löw
Lowe
Lozano
Lozza
Lu
Lubenovic
Lüber
Luca
Lucas
Lucca
Lucchi
Lucchini
Luchena
Lüchinger
Luchsinger
Luciani
Luciano
Lucic
Luck
Luder
Ludescher
Lüdi
Ludin
Ludwig
Luechinger
Luedi
Lueoend
Luescher
Luethi
Luethy
Luetolf
Luginbuehl
Luginbühl
Luisoni
Lukac
Lukas
Lukic
Luma
Lumani
Luna
Luo
Lüönd
Luongo
Luperto
Lupi
Lupo
Luraschi
Lurati
Lüscher
Lusser
Lussi
Lüssi
Lussmann
Lustenberger
Lusti
Luterbacher
Luther
Lüthi
Luthiger
Lüthy
Lütolf
Lütscher
Lütschg
Lutz
Lützelschwab
Lux
Luz
Luzi
Luzio
Ly
Lyner
Ma
Maag
Maas
Maass
Macchi
Macedo
Mach
Machado
Macher
Mächler
Mack
Macri
Mader
Mäder
Madörin
Maechler
Maeder
Maendli
Maerki
Maffei
Maffeis
Maffi
Mafli
Magalhaes
Mager
Mägerle
Maggi
Maggio
Magnani
Magnano
Magnin
Magri
Magro
Magurano
Magyar
Mahalingam
Mahamed
Mahamud
Mahendran
Maheswaran
Mahler
Mahmood
Mahmoud
Mahmud
Mahmudi
Mahmuti
Mahrer
Mai
Maibach
Maier
Maillard
Maino
Maio
Maiolo
Maione
Maiorano
Mair
Maire
Maissen
Maiullari
Maiwald
Majer
Majic
Majoleth
Major
Majstorovic
Makolli
Maksic
Maksimovic
Maksuti
Malacarne
Malär
Malenovic
Malici
Malik
Malina
Maliqi
Mall
Malnati
Maloku
Maly
Malzacher
Mamie
Mamudi
Mamuti
Mamuzic
Manca
Mancini
Mancino
Manco
Mancosu
Mancuso
Mandic
Mandl
Mändli
Manella
Manetsch
Manfredi
Mangia
Mangold
Manhart
Mani
Maniaci
Mannhart
Manni
Mannino
Manno
Manoharan
Manojlovic
Manser
Mansour
Mantel
Mantovani
Manuel
Manz
Manzo
Manzoni
Mao
Marangoni
Marano
Maranta
Marazzi
Marbach
Marbacher
Marbot
Marchand
Marchese
Marchesi
Marchetti
Marchi
Märchy
Marconi
Mare
Marek
Marelli
Maret
Marfurt
Margadant
Margelisch
Margiotta
Margot
Mariani
Mariano
Maric
Marijanovic
Marin
Marina
Marinaro
Marinelli
Marinello
Marini
Marinkovic
Marino
Mariotti
Maritz
Marjanovic
Mark
Markaj
Markandu
Märki
Markovic
Marks
Marku
Markus
Markwalder
Marolf
Maron
Marotta
Marquard
Marquardt
Marquart
Marques
Marquez
Marquis
Marra
Marrer
Marro
Marrone
Marschall
Marsenic
Marshall
Marta
Marte
Martella
Martelli
Martens
Marthaler
Marti
Martic
Martig
Martin
Martinelli
Martinez
Martini
Martino
Martinoli
Martinovic
Martins
Marton
Martucci
Marty
Marugg
Marusic
Marx
Marxer
März
Marzo
Mascaro
Masi
Masiello
Masina
Mason
Maspoli
Massaro
Masson
Mast
Mastai
Mastrangelo
Mastroianni
Mataj
Matejic
Mathe
Mathier
Mathieu
Mathis
Mathiuet
Mathys
Matic
Matkovic
Matos
Matosevic
Matoshi
Matt
Mattei
Mattenberger
Matter
Mattes
Matthews
Matthey
Matthys
Matti
Mattle
Mattli
Mattmann
Matzinger
Mätzler
Mauch
Mauchle
Mauerhofer
Maurer
Maurhofer
Mauri
Mauro
Mauron
Maute
May
Mayer
Mayor
Mayr
Mazenauer
Mazrekaj
Mazreku
Mazza
Mazzara
Mazzei
Mazzeo
Mazzola
Mazzoleni
Mazzone
Mazzoni
Mazzotta
Mc Donald
Medaglia
Medici
Medina
Meer
Megert
Mehari
Mehic
Mehmann
Mehmedi
Mehmedovic
Mehmetaj
Mehmeti
Mehr
Mehta
Meichtry
Meienberg
Meienberger
Meienhofer
Meier
Meier-Frei
Meierhans
Meierhofer
Meier-Huber
Meier-Meier
Meier-Müller
Meijer
Meile
Meiler
Meili
Meisser
Meissner
Meister
Meisterhans
Meixner
Melcarne
Melcher
Melchior
Mele
Meleleo
Meli
Melillo
Melis
Melliger
Meloni
Melzer
Memedi
Memeti
Memisi
Mena
Mendes
Mendez
Mendoza
Menet
Meng
Menghini
Menn
Mennel
Mensah
Menz
Menzel
Menzi
Meo
Meral
Mercado
Mercier
Mercuri
Mercurio
Mereu
Merino
Merk
Merkel
Merki
Merkle
Merkli
Merkofer
Merkt
Merle
Merlini
Merlo
Mermer
Merola
Meroni
Mersini
Mert
Merten
Mertens
Merz
Mesic
Messer
Messerli
Messikommer
Messina
Messmer
Messner
Meszaros
Meta
Mete
Metin
Metry
Mettauer
Mettier
Mettler
Metz
Metzger
Metzler
Meuli
Meurer
Meury
Meyer
Meyerhans
Meylan
Mezger
Miah
Mian
Miccoli
Miceli
Michael
Michaud
Michel
Micheletti
Micheli
Michels
Michienzi
Michlig
Michos
Micic
Miele
Miescher
Miftari
Miggiano
Migliaccio
Miguel
Mihai
Mihailovic
Mihajlovic
Mijailovic
Mijajlovic
Mijatovic
Mikic
Mikulic
Miladinovic
Milani
Milano
Milanovic
Milenkovic
Milesi
Miletic
Milic
Milicevic
Milinkovic
Milivojevic
Miljanovic
Miljic
Miljkovic
Miller
Milojevic
Miloradovic
Milos
Milosavljevic
Milosevic
Milovanovic
Milutinovic
Milz
Minder
Minelli
Ming
Minic
Minikus
Minnig
Minotti
Miotti
Miraglia
Miranda
Mirer
Miric
Mirkovic
Mirza
Mirzai
Mischler
Mischol
Miserez
Mishra
Misic
Misimi
Misini
Miskovic
Mislimi
Misteli
Mitchell
Mitic
Mitrovic
Mittag
Mittelholzer
Mladenovic
Mlinarevic
Moccetti
Mock
Möckli
Moeckli
Moeller
Moergeli
Moeri
Moesch
Mohamad
Mohamed
Mohamed Ali
Mohammad
Mohammadi
Mohammed
Mohamud
Möhl
Mohler
Mohn
Mohr
Möhr
Möhrle
Molina
Molinari
Molinaro
Moll
Mollah
Möller
Mollet
Molnar
Molteni
Mombelli
Momcilovic
Monaco
Mondini
Monhart
Monn
Monnerat
Monnet
Monney
Monnier
Monsch
Monstein
Montagna
Montalta
Montalto
Montanari
Montandon
Montavon
Monte
Monteiro
Monteleone
Montero
Monti
Monticelli
Moor
Moore
Moos
Moosbrugger
Mooser
Moosmann
Mor
Mora
Morabito
Morach
Morais
Morales
Moran
Morand
Morandi
Morath
Morciano
Mordasini
Moreira
Morel
Morell
Morelli
Morello
Moreno
Moresi
Moret
Moretti
Morf
Morgan
Morganti
Mörgeli
Morgenegg
Morgenstern
Morgenthaler
Morger
Mori
Möri
Morina
Morini
Morisoli
Moritz
Moro
Morosoli
Morris
Morrone
Morscher
Mosbacher
Mosberger
Mosca
Mosch
Mösch
Moser
Mosimann
Mösli
Mostafa
Mota
Motorradunfall
Motta
Mötteli
Mourad
Moussa
Mrdak
Muaremi
Müdespacher
Muehlebach
Muehlemann
Muehlethaler
Mueller
Muench
Muenger
Muentener
Mueri
Muff
Muffler
Muggler
Müggler
Muggli
Mugglin
Muhadri
Muhamad
Muhammad
Muharemi
Muharremi
Muheim
Muhl
Mühle
Mühlebach
Mühlemann
Mühlematter
Mühlethaler
Muhr
Mujaj
Muji
Mukherjee
Mulaj
Muller
Müller
Müller-Keller
Müller-Müller
Müllhaupt
Mülli
Mullis
Müllner
Mumenthaler
Muncan
Münch
Münger
Munoz
Müntener
Muntwiler
Muntwyler
Munz
Murad
Muralt
Muraro
Murat
Murati
Muratovic
Murbach
Murer
Muri
Müri
Muric
Murina
Murmann
Mürner
Murphy
Murray
Murseli
Murtezi
Murugesu
Musa
Music
Musio
Muslija
Muslijaj
Musliji
Musliu
Mustafa
Mustafi
Muster
Musto
Muther
Muthiah
Mutlu
Mutter
Mutti
Mutzner
Mylvaganam
Nabholz
Nacht
Nadarajah
Nadarasa
Nadig
Nadler
Naef
Naegeli
Näf
Nafzger
Nagalingam
Nagarajah
Nagel
Nägele
Nägeli
Nager
Nagler
Nagy
Nair
Nalliah
Nänni
Nanzer
Näpfer
Näpflin
Napoli
Napolitano
Narancic
Nardi
Nardone
Nasser
Nassif
Nastasi
Nasufi
Natale
Natali
Nater
Nathan
Natter
Nauer
Naumann
Nauser
Nava
Navaratnam
Navarro
Nay
Nazari
Nebel
Nedeljkovic
Nedic
Neeracher
Neeser
Nef
Neff
Negash
Negele
Negri
Negro
Neher
Neidhardt
Neidhart
Neiger
Neininger
Nell
Nellen
Nelson
Nemati
Nemeth
Nenadovic
Neri
Nesic
Nessi
Nett
Nettis
Netzer
Neu
Neubauer
Neubert
Neuburger
Neuenschwander
Neufeld
Neugebauer
Neuhaus
Neuhauser
Neukom
Neukomm
Neumaier
Neumann
Neururer
Neuweiler
Neves
Newman
Neyer
Neziraj
Neziri
Ng
Ngo
Nguyen
Nicca
Nick
Nicolet
Nicoletti
Nicoli
Nicolussi
Nideröst
Niederberger
Niederer
Niederhauser
Niederhäuser
Niedermann
Niederoest
Niederöst
Nielsen
Niemann
Niemeyer
Nieth
Nietlisbach
Nietlispach
Nieto
Nievergelt
Niffeler
Niffenegger
Nigg
Niggli
Nigro
Nikic
Nikitovic
Niklaus
Nikles
Nikodijevic
Nikolic
Nikolla
Nikollbibaj
Nikolov
Nikolova
Nikos
Nikqi
Nilsson
Ninkovic
Nitsch
Noack
Nobel
Nobs
Nocco
Nodari
Noetzli
Nogler
Nogueira
Nold
Noll
Nolte
Noori
Nordmann
Noser
Notari
Noth
Nöthiger
Noti
Notter
Notz
Nötzli
Novak
Novakovic
Novotny
Nowak
Noya
Nrecaj
Nuber
Nueesch
Nuenlist
Nüesch
Nuessli
Nufer
Nuhi
Nuhija
Nuhiji
Nuhiu
Nunes
Nunez
Nünlist
Nur
Nuredini
Nushi
Nussbaum
Nussbaumer
Nussberger
Nüssli
Nützi
Nuzzi
Nuzzo
Nydegger
Nyfeler
Nyffeler
Nyffenegger
Oberer
Obergfell
Oberhaensli
Oberhänsli
Oberhauser
Oberholzer
Oberle
Oberli
Oberlin
Oberson
Obi
Obradovic
Obrecht
Obrist
Obst
Ochs
Ochsenbein
Ochsner
Odermatt
Odzini
Oechslin
Oegerli
Oeggerli
Oehen
Oehler
Oehninger
Oehri
Oehrli
Oehy
Oeler
Oertel
Oertig
Oertle
Oertli
Oes
Oesch
Oeschger
Oester
Oesterle
Oetiker
Oetterli
Oettli
Oezcan
Oezdemir
Oezdogan
Oezer
Oezkan
Oezmen
Oeztuerk
Oeztürk
Offner
Ofner
Ogg
Oggenfuss
Oggier
Oguz
Oh
Okle
Olah
Olbrecht
Oldani
Olgiati
Oliva
Oliveira
Oliver
Oliveri
Olivieri
Ollech
Olsen
Olsson
Omar
Omer
Omerovic
Omlin
Ong
Ongaro
Opitz
Oppenheim
Oppermann
Oppikofer
Oppliger
Oral
Orban
Orhan
Orlandi
Orlando
Orler
Orsi
Orsini
Ortega
Ortelli
Ortiz
Ortner
Oruc
Oschwald
Osei
Oser
Osman
Osmanaj
Osmani
Osmanovic
Ospelt
Osswald
Ostermeier
Ostertag
Osterwalder
Ostojic
Oswald
Otero
Ott
Otter
Otth
Ottiger
Ottiker
Ottinger
Otto
Owusu
Özcan
Özdemir
Özer
Özkan
Öztürk
Pabst
Pace
Pache
Pacolli
Padrun
Padrutt
Pagani
Paganini
Pagano
Page
Paglia
Pagliaro
Pagliarulo
Pagnamenta
Pajarola
Pajaziti
Pajic
Pal
Pala
Paladino
Palermo
Pally
Palm
Palma
Palmer
Palmieri
Palumbo
Pan
Panagiotidis
Panchalingam
Panchaud
Pandiani
Pang
Panic
Panico
Pantelic
Pantic
Pantli
Panzer
Paolucci
Papa
Papadimitriou
Papadopoulos
Papageorgiou
Paparo
Papastergios
Pape
Papp
Pappa
Paradiso
Paramalingam
Parameswaran
Paratte
Paravicini
Pardo
Parente
Parini
Paris
Parise
Parisi
Park
Parker
Parla
Parolini
Parpan
Pascale
Pascali
Pascarella
Pasche
Pasquale
Pasquariello
Passalacqua
Passaseo
Passerini
Pastore
Patel
Pathmanathan
Patil
Patscheider
Patt
Patzen
Paul
Pauletto
Pauli
Paulus
Pauly
Paunovic
Pavan
Pavic
Pavlovic
Paz
Pearson
Peci
Pecoraro
Pedersen
Pedrazzi
Pedrazzini
Pedrazzoli
Pedrett
Pedretti
Pedrini
Pedro
Pedrocchi
Pedroni
Pedrotti
Peduzzi
Peer
Pehlivan
Peier
Peixoto
Pejic
Pek
Pellanda
Pellaton
Pellegrini
Pellegrino
Pellet
Pelli
Pelloni
Peluso
Pena
Peng
Pennella
Pennisi
Pepe
Pepic
Pereira
Pereira da Silva
Pereira Da Silva
Pereira dos Santos
Pereira Fernandes
Perera
Peretti
Perez
Pérez
Peric
Perillo
Perini
Perisic
Perkovic
Perler
Perna
Pernet
Perovic
Perren
Perrenoud
Perret
Perri
Perriard
Perrig
Perrin
Perron
Perrone
Perrot
Perrotta
Perry
Persson
Perucchi
Pesce
Pescia
Pesenti
Pesic
Pestalozzi
Peter
Peterer
Peterhans
Petermann
Peters
Petersen
Peterson
Petit
Petkovic
Petracca
Petrachi
Petralia
Petralli
Petri
Petric
Petricevic
Petrig
Petrillo
Petrini
Petrone
Petrov
Petrova
Petrovic
Petruzzi
Petschen
Petter
Petzold
Peverelli
Peyer
Pezzino
Pfaeffli
Pfaendler
Pfaff
Pfaffen
Pfäffli
Pfammatter
Pfändler
Pfanner
Pfau
Pfeffer
Pfeifer
Pfeiffer
Pfenniger
Pfenninger
Pfeuti
Pfiffner
Pfirter
Pfister
Pfisterer
Pfluger
Pflüger
Pfranger
Pfrunder
Pfund
Pfyffer
Pfyl
Pham
Phan
Philipp
Philippe
Phillips
Pianezzi
Pianta
Piatti
Piazza
Picard
Piccinni
Piccinno
Piccione
Piccirillo
Piccolo
Pichler
Pieper
Pieren
Pietsch
Piffaretti
Piguet
Piller
Pilloud
Pilz
Pinggera
Pinheiro
Pini
Pinna
Pino
Pinter
Pinto
Piras
Pircher
Pires
Pireva
Pirovino
Pisani
Pisano
Piscitelli
Pitsch
Pittet
Plangger
Plank
Planta
Planzer
Platter
Plattner
Platz
Platzer
Plavsic
Pleisch
Pletscher
Plozza
Plüer
Pluess
Plüss
Pnishi
Poffet
Pohl
Pohle
Pokorny
Pola
Polak
Polat
Poletti
Poli
Pollak
Polli
Pollini
Poloni
Polozani
Poltera
Ponnampalam
Ponniah
Ponnuthurai
Ponti
Ponzo
Pop
Popa
Popadic
Popaj
Popescu
Popov
Popova
Popovic
Popp
Porchet
Poretti
Porta
Portaluri
Portenier
Portmann
Portner
Posch
Post
Potenza
Pozzi
Prader
Prager
Pranjic
Prati
Praxmarer
Preisig
Preiss
Preiswerk
Preite
Prenaj
Prenkaj
Presicce
Prete
Preuss
Previtali
Price
Prieto
Principe
Prinz
Privitera
Probst
Prochazka
Procopio
Prodanovic
Protopapa
Provenzano
Prvulovic
Puce
Pugliese
Puglisi
Pulfer
Pulver
Pünchera
Püntener
Pürro
Purtschert
Putzi
Qazimi
Qehaja
Qelaj
Qerimi
Qovanaj
Quadri
Quarta
Quintas
Quinter
Quirici
Raab
Raas
Räber
Räbsamen
Racaj
Racic
Racine
Radaelli
Rademacher
Radi
Radic
Radisavljevic
Radivojevic
Radojevic
Radojkovic
Radonjic
Rados
Radosavljevic
Radovanovic
Radovic
Radtke
Radu
Radulovic
Raeber
Raemy
Raess
Raffainer
Ragaz
Rageth
Ragettli
Raggenbass
Ragusa
Raguth
Rahimi
Rahm
Rahman
Rahmani
Rahn
Raimann
Raimondi
Rainer
Rais
Raja
Rajadurai
Rajaratnam
Rajic
Rajkovic
Rakic
Ram
Rama
Ramabaja
Ramadan
Ramadani
Ramaj
Ramalingam
Ramanathan
Ramani
Ramel
Ramensperger
Ramer
Ramesh
Rämi
Ramic
Ramirez
Ramizi
Ramo
Ramos
Ramp
Rampa
Ramsauer
Ramseier
Ramser
Ramseyer
Ramunno
Rana
Randazzo
Randegger
Randone
Ranieri
Rankovic
Rao
Rapold
Rapp
Rappo
Rappold
Rasalingam
Rasch
Raschle
Raselli
Rashid
Rashiti
Rasi
Rasiah
Rasic
Rasiti
Rasmussen
Raso
Räss
Rast
Rastoder
Rath
Räth
Rathgeb
Raths
Ratkovic
Ratnam
Rau
Rauber
Rauch
Rauchenstein
Rauh
Rausa
Rausch
Rauscher
Ravasio
Raveendran
Ravi
Ravindran
Ray
Raymann
Real
Reale
Realini
Rebelo
Reber
Rebetez
Rebmann
Rebsamen
Rech
Rechberger
Recher
Rechsteiner
Reci
Reck
Reding
Redja
Redjepi
Redondo
Redza
Redzepagic
Redzepi
Rees
Regazzoni
Regenscheit
Regez
Regli
Rehli
Rehm
Rehman
Rehmann
Reho
Reich
Reichart
Reichel
Reichelt
Reichen
Reichenbach
Reichert
Reichl
Reichle
Reichlin
Reichling
Reichmuth
Reid
Reidt
Reif
Reifler
Reimann
Reimer
Rein
Reina
Reiner
Reinert
Reinhard
Reinhardt
Reinhart
Reinhold
Reinle
Reinmann
Reis
Reiser
Reisinger
Reiss
Reist
Reiter
Reith
Reithaar
Reitz
Reka
Rellstab
Rempfler
Remund
Remy
Ren
Renaud
Renfer
Rengel
Renggli
Renna
Renner
Rennhard
Renold
Rensch
Rentsch
Renz
Renzi
Reolon
Resch
Reshani
Ress
Rettich
Reumer
Reuss
Reusser
Reust
Reuteler
Reutemann
Reuter
Reutimann
Reutlinger
Rexha
Rexhaj
Rexhepaj
Rexhepi
Rey
Reyes
Reymond
Rezai
Rezzonico
Rhein
Rhiner
Rhomberg
Rhyn
Rhyner
Riahi
Rial
Ribeiro
Ribi
Riccardi
Ricci
Ricciardi
Riccio
Ricco
Rich
Richard
Richards
Richardson
Richartz
Richi
Richiger
Richina
Richle
Richli
Richner
Richter
Rickenbach
Rickenbacher
Rickenmann
Rickli
Ricklin
Rieben
Riechsteiner
Ried
Riedel
Riedener
Rieder
Riederer
Riedi
Riediker
Riedl
Riedmann
Riedo
Riedweg
Rieger
Riegler
Rieker
Riem
Ries
Riesen
Rieser
Riess
Riester
Riethmann
Rietmann
Rigamonti
Rigert
Righetti
Rigling
Rigoni
Rihm
Rihs
Riklin
Rimann
Rimensberger
Rimoldi
Rinaldi
Rinderer
Rinderknecht
Rindisbacher
Rindlisbacher
Riner
Ring
Ringgenberg
Ringger
Ringli
Riniker
Rios
Rippstein
Ris
Risch
Rischatsch
Riser
Risi
Risler
Riso
Rissi
Rist
Ristic
Ritler
Ritschard
Ritter
Ritz
Ritzmann
Riva
Rivas
Rivera
Rizvani
Rizvic
Rizzello
Rizzi
Rizzo
Rizzuto
Robbiani
Robelli
Robert
Roberts
Robertson
Robinson
Robles
Robmann
Roca
Rocca
Rocco
Rocha
Rochat
Roci
Rodel
Roder
Röder
Rodoni
Rodrigues
Rodrigues da Silva
Rodrigues Fernandes
Rodriguez
Roduner
Roelli
Roellin
Roemer
Roesch
Roeschli
Roesler
Roesli
Roethlisberger
Roffler
Rogantini
Rogenmoser
Rogers
Rogg
Rogger
Roggo
Rohde
Rohner
Rohr
Rohrbach
Rohrer
Rojas
Rolli
Rölli
Röllin
Rom
Roman
Romann
Romano
Rombach
Romeo
Romer
Römer
Romero
Rominger
Rommel
Ronchetti
Ronchi
Roncoroni
Rondinelli
Ronner
Roos
Röösli
Roost
Rordorf
Ros
Rosa
Rosafio
Rosamilia
Rosano
Rosario
Rosato
Rösch
Roschi
Röschli
Roscic
Rose
Rosenast
Rosenbaum
Rosenberg
Rosenberger
Rosenfeld
Rosenfelder
Rosenkranz
Rosenthal
Roser
Roshard
Roshardt
Rösler
Rösli
Rosner
Ross
Rossel
Rosser
Rosset
Rossetti
Rossi
Rossier
Rossini
Rössler
Rossmann
Rost
Rota
Rotach
Roten
Roth
Rothacher
Rothe
Rötheli
Rothen
Rothenberger
Rothenbühler
Rothenfluh
Rother
Rothlin
Röthlin
Röthlisberger
Rothmund
Rothschild
Rothweiler
Rotondo
Rotter
Rotzer
Rotzetter
Rouiller
Roulet
Roulin
Roux
Roy
Rrudhani
Rub
Rubi
Rubin
Rubino
Rubio
Rubli
Ruch
Ruchti
Ruckli
Ruckstuhl
Rüd
Ruder
Rudhani
Rudi
Rudin
Rüdisühli
Rüdisüli
Rudolf
Rudolf von Rohr
Rudolph
Rüede
Ruedi
Rüedi
Ruedin
Ruedisuehli
Ruedisueli
Rueedi
Rueeger
Rueegg
Rueegger
Rueesch
Ruef
Ruefenacht
Rueger
Rüeger
Ruegg
Rüegg
Ruegger
Rüegger
Ruegsegger
Rüegsegger
Ruepp
Ruesch
Rüesch
Ruess
Ruetimann
Ruetsche
Ruetschi
Rüetschi
Ruettimann
Ruetz
Ruf
Rufati
Rüfenacht
Rufener
Rufer
Ruff
Ruffieux
Ruffiner
Rufli
Rüger
Ruggeri
Ruggieri
Ruggiero
Ruggle
Ruggli
Ruh
Rühli
Ruhstaller
Ruiz
Rukavina
Rullo
Rumpf
Runge
Ruoff
Ruosch
Ruoss
Rupf
Rupp
Ruppanner
Ruppen
Rupper
Ruppert
Ruppli
Ruprecht
Rusca
Rusch
Rüsch
Rusconi
Rushiti
Rusiti
Russ
Russell
Russenberger
Russi
Russo
Rust
Rüst
Rustemi
Rusterholz
Rüthemann
Rütimann
Rutishauser
Rütsche
Rutschi
Rütschi
Rutschmann
Rütti
Rüttimann
Rutz
Rutzer
Ryan
Rychener
Ryf
Ryffel
Rykart
Rymann
Ryser
Ryter
Rytz
Saad
Sabani
Sabato
Sabedini
Sabic
Sabo
Sabotic
Sacchet
Sacchi
Sacco
Sacher
Sachs
Sachse
Sacipi
Saciri
Sadikaj
Sadiki
Sadikovic
Sadiku
Sadrija
Sadriji
Sadriu
Saeed
Saegesser
Saez
Safi
Sager
Sägesser
Saglam
Sahin
Sahitaj
Sahiti
Sahli
Said
Saidi
Saile
Sailer
Saini
Saiti
Sakiri
Sala
Saladin
Salah
Salamin
Salathe
Salazar
Saleh
Salerno
Salgado
Salhi
Sali
Salih
Salihi
Salihovic
Salihu
Saliji
Salim
Salis
Saliu
Sallauka
Sallenbach
Saller
Salm
Salman
Salomon
Saluz
Salvador
Salvati
Salvatore
Salvi
Salvini
Salvisberg
Salzgeber
Salzmann
Samardzic
Sameli
Sami
Samuel
San
Sanapo
Sanchez
Sander
Sanders
Sandmeier
Sandor
Sandoz
Sandri
Saner
Sanfilippo
Sangiorgio
Sani
Sanli
Sanna
Sansone
Santamaria
Santana
Santangelo
Santi
Santiago
Santini
Santoro
Santos
Santschi
Santucci
Sapienza
Sarac
Saracino
Saravanamuthu
Sarbach
Sarcevic
Saredi
Sari
Saric
Sarikaya
Saritas
Sarkar
Sarker
Sarno
Sartori
Sassi
Sathasivam
Sato
Sattler
Säuberli
Sauder
Sauer
Saur
Saurenmann
Saurer
Sauser
Sauter
Sautter
Savary
Savic
Savoca
Savoia
Savoldelli
Sax
Saxer
Sayin
Sbarra
Scacchi
Scala
Scandella
Scarcella
Scarcia
Scarnato
Schaad
Schaaf
Schaal
Schacher
Schad
Schade
Schadegg
Schädeli
Schädler
Schaedler
Schaefer
Schaepper
Schaeppi
Schaer
Schaerer
Schaerli
Schaetti
Schaettin
Schafer
Schäfer
Schaffer
Schaffhauser
Schafflützel
Schaffner
Schäfli
Schafroth
Schai
Schaich
Schait
Schalch
Schalcher
Schälchli
Schaller
Schällibaum
Schaltegger
Schamberger
Schaniel
Schanz
Schäpper
Schäppi
Schär
Schären
Schärer
Scharf
Schärli
Schatt
Schätti
Schättin
Schatz
Schätzle
Schatzmann
Schaub
Schäuble
Schäublin
Schauer
Schaufelberger
Schauwecker
Schawalder
Scheck
Schedler
Scheer
Schefer
Scheffler
Schegg
Scheiber
Scheibler
Scheibli
Scheidegger
Scheifele
Scheiner
Scheitlin
Scheiwiller
Schelbert
Schelbli
Schelker
Schell
Schellenbaum
Schellenberg
Scheller
Schelling
Schena
Schenk
Schenkel
Schenker
Scherer
Scherler
Scherrer
Schertenleib
Scherz
Scherzinger
Scheu
Scheuber
Scheuble
Scheuchzer
Scheuermann
Scheuermeier
Scheurer
Schiavano
Schiavi
Schiavone
Schibig
Schibler
Schibli
Schick
Schicker
Schiegg
Schiess
Schiesser
Schiffer
Schifferle
Schifferli
Schiffmann
Schild
Schildknecht
Schill
Schiller
Schillig
Schilliger
Schilling
Schillinger
Schilt
Schilter
Schiltknecht
Schindler
Schinz
Schipani
Schirinzi
Schirmer
Schlachter
Schlaefli
Schlaepfer
Schläfli
Schlagenhauf
Schlapbach
Schläpfer
Schläppi
Schlatter
Schlauri
Schlecht
Schlegel
Schleich
Schleiss
Schlenker
Schleuniger
Schlienger
Schlittler
Schlosser
Schlotterbeck
Schluchter
Schluep
Schlumberger
Schlumpf
Schlund
Schlup
Schmalz
Schmassmann
Schmed
Schmelzer
Schmid
Schmider
Schmidhalter
Schmidhauser
Schmidheiny
Schmidig
Schmidiger
Schmidinger
Schmidli
Schmidlin
Schmidmeister
Schmid-Müller
Schmidt
Schmied
Schmitt
Schmitter
Schmitz
Schmocker
Schmucki
Schmuckli
Schmuki
Schmutz
Schnarwiler
Schneckenburger
Schneebeli
Schneeberger
Schnegg
Schneider
Schneiter
Schnell
Schneller
Schnelli
Schnellmann
Schnetzer
Schnetzler
Schneuwly
Schnider
Schnidrig
Schnieper
Schnorf
Schnoz
Schnueriger
Schnüriger
Schnurrenberger
Schnyder
Schöb
Schober
Schoch
Schocher
Schoder
Schoeb
Schoen
Schoenbaechler
Schoenenberger
Schoenholzer
Schoeni
Schoepf
Schoepfer
Scholl
Schollenberger
Scholten
Scholz
Schön
Schönauer
Schönbächler
Schönberger
Schönenberg
Schönenberger
Schönfeld
Schönholzer
Schöni
Schönmann
Schoop
Schöpf
Schöpfer
Schorer
Schori
Schorn
Schorno
Schorr
Schorta
Schott
Schöttli
Schrader
Schrag
Schramm
Schraner
Schranz
Schreiber
Schreier
Schreiner
Schrepfer
Schreyer
Schriber
Schröder
Schroeder
Schroeter
Schroff
Schröter
Schrott
Schubert
Schubiger
Schuchter
Schück
Schudel
Schuepbach
Schuepfer
Schüepp
Schuerch
Schuermann
Schuetz
Schuh
Schuhmacher
Schüle
Schuler
Schüler
Schulte
Schultheiss
Schulthess
Schultz
Schultze
Schulz
Schulze
Schumacher
Schumann
Schümperli
Schuoler
Schüpbach
Schüpfer
Schupp
Schuppisser
Schuppli
Schürch
Schürer
Schürmann
Schürpf
Schurr
Schurtenberger
Schurter
Schuster
Schütt
Schütz
Schutzbach
Schütze
Schwab
Schwabe
Schwager
Schwaiger
Schwaller
Schwalm
Schwammberger
Schwander
Schwaninger
Schwank
Schwarb
Schwartz
Schwarz
Schwarzbach
Schwarzenbach
Schwarzer
Schwarzmann
Schwegler
Schweiger
Schweingruber
Schweiter
Schweitzer
Schweizer
Schwendeler
Schwendener
Schwendimann
Schwendinger
Schwengeler
Schwenk
Schweri
Schwertfeger
Schwery
Schwerzmann
Schwitter
Schwizer
Schwob
Schwyn
Schwyter
Schwyzer
Sciacca
Scola
Scotoni
Scott
Secchi
Sedlacek
Seebacher
Seeberger
Seeger
Seeholzer
Seeli
Seelig
Seemann
Seevaratnam
Seewer
Sefedini
Seferi
Seger
Seglias
Segmüller
Seibert
Seibold
Seidel
Seidenberg
Seidl
Seidler
Seifert
Seiler
Seitz
Seiz
Sejdaj
Sejdiji
Sejdiu
Sejfulai
Seker
Sekinger
Sekulic
Selami
Sele
Selimaj
Selimi
Selimovic
Seliner
Selinger
Seljmani
Sellathurai
Selliah
Selmani
Selva
Selvarajah
Selvarasa
Selvaratnam
Semadeni
Semeraro
Sen
Sena
Sener
Senften
Sengül
Sengupta
Senn
Sennhauser
Sennrich
Senti
Sentürk
Serafini
Serena
Sergi
Serifi
Serio
Serra
Serrano
Serratore
Sert
Sessa
Sestito
Sethi
Sette
Setz
Seven
Severino
Seyfert
Sezer
Sgier
Shabanaj
Shabani
Shah
Shahin
Shahini
Shaikh
Shaini
Shala
Shanmugam
Shanmuganathan
Shaqiri
Sharif
Sharifi
Sharma
Shashivari
Shaw
Shehu
Sheikh
Shen
Sherif
Sherifi
Shi
Shillova
Shkodra
Shkodriqi
Shrestha
Shtanaj
Shtufi
Shumolli
Siber
Sibilia
Sibold
Siciliano
Sicuro
Sidler
Siebenmann
Sieber
Siebert
Sieg
Siegel
Siegenthaler
Sieger
Siegfried
Siegl
Siegmann
Siegrist
Siegwart
Sierra
Sievi
Sigel
Sigg
Signer
Signorell
Sigrist
Sigron
Sijaric
Silberschmidt
Silva
Silvestri
Simeon
Simeone
Simeunovic
Simic
Simmen
Simmler
Simoes
Simon
Simone
Simonet
Simonett
Simonetta
Simoni
Simonin
Simonovic
Simons
Simpson
Simsek
Sinani
Singenberger
Singer
Singh
Sinnathamby
Sinnathurai
Sinniah
Sinniger
Sipos
Sivakumar
Sivalingam
Sivanesan
Sixt
Skenderi
Slongo
Smajic
Smajli
Smit
Smith
Soares
Sodano
Soder
Sofia
Softic
Sohm
Sokolova
Sola
Soland
Solari
Solazzo
Solca
Soldati
Soldini
Solenthaler
Soler
Solèr
Soliman
Solinger
Solis
Soliva
Sollberger
Soller
Solombrino
Solomon
Soltermann
Somaini
Somasundaram
Somm
Somma
Sommer
Sommerau
Sommerfeld
Sommerhalder
Somogyi
Sonanini
Sonder
Sonderegger
Sonderer
Sonetto
Song
Soni
Sönmez
Soom
Sopa
Sopaj
Sopi
Sopjani
Sörensen
Sorg
Soriano
Sorrentino
Sosic
Soto
Sousa
Souto
Sow
Soysal
Spaar
Spada
Spadaro
Spadin
Spaeni
Spagnolo
Spagnuolo
Spahic
Spahija
Spahiu
Spahn
Spahni
Spahr
Spalinger
Spaltenstein
Spälti
Späni
Spano
Spasic
Spasojevic
Spataro
Späth
Specchia
Specht
Speck
Specker
Speckert
Specogna
Speich
Speidel
Speiser
Spencer
Spengler
Sperandio
Speranza
Sperb
Sperduto
Sperisen
Spescha
Spicher
Spichiger
Spichtig
Spiegel
Spiegelberg
Spieler
Spielmann
Spieser
Spiess
Spiller
Spillmann
Spina
Spinas
Spindler
Spinelli
Spinner
Spinnler
Spirgi
Spiri
Spirig
Spitz
Spitzer
Spitzli
Spitznagel
Spleiss
Spoerri
Spörli
Spörndli
Spörri
Sprecher
Spreiter
Spreng
Sprenger
Spring
Springer
Sprunger
Spuehler
Spuhler
Spühler
Spuler
Spycher
Srikanthan
Sritharan
Srivastava
Stabile
Stäbler
Stacher
Städeli
Stadelmann
Stadler
Städler
Stadlin
Stadtmann
Staedeli
Staeger
Staeheli
Staehelin
Staehli
Staehlin
Staempfli
Staerkle
Staeuble
Staeubli
Staffelbach
Stäger
Stagliano
Stahel
Stäheli
Stähelin
Stahl
Stähli
Stählin
Staiger
Stajic
Stalder
Stamenkovic
Stamm
Stammbach
Stampanoni
Stampfli
Stämpfli
Stanek
Stangl
Stanic
Stanisic
Stankovic
Stanojevic
Stapfer
Stappung
Starcevic
Stark
Starke
Stasolla
Staub
Stauber
Stäuble
Staubli
Stäubli
Staudacher
Staudenmann
Stauffacher
Stauffer
Stauss
Stebler
Stecher
Steck
Stefan
Stefanelli
Stefani
Stefania
Stefanov
Stefanovic
Steffen
Stefos
Stegemann
Steger
Stegmann
Stehle
Stehli
Stehlin
Stehrenberger
Steiger
Steigmeier
Steimen
Steimer
Stein
Steinacher
Steinauer
Steinbach
Steinbeck
Steinberger
Steinegger
Steinemann
Steiner
Steingruber
Steinhauer
Steinhauser
Steininger
Steinke
Steinlin
Steinmann
Steinmetz
Stella
Stelzer
Stemmer
Stemmle
Stengele
Stenz
Stepanovic
Stephan
Sterchi
Stergiou
Sterki
Stern
Stettbacher
Stettler
Steuble
Steudler
Steuer
Steurer
Steuri
Stevanovic
Stevens
Stevenson
Stevic
Stewart
Stich
Sticher
Stiefel
Stieger
Stierli
Stierlin
Stiffler
Stiller
Stillhard
Stillhart
Stingelin
Stirnemann
Stirnimann
Stock
Stocker
Stöckli
Stöcklin
Stockmann
Stoeckli
Stoecklin
Stoessel
Stofer
Stoffel
Stoffner
Stohler
Stöhr
Stojadinovic
Stojanov
Stojanovic
Stojic
Stojiljkovic
Stojkaj
Stojkovic
Stokic
Stoll
Stoller
Stolz
Stomeo
Stone
Stoob
Stoop
Stooss
Stoppa
Storchenegger
Störi
Storni
Storrer
Storz
Stosic
Stössel
Stotz
Straessle
Straessler
Strähl
Strahm
Strasser
Strässle
Strässler
Strassmann
Straub
Straubhaar
Strauch
Sträuli
Straumann
Strauss
Strazzella
Strebel
Streckeisen
Strehler
Streich
Streicher
Streiff
Streit
Streule
Streuli
Streun
Stricker
Strickler
Strimer
Stritt
Strittmatter
Strobel
Strobl
Strohmeier
Strolz
Strotz
Strub
Strübi
Strübin
Strüby
Struchen
Strupler
Stuber
Stübi
Stücheli
Stucker
Stucki
Stucky
Studach
Studer
Studerus
Studhalter
Studler
Stüdli
Stuessi
Stühlinger
Stuker
Stulz
Stump
Stumpf
Stünzi
Stupar
Sturm
Stürm
Sturz
Sturzenegger
Stürzinger
Stüssi
Stutz
Stutzer
Styger
Su
Suarez
Subotic
Subramaniam
Sudan
Suess
Süess
Suh
Suhner
Sula
Sulaiman
Suleiman
Sulejmani
Sulger
Suli
Sulimani
Sullivan
Sulmoni
Sulser
Sultan
Sulzberger
Sulzer
Summermatter
Sun
Sunier
Suozzi
Suppa
Suppiger
Surbeck
Surber
Suremann
Susak
Susnja
Süss
Süssli
Süsstrunk
Suter
Sutter
Sütterlin
Sutz
Svensson
Svoboda
Swoboda
Sydler
Syed
Syfrig
Syla
Sylaj
Sylejmani
Syz
Szabo
Szalay
Szilagyi
Szücs
Taddei
Taddeo
Tadic
Tafilaj
Taha
Taher
Tahir
Tahiraj
Tahiri
Taiana
Tairi
Takacs
Talaj
Talarico
Taleb
Tam
Tamagni
Tamborini
Tamburini
Tan
Tang
Tanieli
Tanner
Tännler
Tanno
Tanrikulu
Taormina
Tarantino
Tarnutzer
Tas
Täschler
Tasic
Taskin
Tassone
Tastan
Tatavitto
Tatli
Tauber
Tavares
Taverna
Taycimen
Taylor
Tedaldi
Tedeschi
Tedesco
Teichmann
Teixeira
Tejic
Teke
Tekeste
Tekin
Tellenbach
Telli
Temel
Temperli
Tempini
Tenger
Tepe
Terranova
Terrier
Terzi
Terzic
Tesfay
Tesic
Testa
Tester
Tettamanti
Teuber
Teuscher
Tewelde
Tgetgel
Thaci
Thaler
Thali
Thalmann
Thambirajah
Thanabalasingam
Thangarajah
Thaqi
Tharmalingam
Theiler
Theis
Theler
Theus
Thevarajah
Thiel
Thiele
Thieme
Thierstein
Thirunavukkarasu
Thiyagarajah
Thoeni
Thoeny
Thom
Thoma
Thomann
Thomas
Thomet
Thomi
Thommen
Thompson
Thomsen
Thomson
Thöni
Thöny
Thrier
Thuer
Thüler
Thum
Thür
Thurairajah
Thuraisingam
Thürig
Thüring
Thürlemann
Thurner
Thurnheer
Thurnherr
Thut
Tichy
Tiefenauer
Tiefenbacher
Tiefenthaler
Tillmann
Tinguely
Tinner
Tischhauser
Tissot
Tiziani
Tobler
Toci
Todaro
Todesco
Todic
Todorovic
Tödtli
Toenz
Toggenburger
Toggweiler
Tognella
Togni
Tognola
Tokay
Tolaj
Tolic
Tollardo
Toller
Toma
Tomas
Tomaschett
Tomasi
Tomasini
Tomic
Tommasi
Tommasini
Tonet
Töngi
Tonini
Tonolla
Tönz
Topalli
Topalovic
Topic
Toprak
Torgler
Torre
Torres
Torriani
Torti
Torun
Toscan
Toscano
Tosic
Toska
Tosoni
Tosun
Toth
Tozzi
Trabelsi
Traber
Trachsel
Trachsler
Trailovic
Trajkovic
Tran
Trapletti
Trapp
Traub
Trauffer
Trautmann
Traxler
Treichler
Treier
Tremp
Trepp
Treppensturz
Tresch
Trevisan
Treyer
Trezzini
Tribelhorn
Triet
Trifunovic
Trigili
Trindler
Trinkler
Tritten
Tritto
Troesch
Troisi
Troller
Trolli
Tröndle
Trösch
Trost
Trottmann
Trovato
Troxler
Trüb
Trudel
Trueb
Trüeb
Truempy
Truetsch
Truffer
Trummer
Trümpi
Trümpler
Trümpy
Truniger
Truninger
Trunz
Truog
Truong
Trüssel
Trutmann
Trütsch
Truttmann
Tschabold
Tschachtli
Tschan
Tschannen
Tschanz
Tscharner
Tschenett
Tscherrig
Tschirky
Tschirren
Tschopp
Tschudi
Tschudin
Tschudy
Tschuemperlin
Tschui
Tschumi
Tschumper
Tschümperlin
Tschuor
Tschupp
Tschuppert
Tsegay
Tsering
Tucci
Tuchschmid
Tuena
Tuna
Tunaj
Tunc
Tuncer
Tuor
Turan
Turgut
Turhan
Türk
Türkmen
Türler
Turner
Turtschi
Tüscher
Tusi
Twerenbold
Tzikas
Ucar
Uddin
Udovicic
Uebelhart
Uebersax
Uehli
Uehlinger
Ueltschi
Uenal
Uetz
Ugur
Uhl
Uhler
Uhlig
Uhlmann
Uhr
Uka
Ukaj
Ukshini
Ulas
Ulbrich
Ullah
Ulli
Ullmann
Ullrich
Ulmann
Ulmer
Ulmi
Ulrich
Umbricht
Umiker
Ünal
Unger
Ungricht
Unholz
Unold
Unseld
Unternaehrer
Unternährer
Untersander
Untersee
Urban
Urben
Urech
Urfer
Urosevic
Urscheler
Urso
Ursprung
Uruqi
Urwyler
Usai
Useini
Uslu
Usta
Usteri
Uthayakumar
Utiger
Uttinger
Utz
Utzinger
Uyar
Uysal
Uzelac
Uzun
Uzuner
Vaccaro
Vago
Vajda
Valenta
Valente
Valenti
Valentin
Valentini
Valentino
Valerio
Valli
Vallipuram
Valsangiacomo
Valsecchi
Vannini
Vanoli
Vanoni
Varela
Varga
Vargas
Varone
Varrese
Vasella
Vasic
Vasiljevic
Vasquez
Vassalli
Vassella
Vassiliou
Vaterlaus
Vaucher
Vaz
Vazquez
Vecchio
Vega
Veit
Vejseli
Velickovic
Velija
Velijaj
Veliji
Veliu
Veljkovic
Vella
Veloso
Velupillai
Venakis
Venditti
Venetz
Venezia
Veneziano
Ventre
Ventura
Venturini
Venzin
Veraguth
Verardi
Verardo
Verma
Vernier
Veronesi
Vescovi
Veseli
Veselinovic
Vetsch
Vettas
Vetter
Vetterli
Vettiger
Vicari
Vicente
Vidakovic
Vidal
Vidic
Vidovic
Vieira
Vieli
Vifian
Vigliotti
Vigneswaran
Vignola
Vijayakumar
Villa
Villani
Villano
Villanueva
Villar
Villard
Villiger
Villinger
Vils
Vinca
Vincent
Vincenti
Vincenz
Vinci
Vinzens
Viola
Vischer
Visconti
Visentin
Visser
Visvalingam
Vita
Vital
Vitale
Vitali
Vivarelli
Viviani
Vo
Vock
Voegele
Voegeli
Voegelin
Vogel
Vogelbacher
Vögele
Vögeli
Vögelin
Vogelsang
Vogelsanger
Vogl
Vogler
Vogt
Vögtli
Vögtlin
Voigt
Voirol
Voit
Vojinovic
Vokshi
Volk
Volkart
Volken
Vollenweider
Vollmer
Völlmin
Volpe
Volpi
Volz
von Aesch
Von Aesch
von Ah
Von Ah
von Albertini
Von Albertini
von Allmen
Von Allmen
von Arb
Von Arb
Vonarburg
von Arx
Von Arx
von Ballmoos
Von Ballmoos
von Bergen
Von Bergen
von Bueren
Von Bueren
von Büren
Von Büren
von Burg
Von Burg
von Dach
Von Dach
von Däniken
Von Däniken
von der Crone
Von der Crone
von Deschwanden
Von Deschwanden
Vonesch
von Euw
Von Euw
von Felten
Von Felten
von Flüe
Von Flüe
von Grünigen
Von Grünigen
von Gunten
Von Gunten
von Holzen
Von Holzen
von Kaenel
Von Kaenel
von Känel
Von Känel
Vonlanthen
von Matt
Von Matt
von Moos
Vonmoos
Von Moos
von Muralt
Von Muralt
von Niederhäusern
Von Niederhäusern
von Orelli
Von Orelli
von Ow
Von Ow
von Planta
Von Planta
von Rickenbach
Von Rickenbach
von Rohr
Von Rohr
von Rotz
Von Rotz
Vonrufs
von Salis
Von Salis
von Schulthess
Von Schulthess
von Siebenthal
Von Siebenthal
von Tobel
Vontobel
Von Tobel
von Wartburg
Von Wartburg
von Weissenfluh
Von Weissenfluh
Vonwiller
von Wyl
Von Wyl
Vorburger
Voser
Voss
Votta
Vranic
Vranjes
Vu
Vucic
Vuckovic
Vuille
Vuilleumier
Vujic
Vukadin
Vukasinovic
Vukovic
Vuletic
Vuong
Vural
Waber
Wachter
Wächter
Wacker
Wäckerli
Wäckerlin
Waeber
Waechter
Waeckerlin
Waeger
Waelchli
Waelti
Waespe
Waespi
Wäfler
Wägeli
Wagen
Wäger
Wägli
Wagner
Wahl
Wahlen
Wahli
Wahrenberger
Waibel
Walch
Walcher
Wälchli
Waldburger
Walde
Walder
Waldis
Waldispühl
Waldmann
Waldmeier
Waldner
Waldvogel
Walker
Wallace
Wälle
Waller
Wälli
Wallimann
Walliser
Wallner
Walpen
Walser
Walsh
Walt
Wälte
Walter
Waltert
Walthard
Walther
Walthert
Walti
Wälti
Wälty
Walz
Walzer
Wampfler
Wandeler
Wang
Wanger
Wangler
Wannenmacher
Wanner
Wanzenried
Ward
Wartenweiler
Wartmann
Wasem
Waser
Wasescha
Wasmer
Wäspe
Wäspi
Wasser
Wasserfallen
Wassmer
Watkins
Watson
Wattenhofer
Wattinger
Webb
Weber
Wechsler
Weck
Weder
Wegener
Weger
Wegmann
Wegmueller
Wegmüller
Wegner
Wehrle
Wehrli
Wei
Weibel
Weideli
Weidmann
Weiersmüller
Weigel
Weil
Weilenmann
Weiler
Weinberg
Weinberger
Weiner
Weingart
Weingartner
Weinmann
Weis
Weise
Weishaupt
Weiss
Weissen
Weissenberger
Weisser
Weisshaupt
Weisskopf
Weissmann
Weisstanner
Wellauer
Weller
Wellig
Wellinger
Welte
Welter
Welti
Wendel
Wendler
Wendt
Wenger
Wengi
Wenk
Wenzel
Wenzinger
Wenzler
Wepf
Wepfer
Werder
Werffeli
Werlen
Wermelinger
Wermuth
Werner
Wernli
Werren
Werro
Werth
Werthmueller
Werthmüller
Wertli
Werz
Wespe
Wespi
Wessel
Wessner
West
Westermann
Wetli
Wettach
Wetter
Wettler
Wettstein
Wetzel
Wey
Weyeneth
Weyermann
White
Wichert
Wichser
Wick
Wickart
Wicker
Wicki
Wickihalder
Wickli
Wicky
Wider
Widler
Widmann
Widmeier
Widmer
Widrig
Wiedemann
Wiedemeier
Wiedenmann
Wiedenmeier
Wiederkehr
Wiedler
Wiedmann
Wiedmer
Wiegand
Wieland
Wieler
Wiese
Wiesendanger
Wieser
Wiesli
Wiesmann
Wiesner
Wietlisbach
Wiget
Wiggenhauser
Wigger
Wihler
Wild
Wildberger
Wildbolz
Wilde
Wildermuth
Wildhaber
Wildi
Wilhelm
Wilke
Will
Wille
Willems
Willen
Willener
Willi
Williams
Willimann
Williner
Willy
Wilms
Wilson
Wimmer
Windisch
Windler
Windlin
Winet
Wingeier
Winiger
Winistoerfer
Winistörfer
Winkelmann
Winkler
Winteler
Winter
Winterberg
Winterberger
Winterhalter
Wintsch
Winzeler
Winzenried
Wipf
Wipfli
Wiprächtiger
Wirth
Wirtz
Wirz
Wiser
Wisler
Wismer
Wisniewski
Wiss
Wissmann
With
Witschi
Witt
Witte
Wittenwiler
Wittlin
Wittmann
Wittmer
Wittweiler
Wittwer
Witzig
Wobmann
Wohler
Wohlgemuth
Wohlgensinger
Wohlwend
Wohnlich
Wöhrle
Wolf
Wolfensberger
Wolfensperger
Wolfer
Wolff
Wolfisberg
Wölfle
Wollenmann
Wolter
Wong
Wood
Woods
Woodtli
Wörner
Worni
Wright
Wu
Wueest
Wuergler
Wuermli
Wuersch
Wuerth
Wuest
Wüest
Wuethrich
Wuffli
Wüger
Wuhrmann
Wulf
Wullschleger
Wunderli
Wunderlich
Wunderlin
Würgler
Würmli
Würsch
Würsten
Würth
Wüst
Wüthrich
Wyden
Wyder
Wydler
Wyer
Wyler
Wymann
Wyniger
Wyrsch
Wyser
Wyss
Wyssen
Wyssling
Wyttenbach
Xavier
Xhaferi
Xheladini
Xhelili
Xhemaili
Xiao
Xie
Xu
Yagci
Yagis
Yalcin
Yalcinkaya
Yalin
Yaman
Yan
Yanez
Yang
Yao
Yaprak
Yasar
Yavas
Yavuz
Yazici
Ye
Yeboah
Yemane
Yesil
Yigit
Yildirim
Yildiz
Yilmaz
Yoganathan
Yohannes
Yorulmaz
Younes
Young
Yousef
Youssef
Yu
Yuan
Yüce
Yücel
Yüksel
Yusuf
Zach
Zäch
Zacheo
Zachmann
Zaech
Zahiri
Zahler
Zahn
Zahnd
Zahner
Zähner
Zahno
Zairi
Zala
Zambelli
Zambon
Zamboni
Zambonin
Zampatti
Zander
Zandonella
Zanella
Zanelli
Zanetti
Zangerl
Zangger
Zani
Zanin
Zanini
Zanni
Zanolari
Zanoli
Zanon
Zanoni
Zappa
Zaric
Zaugg
Zberg
Zbinden
Zdravkovic
Zeaiter
Zec
Zecca
Zecevic
Zech
Zeciri
Zeder
Zegg
Zehnder
Zehr
Zeidler
Zeier
Zeindler
Zeiter
Zeka
Zekaj
Zekic
Zekiri
Zelger
Zeller
Zellweger
Zeltner
Zemp
Zendeli
Zeneli
Zengaffinen
Zenger
Zenhaeusern
Zenhäusern
Zenker
Zenklusen
Zentner
Zenuni
Zeqiraj
Zeqiri
Zesiger
Zeugin
Zgraggen
Zhang
Zhao
Zheng
Zhou
Zhu
Ziba
Ziberi
Zibung
Ziegler
Zigerlig
Zihler
Zihlmann
Zilic
Zillig
Ziltener
Zimmer
Zimmerli
Zimmermann
Zindel
Zingg
Zinggeler
Zingre
Zink
Zinniker
Zinsli
Zioerjen
Ziogas
Ziörjen
Ziswiler
Zito
Zivanovic
Zivkovic
Zöbeli
Zobrist
Zocco
Zoebeli
Zogaj
Zogg
Zoller
Zöllig
Zolliker
Zollikofer
Zollinger
Zöllner
Zopfi
Zoppi
Zoric
Zorn
Zortea
Zorzi
Zoss
Zosso
Zryd
Zuber
Zuberbuehler
Zuberbühler
Zuberi
Zubler
Züblin
Zubonja
Zucker
Zueger
Zuellig
Zuend
Zuercher
Zuerrer
Zuest
Zufferey
Züger
Zuka
Zulali
Zulauf
Zulbeari
Zulian
Zuliani
Zulji
Züllig
Zulliger
Zullino
Zumbach
Zumbrunn
Zumbrunnen
Zumbuehl
Zumbühl
Zumeri
Zumsteg
Zumstein
Zünd
Zuppiger
Zuppinger
Zurbriggen
Zurbrügg
Zurbuchen
Zürcher
Zurfluh
Zurflüh
Zurkinden
Zurkirchen
Zurlinden
Zurmühle
Zürrer
Züst
Zuta
Zutter
Zwahlen
Zwald
Zweidler
Zweifel
Zwick
Zwicker
Zwicky
Zwiker
Zwimpfer
Zwinggi
Zwingli
Zwygart
Zwyssig
Zyberaj
Zymberi
Zysset
