Aegypter
Aegypterin
Aequatorialguineer
Aequatorialguineerin
Aethiopier
Aethiopierin
Afghane
Afghanin
Albaner
Albanerin
Algerier
Algerierin
Amerikanerin
Andorraner
Andorranerin
Angolaner
Angolanerin
Antiguaner
Antiguanerin
Argentinier
Argentinierin
Armenier
Armenierin
Aserbaidschaner
Aserbaidschanerin
Australier
Australierin
Bahamaer
Bahamaerin
Bahrainer
Bahrainerin
Bangladescher
Bangladescherin
Barbadier
Barbadierin
Belarusse
Belarussin
Belgier
Belgierin
Belizer
Belizerin
Beniner
Beninerin
Bhutaner
Bhutanerin
Bolivianer
Bolivianerin
Bosnier
Bosnierin
Botsuaner
Botsuanerin
Brasilianer
Brasilianerin
Brite
Britin
Bruneier
Bruneierin
Bulgare
Bulgarin
Burkiner
Burkinerin
Burundier
Burundierin
Chilene
Chilenin
Chinese
Chinesin
Costa-Ricaner
Costa-Ricanerin
Costaricaner
Costaricanerin
Daene
Daenin
Deutsche
Deutscher
Dominicaner
Dominicanerin
Dominikaner
Dominikanerin
Dschibutier
Dschibutierin
Däne
Dänin
Ecuadorianer
Ecuadorianerin
Englaender
Englaenderin
Engländer
Engländerin
Eritreer
Eritreerin
Este
Estin
Fidschianer
Fidschianerin
Finne
Finnin
Franzoesin
Franzose
Französin
Gabuner
Gabunerin
Gambier
Gambierin
Georgier
Georgierin
Ghanaer
Ghanaerin
Grenader
Grenaderin
Grieche
Griechin auch Hellene
Guatemalteke
Guatemaltekin
Guinea-Bissauer
Guinea-Bissauerin
Guineer
Guineerin
Guyaner
Guyanerin
Haitianer
Haitianerin
Hellenin
Honduraner
Honduranerin
Inder
Inderin
Indonesier
Indonesierin
Iraker
Irakerin
Iraner
Iranerin
Ire
Irin
Islaender
Islaenderin
Isländer
Isländerin
Israeli
Italiener
Italienerin
Ivorer
Ivorerin
Jamaikaner
Jamaikanerin
Japaner
Japanerin
Jemenit
Jemenitin
Jordanier
Jordanierin
Kambodschaner
Kambodschanerin
Kameruner
Kamerunerin
Kanadier
Kanadierin
Kap-Verdier
Kap-Verdierin
Kapverdier
Kapverdierin
Kasache
Kasachin
Katarer
Katarerin
Kenianer
Kenianerin
Kirgise
Kirgisin
Kiribatier
Kiribatierin
Kolumbianer
Kolumbianerin
Komorer
Komorerin
Kongolese
Kongolesin
Kosovare
Kosovarin
Kroate
Kroatin
Kubaner
Kubanerin
Kuwaiter
Kuwaiterin
Laote
Laotin
Lesother
Lesotherin
Lette
Lettin
Libanese
Libanesin
Liberianer
Liberianerin
Libyer
Libyerin
Liechtensteiner
Liechtensteinerin
Litauer
Litauerin
Lucianer
Lucianerin
Luxemburger
Luxemburgerin
Madagasse
Madagassin
Madegasse
Madegassin
Malawier
Malawierin
Malaysier
Malaysierin
Malediver
Malediverin
Malier
Malierin
Malteser
Malteserin
Marokkaner
Marokkanerin
Marshaller
Marshallerin
Mauretanier
Mauretanierin
Mauritier
Mauritierin
Mexikaner
Mexikanerin
Mikronesier
Mikronesierin
Moldauer
Moldauerin
Monegasse
Monegassin
Mongole
Mongolin
Montenegriner
Montenegrinerin
Mosambikaner
Mosambikanerin
Myanmare
Myanmarin
Namibier
Namibierin
Nauruer
Nauruerin
Nepalese
Nepalesin
Neuseelaender
Neuseelaenderin
Neuseeländer
Neuseeländerin
Nicaraguaner
Nicaraguanerin
Niederlaender
Niederlaenderin
Niederländer
Niederländerin
Nigerianer
Nigerianerin
Nigrer
Nigrerin
Niueaner
Niueanerin
Nordkoreaner
Nordkoreanerin
Nordmazedonier
Nordmazedonierin
Norweger
Norwegerin
Oesterreicher
Oesterreicherin
Omaner
Omanerin
Pakistaner
Pakistanerin
Palauer
Palauerin
Panamaer
Panamaerin
Papua-Neuguineer
Papua-Neuguineerin
Paraguayer
Paraguayerin
Peruaner
Peruanerin
Philippiner
Philippinerin
Pole
Polin
Portugiese
Portugiesin
Ruander
Ruanderin
Rumaene
Rumaenin
Rumäne
Rumänin
Russe
Russin
Salomoner
Salomonerin
Salvadorianer
Salvadorianerin
Sambier
Sambierin
Samoaner
Samoanerin
San-Marinese
San-Marinesin
Saudi-Araber
Saudi-Araberin
Schwede
Schwedin
Schweizer
Schweizerin
Senegalese
Senegalesin
Serbe
Serbin
Seycheller
Seychellerin
Sierra-Leoner
Sierra-Leonerin
Simbabwer
Simbabwerin
Singapurer
Singapurerin
Slowake
Slowakin
Slowene
Slowenin
Somalier
Somalierin
Spanier
Spanierin
Sri-Lanker
Sri-Lankerin
Sudanese
Sudanesin
Suedafrikaner
Suedafrikanerin
Suedkoreaner
Suedkoreanerin
Suedsudanese
Suedsudanesin
Suedtiroler
Suedtirolerin
Surinamer
Surinamerin
Swasi
Syrer
Syrerin
São-Toméer
São-Toméerin
Südafrikaner
Südafrikanerin
Südkoreaner
Südkoreanerin
Südsudanese
Südsudanesin
Südtiroler
Südtirolerin
Tadschike
Tadschikin
Tansanier
Tansanierin
Thailaender
Thailaenderin
Thailänder
Thailänderin
Timorese
Timoresin
Togoer
Togoerin
Togolese
Togolesin
Tongaer
Tongaerin
Tschader
Tschaderin
Tscheche
Tschechin
Tuerke
Tuerkin
Tunesier
Tunesierin
Turkmene
Turkmenin
Tuvaluer
Tuvaluerin
Türke
Türkin
US-Amerikaner
US-Amerikanerin
Ugander
Uganderin
Ukrainer
Ukrainerin
Ungar
Ungarin
Uruguayer
Uruguayerin
Usbeke
Usbekin
Vanuatuer
Vanuatuerin
Venezolaner
Venezolanerin
Vietnamese
Vietnamesin
Vincenter
Vincenterin
Zentralafrikaner
Zentralafrikanerin
Zyprer
Zyprerin
Zypriot
Zypriotin
traditionell: Amerikaner
Ägypter
Ägypterin
Äquatorialguineer
Äquatorialguineerin
Äthiopier
Äthiopierin
Österreicher
Österreicherin