Nordaegypten
Nordaequatorialguinea
Nordaethiopien
Nordafghanistan
Nordalbanien
Nordalgerien
Nordandorra
Nordangola
Nordargentinien
Nordarmenien
Nordaserbaidschan
Nordaustralien
Nordbahamas
Nordbahrain
Nordbangladesch
Nordbarbados
Nordbelarus
Nordbelgien
Nordbelize
Nordbenin
Nordbhutan
Nordbolivien
Nordbotsuana
Nordbrasilien
Nordbrunei
Nordbulgarien
Nordburundi
Nordchile
Nordchina
Nordcookinseln
Norddaenemark
Norddeutschland
Norddominica
Norddschibuti
Norddänemark
Nordecuador
Norderitrea
Nordestland
Nordfidschi
Nordfinnland
Nordfrankreich
Nordgabun
Nordgambia
Nordgeorgien
Nordghana
Nordgrenada
Nordgriechenland
Nordgrossbritannien
Nordgroßbritannien
Nordguatemala
Nordguinea
Nordguyana
Nordhaiti
Nordhonduras
Nordindien
Nordindonesien
Nordirak
Nordiran
Nordirland
Nordisland
Nordisrael
Norditalien
Nordjamaika
Nordjapan
Nordjemen
Nordjordanien
Nordkambodscha
Nordkamerun
Nordkanada
Nordkasachstan
Nordkatar
Nordkenia
Nordkirgisistan
Nordkiribati
Nordkolumbien
Nordkomoren
Nordkongo
Nordkosovo
Nordkroatien
Nordkuba
Nordkuwait
Nordlaos
Nordlesotho
Nordlettland
Nordlibanon
Nordliberia
Nordlibyen
Nordliechtenstein
Nordlitauen
Nordluxemburg
Nordmadagaskar
Nordmalawi
Nordmalaysia
Nordmalediven
Nordmali
Nordmalta
Nordmarokko
Nordmarshallinseln
Nordmauretanien
Nordmauritius
Nordmexiko
Nordmikronesien
Nordmoldau
Nordmoldawien
Nordmonaco
Nordmongolei
Nordmontenegro
Nordmosambik
Nordmyanmar
Nordnamibia
Nordnauru
Nordnepal
Nordneuseeland
Nordnicaragua
Nordniederlande
Nordniger
Nordnigeria
Nordniue
Nordnordkorea
Nordnordmazedonien
Nordnorwegen
Nordoesterreich
Nordoman
Nordpakistan
Nordpalau
Nordpanama
Nordparaguay
Nordperu
Nordphilippinen
Nordpolen
Nordportugal
Nordrepublik
Nordruanda
Nordrumaenien
Nordrumänien
Nordrussland
Nordsalomonen
Nordsambia
Nordsamoa
Nordschweden
Nordschweiz
Nordsenegal
Nordserbien
Nordseychellen
Nordsimbabwe
Nordsingapur
Nordslowakei
Nordslowenien
Nordsomalia
Nordspanien
Nordsudan
Nordsuedafrika
Nordsuedkorea
Nordsuedsudan
Nordsuriname
Nordswasiland
Nordsyrien
Nordsüdafrika
Nordsüdkorea
Nordsüdsudan
Nordtadschikistan
Nordtansania
Nordthailand
Nordtogo
Nordtonga
Nordtschad
Nordtschechien
Nordtuerkei
Nordtunesien
Nordturkmenistan
Nordtuvalu
Nordtürkei
Norduganda
Nordukraine
Nordungarn
Norduruguay
Nordusbekistan
Nordvanuatu
Nordvatikanstadt
Nordvenezuela
Nordvietnam
Nordweissrussland
Nordweißrussland
Nordzypern
Nordägypten
Nordäquatorialguinea
Nordäthiopien
Nordösterreich
Ostaegypten
Ostaequatorialguinea
Ostaethiopien
Ostafghanistan
Ostalbanien
Ostalgerien
Ostandorra
Ostangola
Ostargentinien
Ostarmenien
Ostaserbaidschan
Ostaustralien
Ostbahamas
Ostbahrain
Ostbangladesch
Ostbarbados
Ostbelarus
Ostbelgien
Ostbelize
Ostbenin
Ostbhutan
Ostbolivien
Ostbotsuana
Ostbrasilien
Ostbrunei
Ostbulgarien
Ostburundi
Ostchile
Ostchina
Ostcookinseln
Ostdaenemark
Ostdeutschland
Ostdominica
Ostdschibuti
Ostdänemark
Ostecuador
Osteritrea
Ostestland
Ostfidschi
Ostfinnland
Ostfrankreich
Ostgabun
Ostgambia
Ostgeorgien
Ostghana
Ostgrenada
Ostgriechenland
Ostgrossbritannien
Ostgroßbritannien
Ostguatemala
Ostguinea
Ostguyana
Osthaiti
Osthonduras
Ostindien
Ostindonesien
Ostirak
Ostiran
Ostirland
Ostisland
Ostisrael
Ostitalien
Ostjamaika
Ostjapan
Ostjemen
Ostjordanien
Ostkambodscha
Ostkamerun
Ostkanada
Ostkasachstan
Ostkatar
Ostkenia
Ostkirgisistan
Ostkiribati
Ostkolumbien
Ostkomoren
Ostkongo
Ostkosovo
Ostkroatien
Ostkuba
Ostkuwait
Ostlaos
Ostlesotho
Ostlettland
Ostlibanon
Ostliberia
Ostlibyen
Ostliechtenstein
Ostlitauen
Ostluxemburg
Ostmadagaskar
Ostmalawi
Ostmalaysia
Ostmalediven
Ostmali
Ostmalta
Ostmarokko
Ostmarshallinseln
Ostmauretanien
Ostmauritius
Ostmexiko
Ostmikronesien
Ostmoldau
Ostmoldawien
Ostmonaco
Ostmongolei
Ostmontenegro
Ostmosambik
Ostmyanmar
Ostnamibia
Ostnauru
Ostnepal
Ostneuseeland
Ostnicaragua
Ostniederlande
Ostniger
Ostnigeria
Ostniue
Ostnordkorea
Ostnordmazedonien
Ostnorwegen
Ostoesterreich
Ostoman
Ostpakistan
Ostpalau
Ostpanama
Ostparaguay
Ostperu
Ostphilippinen
Ostpolen
Ostportugal
Ostrepublik
Ostruanda
Ostrumaenien
Ostrumänien
Ostrussland
Ostsalomonen
Ostsambia
Ostsamoa
Ostschweden
Ostschweiz
Ostsenegal
Ostserbien
Ostseychellen
Ostsimbabwe
Ostsingapur
Ostslowakei
Ostslowenien
Ostsomalia
Ostspanien
Ostsudan
Ostsuedafrika
Ostsuedkorea
Ostsuedsudan
Ostsuriname
Ostswasiland
Ostsyrien
Ostsüdafrika
Ostsüdkorea
Ostsüdsudan
Osttadschikistan
Osttansania
Ostthailand
Osttogo
Osttonga
Osttschad
Osttschechien
Osttuerkei
Osttunesien
Ostturkmenistan
Osttuvalu
Osttürkei
Ostuganda
Ostukraine
Ostungarn
Osturuguay
Ostusbekistan
Ostvanuatu
Ostvatikanstadt
Ostvenezuela
Ostvietnam
Ostweissrussland
Ostweißrussland
Ostzypern
Ostägypten
Ostäquatorialguinea
Ostäthiopien
Ostösterreich
Südaegypten
Südaequatorialguinea
Südaethiopien
Südafghanistan
Südalbanien
Südalgerien
Südandorra
Südangola
Südargentinien
Südarmenien
Südaserbaidschan
Südaustralien
Südbahamas
Südbahrain
Südbangladesch
Südbarbados
Südbelarus
Südbelgien
Südbelize
Südbenin
Südbhutan
Südbolivien
Südbotsuana
Südbrasilien
Südbrunei
Südbulgarien
Südburundi
Südchile
Südchina
Südcookinseln
Süddaenemark
Süddeutschland
Süddominica
Süddschibuti
Süddänemark
Südecuador
Süderitrea
Südestland
Südfidschi
Südfinnland
Südfrankreich
Südgabun
Südgambia
Südgeorgien
Südghana
Südgrenada
Südgriechenland
Südgrossbritannien
Südgroßbritannien
Südguatemala
Südguinea
Südguyana
Südhaiti
Südhonduras
Südindien
Südindonesien
Südirak
Südiran
Südirland
Südisland
Südisrael
Süditalien
Südjamaika
Südjapan
Südjemen
Südjordanien
Südkambodscha
Südkamerun
Südkanada
Südkasachstan
Südkatar
Südkenia
Südkirgisistan
Südkiribati
Südkolumbien
Südkomoren
Südkongo
Südkosovo
Südkroatien
Südkuba
Südkuwait
Südlaos
Südlesotho
Südlettland
Südlibanon
Südliberia
Südlibyen
Südliechtenstein
Südlitauen
Südluxemburg
Südmadagaskar
Südmalawi
Südmalaysia
Südmalediven
Südmali
Südmalta
Südmarokko
Südmarshallinseln
Südmauretanien
Südmauritius
Südmexiko
Südmikronesien
Südmoldau
Südmoldawien
Südmonaco
Südmongolei
Südmontenegro
Südmosambik
Südmyanmar
Südnamibia
Südnauru
Südnepal
Südneuseeland
Südnicaragua
Südniederlande
Südniger
Südnigeria
Südniue
Südnordkorea
Südnordmazedonien
Südnorwegen
Südoesterreich
Südoman
Südpakistan
Südpalau
Südpanama
Südparaguay
Südperu
Südphilippinen
Südpolen
Südportugal
Südrepublik
Südruanda
Südrumaenien
Südrumänien
Südrussland
Südsalomonen
Südsambia
Südsamoa
Südschweden
Südschweiz
Südsenegal
Südserbien
Südseychellen
Südsimbabwe
Südsingapur
Südslowakei
Südslowenien
Südsomalia
Südspanien
Südsudan
Südsuedafrika
Südsuedkorea
Südsuedsudan
Südsuriname
Südswasiland
Südsyrien
Südsüdafrika
Südsüdkorea
Südsüdsudan
Südtadschikistan
Südtansania
Südthailand
Südtogo
Südtonga
Südtschad
Südtschechien
Südtuerkei
Südtunesien
Südturkmenistan
Südtuvalu
Südtürkei
Süduganda
Südukraine
Südungarn
Süduruguay
Südusbekistan
Südvanuatu
Südvatikanstadt
Südvenezuela
Südvietnam
Südweissrussland
Südweißrussland
Südzypern
Südägypten
Südäquatorialguinea
Südäthiopien
Südösterreich
Westaegypten
Westaequatorialguinea
Westaethiopien
Westafghanistan
Westalbanien
Westalgerien
Westandorra
Westangola
Westargentinien
Westarmenien
Westaserbaidschan
Westaustralien
Westbahamas
Westbahrain
Westbangladesch
Westbarbados
Westbelarus
Westbelgien
Westbelize
Westbenin
Westbhutan
Westbolivien
Westbotsuana
Westbrasilien
Westbrunei
Westbulgarien
Westburundi
Westchile
Westchina
Westcookinseln
Westdaenemark
Westdeutschland
Westdominica
Westdschibuti
Westdänemark
Westecuador
Westeritrea
Westestland
Westfidschi
Westfinnland
Westfrankreich
Westgabun
Westgambia
Westgeorgien
Westghana
Westgrenada
Westgriechenland
Westgrossbritannien
Westgroßbritannien
Westguatemala
Westguinea
Westguyana
Westhaiti
Westhonduras
Westindien
Westindonesien
Westirak
Westiran
Westirland
Westisland
Westisrael
Westitalien
Westjamaika
Westjapan
Westjemen
Westjordanien
Westkambodscha
Westkamerun
Westkanada
Westkasachstan
Westkatar
Westkenia
Westkirgisistan
Westkiribati
Westkolumbien
Westkomoren
Westkongo
Westkosovo
Westkroatien
Westkuba
Westkuwait
Westlaos
Westlesotho
Westlettland
Westlibanon
Westliberia
Westlibyen
Westliechtenstein
Westlitauen
Westluxemburg
Westmadagaskar
Westmalawi
Westmalaysia
Westmalediven
Westmali
Westmalta
Westmarokko
Westmarshallinseln
Westmauretanien
Westmauritius
Westmexiko
Westmikronesien
Westmoldau
Westmoldawien
Westmonaco
Westmongolei
Westmontenegro
Westmosambik
Westmyanmar
Westnamibia
Westnauru
Westnepal
Westneuseeland
Westnicaragua
Westniederlande
Westniger
Westnigeria
Westniue
Westnordkorea
Westnordmazedonien
Westnorwegen
Westoesterreich
Westoman
Westpakistan
Westpalau
Westpanama
Westparaguay
Westperu
Westphilippinen
Westpolen
Westportugal
Westrepublik
Westruanda
Westrumaenien
Westrumänien
Westrussland
Westsalomonen
Westsambia
Westsamoa
Westschweden
Westschweiz
Westsenegal
Westserbien
Westseychellen
Westsimbabwe
Westsingapur
Westslowakei
Westslowenien
Westsomalia
Westspanien
Westsudan
Westsuedafrika
Westsuedkorea
Westsuedsudan
Westsuriname
Westswasiland
Westsyrien
Westsüdafrika
Westsüdkorea
Westsüdsudan
Westtadschikistan
Westtansania
Westthailand
Westtogo
Westtonga
Westtschad
Westtschechien
Westtuerkei
Westtunesien
Westturkmenistan
Westtuvalu
Westtürkei
Westuganda
Westukraine
Westungarn
Westuruguay
Westusbekistan
Westvanuatu
Westvatikanstadt
Westvenezuela
Westvietnam
Westweissrussland
Westweißrussland
Westzypern
Westägypten
Westäquatorialguinea
Westäthiopien
Westösterreich