Aegypten
Aequatorialguinea
Aethiopien
Afghanistan
Albanien
Algerien
Andorra
Angola
Antigua und Barbuda
Arabische Republik Aegypten
Arabische Republik Syrien
Arabische Republik Ägypten
Argentinien
Argentinische Republik
Armenien
Aserbaidschan
Australien
Bahamas
Bahrain
Bangladesch
Barbados
Belarus
Belgien
Belize
Benin
Bhutan
Bolivarische Republik Venezuela
Bolivien
Bosnien und Herzegowina
Botsuana
Brasilien
Brunei
Brunei Darussalam
Bulgarien
Bundesrepublik Deutschland
Bundesrepublik Nigeria
Burkina Faso
Burundi
Chile
China
Commonwealth Dominica
Commonwealth der Bahamas
Cookinseln
Costa Rica
Côte d’Ivoire
Daenemark
Demokratische Bundesrepublik Aethiopien
Demokratische Bundesrepublik Nepal
Demokratische Bundesrepublik Äthiopien
Demokratische Republik Kongo
Demokratische Republik São Tomé und Príncipe
Demokratische Republik Timor-Leste
Demokratische Sozialistische Republik Sri Lanka
Demokratische Volksrepublik Algerien
Demokratische Volksrepublik Korea
Demokratische Volksrepublik Laos
Deutschland
Dom. Republik
Dominica
Dominikanische Republik
Dschibuti
Dänemark
Ecuador
El Salvador
Eritrea
Estland
Fidschi
Finnland
Foederation St. Kitts und Nevis
Foederative Republik Brasilien
Foederierte Staaten von Mikronesien
Frankreich
Franzoesische Republik
Französische Republik
Fuerstentum Andorra
Fuerstentum Liechtenstein
Fuerstentum Monaco
Föderation St. Kitts und Nevis
Föderative Republik Brasilien
Föderierte Staaten von Mikronesien
Fürstentum Andorra
Fürstentum Liechtenstein
Fürstentum Monaco
Gabun
Gabunische Republik
Gambia
Georgien
Ghana
Grenada
Griechenland
Grossbritannien
Grossherzogtum Luxemburg
Großbritannien
Großherzogtum Luxemburg
Guatemala
Guinea
Guinea-Bissau
Guyana
Haiti
Haschemitisches Koenigreich Jordanien
Haschemitisches Königreich Jordanien
Heiliger Stuhl
Hellenische Republik
Honduras
Indien
Indonesien
Irak
Iran
Irland
Islamische Republik Afghanistan
Islamische Republik Iran
Islamische Republik Mauretanien
Islamische Republik Pakistan
Island
Israel
Italien
Italienische Republik
Jamaika
Japan
Jemen
Jordanien
Kambodscha
Kamerun
Kanada
Kap Verde
Kasachstan
Katar
Kenia
Kirgisische Republik
Kirgisistan
Kiribati
Koenigreich Bahrain
Koenigreich Belgien
Koenigreich Bhutan
Koenigreich Dänemark
Koenigreich Kambodscha
Koenigreich Lesotho
Koenigreich Marokko
Koenigreich Norwegen
Koenigreich Saudi-Arabien
Koenigreich Schweden
Koenigreich Spanien
Koenigreich Swasiland
Koenigreich Thailand
Koenigreich Tonga
Koenigreich der Niederlande
Kolumbien
Komoren
Kongo
Kooperative Republik Guyana
Kosovo
Kroatien
Kuba
Kuwait
Königreich Bahrain
Königreich Belgien
Königreich Bhutan
Königreich Daenemark
Königreich Dänemark
Königreich Kambodscha
Königreich Lesotho
Königreich Marokko
Königreich Norwegen
Königreich Saudi-Arabien
Königreich Schweden
Königreich Spanien
Königreich Swasiland
Königreich Thailand
Königreich Tonga
Königreich der Niederlande
Laos
Lesotho
Lettland
Libanesische Republik
Libanon
Liberia
Libyen
Liechtenstein
Litauen
Luxemburg
Madagaskar
Malawi
Malaysia
Malediven
Mali
Malta
Marokko
Marshallinseln
Mauretanien
Mauritius
Mexiko
Mikronesien
Moldau
Moldawien
Monaco
Mongolei
Montenegro
Mosambik
Myanmar
Namibia
Nauru
Nepal
Neuseeland
Nicaragua
Niederlande
Niger
Nigeria
Niue
Nordkorea
Nordmazedonien
Norwegen
Oesterreich
Oman
Pakistan
Palau
Panama
Papua-Neuguinea
Paraguay
Peru
Philippinen
Plurinationaler Staat Bolivien
Polen
Portugal
Portugiesische Republik
Republik
Republik Aequatorialguinea
Republik Albanien
Republik Angola
Republik Armenien
Republik Aserbaidschan
Republik Belarus
Republik Benin
Republik Botsuana
Republik Bulgarien
Republik Burundi
Republik Chile
Republik Costa Rica
Republik Côte d’Ivoire
Republik Dschibuti
Republik Ecuador
Republik El Salvador
Republik Estland
Republik Fidschi
Republik Finnland
Republik Gambia
Republik Ghana
Republik Guatemala
Republik Guinea
Republik Guinea-Bissau
Republik Haiti
Republik Honduras
Republik Indien
Republik Indonesien
Republik Irak
Republik Island
Republik Jemen
Republik Kamerun
Republik Kap Verde
Republik Kasachstan
Republik Kenia
Republik Kiribati
Republik Kolumbien
Republik Kongo
Republik Korea
Republik Kosovo
Republik Kroatien
Republik Kuba
Republik Lettland
Republik Liberia
Republik Litauen
Republik Madagaskar
Republik Malawi
Republik Malediven
Republik Mali
Republik Malta
Republik Marshallinseln
Republik Mauritius
Republik Moldau
Republik Mosambik
Republik Namibia
Republik Nauru
Republik Nicaragua
Republik Niger
Republik Nordmazedonien
Republik Oesterreich
Republik Oestlich des Uruguay
Republik Palau
Republik Panama
Republik Paraguay
Republik Peru
Republik Polen
Republik Ruanda
Republik Sambia
Republik San Marino
Republik Senegal
Republik Serbien
Republik Seychellen
Republik Sierra Leone
Republik Simbabwe
Republik Singapur
Republik Slowenien
Republik Somalia
Republik Sudan
Republik Suedafrika
Republik Suedsudan
Republik Suriname
Republik Südafrika
Republik Südsudan
Republik Tadschikistan
Republik Togo
Republik Trinidad und Tobago
Republik Tschad
Republik Tuerkei
Republik Turkmenistan
Republik Türkei
Republik Uganda
Republik Usbekistan
Republik Vanuatu
Republik Zypern
Republik der Philippinen
Republik der Union Myanmar
Republik Äquatorialguinea
Republik Österreich
Republik Östlich des Uruguay
Ruanda
Rumaenien
Rumänien
Russische Foederation
Russische Föderation
Russland
Salomonen
Sambia
Samoa
San Marino
Saudi-Arabien
Schweden
Schweiz
Schweizerische Eidgenossenschaft
Senegal
Serbien
Seychellen
Sierra Leone
Simbabwe
Singapur
Slowakei
Slowakische Republik
Slowenien
Somalia
Sozialistische Republik Vietnam
Spanien
Sri Lanka
St. Kitts und Nevis
St. Lucia
St. Vincent und die Grenadinen
Staat Eritrea
Staat Grenada
Staat Israel
Staat Katar
Staat Kuwait
Staat Vatikanstadt
Sudan
Suedafrika
Suedkorea
Suedsudan
Sultanat Oman
Suriname
Swasiland
Syrien
São Tomé und Príncipe
Südafrika
Südkorea
Südsudan
Tadschikistan
Tansania
Thailand
Timor-Leste
Togo
Tonga
Trinidad und Tobago
Tschad
Tschechien
Tschechische Republik
Tuerkei
Tunesien
Tunesische Republik
Turkmenistan
Tuvalu
Türkei
Uganda
Ukraine
Unabhaengiger Staat Papua-Neuguinea
Unabhaengiger Staat Samoa
Unabhängiger Staat Papua-Neuguinea
Unabhängiger Staat Samoa
Ungarn
Union der Komoren
Uruguay
Usbekistan
Vanuatu
Vatikanstadt
Venezuela
Vereinigte Arabische Emirate
Vereinigte Mexikanische Staaten
Vereinigte Republik Tansania
Vereinigte Staaten
Vereinigte Staaten von Amerika
Vereinigtes Koenigreich
Vereinigtes Koenigreich Großbritannien und Nordirland
Vereinigtes Königreich
Vereinigtes Königreich Grossbritannien und Nordirland
Vereinigtes Königreich Großbritannien und Nordirland
Vietnam
Volksrepublik Bangladesch
Volksrepublik China
Weissrussland
Weißrussland
Zentralafrikanische Republik
Zypern
Ägypten
Äquatorialguinea
Äthiopien
Österreich