Abchasisch
Abchasische
Abchasischem
Abchasischen
Abchasischer
Abchasisches
Abessinisch
Abessinische
Abessinischem
Abessinischen
Abessinischer
Abessinisches
Aegyptisch
Aegyptische
Aegyptischem
Aegyptischen
Aegyptischer
Aegyptisches
Aequatorialguineisch
Aequatorialguineische
Aequatorialguineischem
Aequatorialguineischen
Aequatorialguineischer
Aequatorialguineisches
Aethiopisch
Aethiopische
Aethiopischem
Aethiopischen
Aethiopischer
Aethiopisches
Afghanisch
Afghanische
Afghanischem
Afghanischen
Afghanischer
Afghanisches
Albanisch
Albanische
Albanischem
Albanischen
Albanischer
Albanisches
Algerisch
Algerische
Algerischem
Algerischen
Algerischer
Algerisches
Amerikanisch
Amerikanische
Amerikanischem
Amerikanischen
Amerikanischer
Amerikanisches
Andorranisch
Andorranische
Andorranischem
Andorranischen
Andorranischer
Andorranisches
Angolanisch
Angolanische
Angolanischem
Angolanischen
Angolanischer
Angolanisches
Antiguanisch
Antiguanische
Antiguanischem
Antiguanischen
Antiguanischer
Antiguanisches
Argentinisch
Argentinische
Argentinischem
Argentinischen
Argentinischer
Argentinisches
Armenisch
Armenische
Armenischem
Armenischen
Armenischer
Armenisches
Aserbaidschanisch
Aserbaidschanische
Aserbaidschanischem
Aserbaidschanischen
Aserbaidschanischer
Aserbaidschanisches
Australisch
Australische
Australischem
Australischen
Australischer
Australisches
Bahamaisch
Bahamaische
Bahamaischem
Bahamaischen
Bahamaischer
Bahamaisches
Bahrainisch
Bahrainische
Bahrainischem
Bahrainischen
Bahrainischer
Bahrainisches
Bangalisch
Bangalische
Bangalischem
Bangalischen
Bangalischer
Bangalisches
Bangladeschisch
Bangladeschische
Bangladeschischem
Bangladeschischen
Bangladeschischer
Bangladeschisches
Barbadisch
Barbadische
Barbadischem
Barbadischen
Barbadischer
Barbadisches
Belarussisch
Belarussische
Belarussischem
Belarussischen
Belarussischer
Belarussisches
Belgisch
Belgische
Belgischem
Belgischen
Belgischer
Belgisches
Belizisch
Belizische
Belizischem
Belizischen
Belizischer
Belizisches
Beninisch
Beninische
Beninischem
Beninischen
Beninischer
Beninisches
Bhutanisch
Bhutanische
Bhutanischem
Bhutanischen
Bhutanischer
Bhutanisches
Birmanisch
Birmanische
Birmanischem
Birmanischen
Birmanischer
Birmanisches
Bolivianisch
Bolivianische
Bolivianischem
Bolivianischen
Bolivianischer
Bolivianisches
Bosnisch
Bosnisch-herzegowinisch
Bosnisch-herzegowinische
Bosnisch-herzegowinischem
Bosnisch-herzegowinischen
Bosnisch-herzegowinischer
Bosnisch-herzegowinisches
Bosnische
Bosnischem
Bosnischen
Bosnischer
Bosnisches
Bosnischherzegowinisch
Bosnischherzegowinische
Bosnischherzegowinischem
Bosnischherzegowinischen
Bosnischherzegowinischer
Bosnischherzegowinisches
Botsuanisch
Botsuanische
Botsuanischem
Botsuanischen
Botsuanischer
Botsuanisches
Brasilianisch
Brasilianische
Brasilianischem
Brasilianischen
Brasilianischer
Brasilianisches
Britisch
Britische
Britischem
Britischen
Britischer
Britisches
Bruneiisch
Bruneiische
Bruneiischem
Bruneiischen
Bruneiischer
Bruneiisches
Bulgarisch
Bulgarische
Bulgarischem
Bulgarischen
Bulgarischer
Bulgarisches
Burkinisch
Burkinische
Burkinischem
Burkinischen
Burkinischer
Burkinisches
Burmesisch
Burmesische
Burmesischem
Burmesischen
Burmesischer
Burmesisches
Burundisch
Burundische
Burundischem
Burundischen
Burundischer
Burundisches
Chilenisch
Chilenische
Chilenischem
Chilenischen
Chilenischer
Chilenisches
Chinesisch
Chinesische
Chinesischem
Chinesischen
Chinesischer
Chinesisches
Costa-ricanisch
Costa-ricanische
Costa-ricanischem
Costa-ricanischen
Costa-ricanischer
Costa-ricanisches
Costaricanisch
Costaricanische
Costaricanischem
Costaricanischen
Costaricanischer
Costaricanisches
Daenisch
Daenische
Daenischem
Daenischen
Daenischer
Daenisches
Deutsch
Deutsche
Deutschem
Deutschen
Deutscher
Deutsches
Dominicanisch
Dominicanische
Dominicanischem
Dominicanischen
Dominicanischer
Dominicanisches
Dominikanisch
Dominikanische
Dominikanischem
Dominikanischen
Dominikanischer
Dominikanisches
Dschibutisch
Dschibutische
Dschibutischem
Dschibutischen
Dschibutischer
Dschibutisches
Dänisch
Dänische
Dänischem
Dänischen
Dänischer
Dänisches
Ecuadorianisch
Ecuadorianische
Ecuadorianischem
Ecuadorianischen
Ecuadorianischer
Ecuadorianisches
Englisch
Englische
Englischem
Englischen
Englischer
Englisches
Eritreisch
Eritreische
Eritreischem
Eritreischen
Eritreischer
Eritreisches
Estnisch
Estnische
Estnischem
Estnischen
Estnischer
Estnisches
Faeringisch
Faeringische
Faeringischem
Faeringischen
Faeringischer
Faeringisches
Faeröisch
Faeröische
Faeröischem
Faeröischen
Faeröischer
Faeröisches
Fidschianisch
Fidschianische
Fidschianischem
Fidschianischen
Fidschianischer
Fidschianisches
Finnisch
Finnische
Finnischem
Finnischen
Finnischer
Finnisches
Finnlaendisch
Finnlaendische
Finnlaendischem
Finnlaendischen
Finnlaendischer
Finnlaendisches
Finnländisch
Finnländische
Finnländischem
Finnländischen
Finnländischer
Finnländisches
Franzoesisch
Franzoesische
Franzoesischem
Franzoesischen
Franzoesischer
Franzoesisches
Französisch
Französische
Französischem
Französischen
Französischer
Französisches
Färingisch
Färingische
Färingischem
Färingischen
Färingischer
Färingisches
Färoeisch
Färoeische
Färoeischem
Färoeischen
Färoeischer
Färoeisches
Färöisch
Färöische
Färöischem
Färöischen
Färöischer
Färöisches
Gabunisch
Gabunische
Gabunischem
Gabunischen
Gabunischer
Gabunisches
Gambisch
Gambische
Gambischem
Gambischen
Gambischer
Gambisches
Georgisch
Georgische
Georgischem
Georgischen
Georgischer
Georgisches
Ghanaisch
Ghanaische
Ghanaischem
Ghanaischen
Ghanaischer
Ghanaisches
Grenadisch
Grenadische
Grenadischem
Grenadischen
Grenadischer
Grenadisches
Griechisch
Griechische
Griechischem
Griechischen
Griechischer
Griechisches
Groenländisch
Groenländische
Groenländischem
Groenländischen
Groenländischer
Groenländisches
Grossbritannisch
Grossbritannische
Grossbritannischem
Grossbritannischen
Grossbritannischer
Grossbritannisches
Großbritannisch
Großbritannische
Großbritannischem
Großbritannischen
Großbritannischer
Großbritannisches
Grönlaendisch
Grönlaendische
Grönlaendischem
Grönlaendischen
Grönlaendischer
Grönlaendisches
Grönländisch
Grönländische
Grönländischem
Grönländischen
Grönländischer
Grönländisches
Guatemaltekisch
Guatemaltekische
Guatemaltekischem
Guatemaltekischen
Guatemaltekischer
Guatemaltekisches
Guinea-bissauisch
Guinea-bissauische
Guinea-bissauischem
Guinea-bissauischen
Guinea-bissauischer
Guinea-bissauisches
Guineabissauisch
Guineabissauische
Guineabissauischem
Guineabissauischen
Guineabissauischer
Guineabissauisches
Guineisch
Guineische
Guineischem
Guineischen
Guineischer
Guineisches
Guyanisch
Guyanische
Guyanischem
Guyanischen
Guyanischer
Guyanisches
Haitianisch
Haitianische
Haitianischem
Haitianischen
Haitianischer
Haitianisches
Hawaiisch
Hawaiische
Hawaiischem
Hawaiischen
Hawaiischer
Hawaiisches
Helvetisch
Helvetische
Helvetischem
Helvetischen
Helvetischer
Helvetisches
Honduranisch
Honduranische
Honduranischem
Honduranischen
Honduranischer
Honduranisches
Indisch
Indische
Indischem
Indischen
Indischer
Indisches
Indonesisch
Indonesische
Indonesischem
Indonesischen
Indonesischer
Indonesisches
Irakisch
Irakische
Irakischem
Irakischen
Irakischer
Irakisches
Iranisch
Iranische
Iranischem
Iranischen
Iranischer
Iranisches
Irisch
Irische
Irischem
Irischen
Irischer
Irisches
Irlaendisch
Irlaendische
Irlaendischem
Irlaendischen
Irlaendischer
Irlaendisches
Irländisch
Irländische
Irländischem
Irländischen
Irländischer
Irländisches
Islaendisch
Islaendische
Islaendischem
Islaendischen
Islaendischer
Islaendisches
Isländisch
Isländische
Isländischem
Isländischen
Isländischer
Isländisches
Israelisch
Israelische
Israelischem
Israelischen
Israelischer
Israelisches
Italienisch
Italienische
Italienischem
Italienischen
Italienischer
Italienisches
Ivorisch
Ivorische
Ivorischem
Ivorischen
Ivorischer
Ivorisches
Jamaikanisch
Jamaikanische
Jamaikanischem
Jamaikanischen
Jamaikanischer
Jamaikanisches
Japanisch
Japanische
Japanischem
Japanischen
Japanischer
Japanisches
Jemenitisch
Jemenitische
Jemenitischem
Jemenitischen
Jemenitischer
Jemenitisches
Jordanisch
Jordanische
Jordanischem
Jordanischen
Jordanischer
Jordanisches
Jugoslawisch
Jugoslawische
Jugoslawischem
Jugoslawischen
Jugoslawischer
Jugoslawisches
Kambodschanisch
Kambodschanische
Kambodschanischem
Kambodschanischen
Kambodschanischer
Kambodschanisches
Kamerunisch
Kamerunische
Kamerunischem
Kamerunischen
Kamerunischer
Kamerunisches
Kanadisch
Kanadische
Kanadischem
Kanadischen
Kanadischer
Kanadisches
Kapverdisch
Kapverdische
Kapverdischem
Kapverdischen
Kapverdischer
Kapverdisches
Kasachisch
Kasachische
Kasachischem
Kasachischen
Kasachischer
Kasachisches
Katarisch
Katarische
Katarischem
Katarischen
Katarischer
Katarisches
Kenianisch
Kenianische
Kenianischem
Kenianischen
Kenianischer
Kenianisches
Kirgisisch
Kirgisische
Kirgisischem
Kirgisischen
Kirgisischer
Kirgisisches
Kiribatisch
Kiribatische
Kiribatischem
Kiribatischen
Kiribatischer
Kiribatisches
Kolumbianisch
Kolumbianische
Kolumbianischem
Kolumbianischen
Kolumbianischer
Kolumbianisches
Komorisch
Komorische
Komorischem
Komorischen
Komorischer
Komorisches
Kongolesisch
Kongolesische
Kongolesischem
Kongolesischen
Kongolesischer
Kongolesisches
Kosovarisch
Kosovarische
Kosovarischem
Kosovarischen
Kosovarischer
Kosovarisches
Kroatisch
Kroatische
Kroatischem
Kroatischen
Kroatischer
Kroatisches
Kubanisch
Kubanische
Kubanischem
Kubanischen
Kubanischer
Kubanisches
Kuwaitisch
Kuwaitische
Kuwaitischem
Kuwaitischen
Kuwaitischer
Kuwaitisches
Laotisch
Laotische
Laotischem
Laotischen
Laotischer
Laotisches
Lesothisch
Lesothische
Lesothischem
Lesothischen
Lesothischer
Lesothisches
Lettisch
Lettische
Lettischem
Lettischen
Lettischer
Lettisches
Libanesisch
Libanesische
Libanesischem
Libanesischen
Libanesischer
Libanesisches
Liberianisch
Liberianische
Liberianischem
Liberianischen
Liberianischer
Liberianisches
Libysch
Libysche
Libyschem
Libyschen
Libyscher
Libysches
Liechtensteinisch
Liechtensteinische
Liechtensteinischem
Liechtensteinischen
Liechtensteinischer
Liechtensteinisches
Litauisch
Litauische
Litauischem
Litauischen
Litauischer
Litauisches
Lucianisch
Lucianische
Lucianischem
Lucianischen
Lucianischer
Lucianisches
Luxemburgisch
Luxemburgische
Luxemburgischem
Luxemburgischen
Luxemburgischer
Luxemburgisches
Madagassisch
Madagassische
Madagassischem
Madagassischen
Madagassischer
Madagassisches
Madegassisch
Madegassische
Madegassischem
Madegassischen
Madegassischer
Madegassisches
Makedonisch
Makedonische
Makedonischem
Makedonischen
Makedonischer
Makedonisches
Malawisch
Malawische
Malawischem
Malawischen
Malawischer
Malawisches
Malaysisch
Malaysische
Malaysischem
Malaysischen
Malaysischer
Malaysisches
Maledivisch
Maledivische
Maledivischem
Maledivischen
Maledivischer
Maledivisches
Malisch
Malische
Malischem
Malischen
Malischer
Malisches
Maltesisch
Maltesische
Maltesischem
Maltesischen
Maltesischer
Maltesisches
Marokkanisch
Marokkanische
Marokkanischem
Marokkanischen
Marokkanischer
Marokkanisches
Marshallisch
Marshallische
Marshallischem
Marshallischen
Marshallischer
Marshallisches
Mauretanisch
Mauretanische
Mauretanischem
Mauretanischen
Mauretanischer
Mauretanisches
Mauritisch
Mauritische
Mauritischem
Mauritischen
Mauritischer
Mauritisches
Mazedonisch
Mazedonische
Mazedonischem
Mazedonischen
Mazedonischer
Mazedonisches
Mexikanisch
Mexikanische
Mexikanischem
Mexikanischen
Mexikanischer
Mexikanisches
Mikronesisch
Mikronesische
Mikronesischem
Mikronesischen
Mikronesischer
Mikronesisches
Moldauisch
Moldauische
Moldauischem
Moldauischen
Moldauischer
Moldauisches
Monegassisch
Monegassische
Monegassischem
Monegassischen
Monegassischer
Monegassisches
Mongolisch
Mongolische
Mongolischem
Mongolischen
Mongolischer
Mongolisches
Montenegrinisch
Montenegrinische
Montenegrinischem
Montenegrinischen
Montenegrinischer
Montenegrinisches
Mosambikanisch
Mosambikanische
Mosambikanischem
Mosambikanischen
Mosambikanischer
Mosambikanisches
Myanmarisch
Myanmarische
Myanmarischem
Myanmarischen
Myanmarischer
Myanmarisches
Namibisch
Namibische
Namibischem
Namibischen
Namibischer
Namibisches
Nauruisch
Nauruische
Nauruischem
Nauruischen
Nauruischer
Nauruisches
Nepalesisch
Nepalesische
Nepalesischem
Nepalesischen
Nepalesischer
Nepalesisches
Neuseelaendisch
Neuseelaendische
Neuseelaendischem
Neuseelaendischen
Neuseelaendischer
Neuseelaendisches
Neuseeländisch
Neuseeländische
Neuseeländischem
Neuseeländischen
Neuseeländischer
Neuseeländisches
Nicaraguanisch
Nicaraguanische
Nicaraguanischem
Nicaraguanischen
Nicaraguanischer
Nicaraguanisches
Niederlaendisch
Niederlaendische
Niederlaendischem
Niederlaendischen
Niederlaendischer
Niederlaendisches
Niederländisch
Niederländische
Niederländischem
Niederländischen
Niederländischer
Niederländisches
Nigerianisch
Nigerianische
Nigerianischem
Nigerianischen
Nigerianischer
Nigerianisches
Nigrisch
Nigrische
Nigrischem
Nigrischen
Nigrischer
Nigrisches
Nikaraguanisch
Nikaraguanische
Nikaraguanischem
Nikaraguanischen
Nikaraguanischer
Nikaraguanisches
Niueanisch
Niueanische
Niueanischem
Niueanischen
Niueanischer
Niueanisches
Nordkoreanisch
Nordkoreanische
Nordkoreanischem
Nordkoreanischen
Nordkoreanischer
Nordkoreanisches
Nordmazedonisch
Nordmazedonische
Nordmazedonischem
Nordmazedonischen
Nordmazedonischer
Nordmazedonisches
Norwegisch
Norwegische
Norwegischem
Norwegischen
Norwegischer
Norwegisches
Oesterreichisch
Oesterreichische
Oesterreichischem
Oesterreichischen
Oesterreichischer
Oesterreichisches
Omanisch
Omanische
Omanischem
Omanischen
Omanischer
Omanisches
Pakistanisch
Pakistanische
Pakistanischem
Pakistanischen
Pakistanischer
Pakistanisches
Palaestinensisch
Palaestinensische
Palaestinensischem
Palaestinensischen
Palaestinensischer
Palaestinensisches
Palauisch
Palauische
Palauischem
Palauischen
Palauischer
Palauisches
Palästinensisch
Palästinensische
Palästinensischem
Palästinensischen
Palästinensischer
Palästinensisches
Panamaisch
Panamaische
Panamaischem
Panamaischen
Panamaischer
Panamaisches
Papua-neuguineisch
Papua-neuguineische
Papua-neuguineischem
Papua-neuguineischen
Papua-neuguineischer
Papua-neuguineisches
Papuaneuguineisch
Papuaneuguineische
Papuaneuguineischem
Papuaneuguineischen
Papuaneuguineischer
Papuaneuguineisches
Paraguayisch
Paraguayische
Paraguayischem
Paraguayischen
Paraguayischer
Paraguayisches
Peruanisch
Peruanische
Peruanischem
Peruanischen
Peruanischer
Peruanisches
Philippinisch
Philippinische
Philippinischem
Philippinischen
Philippinischer
Philippinisches
Polnisch
Polnische
Polnischem
Polnischen
Polnischer
Polnisches
Portugiesisch
Portugiesische
Portugiesischem
Portugiesischen
Portugiesischer
Portugiesisches
Ruandisch
Ruandische
Ruandischem
Ruandischen
Ruandischer
Ruandisches
Rumaenisch
Rumaenische
Rumaenischem
Rumaenischen
Rumaenischer
Rumaenisches
Rumänisch
Rumänische
Rumänischem
Rumänischen
Rumänischer
Rumänisches
Russisch
Russische
Russischem
Russischen
Russischer
Russisches
Russlaendisch
Russlaendische
Russlaendischem
Russlaendischen
Russlaendischer
Russlaendisches
Russländisch
Russländische
Russländischem
Russländischen
Russländischer
Russländisches
Salomonisch
Salomonische
Salomonischem
Salomonischen
Salomonischer
Salomonisches
Salvadorianisch
Salvadorianische
Salvadorianischem
Salvadorianischen
Salvadorianischer
Salvadorianisches
Sambisch
Sambische
Sambischem
Sambischen
Sambischer
Sambisches
Samoanisch
Samoanische
Samoanischem
Samoanischen
Samoanischer
Samoanisches
San-marinesisch
San-marinesische
San-marinesischem
San-marinesischen
San-marinesischer
San-marinesisches
Sanmarinesisch
Sanmarinesische
Sanmarinesischem
Sanmarinesischen
Sanmarinesischer
Sanmarinesisches
Santomeisch
Santomeische
Santomeischem
Santomeischen
Santomeischer
Santomeisches
Saudi-arabisch
Saudi-arabische
Saudi-arabischem
Saudi-arabischen
Saudi-arabischer
Saudi-arabisches
Saudiarabisch
Saudiarabische
Saudiarabischem
Saudiarabischen
Saudiarabischer
Saudiarabisches
Saudisch
Saudische
Saudischem
Saudischen
Saudischer
Saudisches
Schwedisch
Schwedische
Schwedischem
Schwedischen
Schwedischer
Schwedisches
Schweizerisch
Schweizerische
Schweizerischem
Schweizerischen
Schweizerischer
Schweizerisches
Senegalesisch
Senegalesische
Senegalesischem
Senegalesischen
Senegalesischer
Senegalesisches
Serbisch
Serbisch-montenegrinisch
Serbisch-montenegrinische
Serbisch-montenegrinischem
Serbisch-montenegrinischen
Serbisch-montenegrinischer
Serbisch-montenegrinisches
Serbische
Serbischem
Serbischen
Serbischer
Serbisches
Serbokroatisch
Serbokroatische
Serbokroatischem
Serbokroatischen
Serbokroatischer
Serbokroatisches
Seychellisch
Seychellische
Seychellischem
Seychellischen
Seychellischer
Seychellisches
Sierra-leonisch
Sierra-leonische
Sierra-leonischem
Sierra-leonischen
Sierra-leonischer
Sierra-leonisches
Sierraleonisch
Sierraleonische
Sierraleonischem
Sierraleonischen
Sierraleonischer
Sierraleonisches
Simbabwisch
Simbabwische
Simbabwischem
Simbabwischen
Simbabwischer
Simbabwisches
Singapurisch
Singapurische
Singapurischem
Singapurischen
Singapurischer
Singapurisches
Slowakisch
Slowakische
Slowakischem
Slowakischen
Slowakischer
Slowakisches
Slowenisch
Slowenische
Slowenischem
Slowenischen
Slowenischer
Slowenisches
Somalisch
Somalische
Somalischem
Somalischen
Somalischer
Somalisches
Sowjetisch
Sowjetische
Sowjetischem
Sowjetischen
Sowjetischer
Sowjetisches
Spanisch
Spanische
Spanischem
Spanischen
Spanischer
Spanisches
Sri-lankisch
Sri-lankische
Sri-lankischem
Sri-lankischen
Sri-lankischer
Sri-lankisches
Srilankisch
Srilankische
Srilankischem
Srilankischen
Srilankischer
Srilankisches
Sudanesisch
Sudanesische
Sudanesischem
Sudanesischen
Sudanesischer
Sudanesisches
Suedafrikanisch
Suedafrikanische
Suedafrikanischem
Suedafrikanischen
Suedafrikanischer
Suedafrikanisches
Suedkoreanisch
Suedkoreanische
Suedkoreanischem
Suedkoreanischen
Suedkoreanischer
Suedkoreanisches
Suedsudanesisch
Suedsudanesische
Suedsudanesischem
Suedsudanesischen
Suedsudanesischer
Suedsudanesisches
Surinamisch
Surinamische
Surinamischem
Surinamischen
Surinamischer
Surinamisches
Swasilaendisch
Swasilaendische
Swasilaendischem
Swasilaendischen
Swasilaendischer
Swasilaendisches
Swasiländisch
Swasiländische
Swasiländischem
Swasiländischen
Swasiländischer
Swasiländisches
Syrisch
Syrische
Syrischem
Syrischen
Syrischer
Syrisches
São-toméisch
São-toméische
São-toméischem
São-toméischen
São-toméischer
São-toméisches
Sãotoméisch
Sãotoméische
Sãotoméischem
Sãotoméischen
Sãotoméischer
Sãotoméisches
Südafrikanisch
Südafrikanische
Südafrikanischem
Südafrikanischen
Südafrikanischer
Südafrikanisches
Südkoreanisch
Südkoreanische
Südkoreanischem
Südkoreanischen
Südkoreanischer
Südkoreanisches
Südsudanesisch
Südsudanesische
Südsudanesischem
Südsudanesischen
Südsudanesischer
Südsudanesisches
Tadschikisch
Tadschikische
Tadschikischem
Tadschikischen
Tadschikischer
Tadschikisches
Tansanisch
Tansanische
Tansanischem
Tansanischen
Tansanischer
Tansanisches
Thailaendisch
Thailaendische
Thailaendischem
Thailaendischen
Thailaendischer
Thailaendisches
Thailändisch
Thailändische
Thailändischem
Thailändischen
Thailändischer
Thailändisches
Tibetisch
Tibetische
Tibetischem
Tibetischen
Tibetischer
Tibetisches
Timoresisch
Timoresische
Timoresischem
Timoresischen
Timoresischer
Timoresisches
Timorisch
Timorische
Timorischem
Timorischen
Timorischer
Timorisches
Togoisch
Togoische
Togoischem
Togoischen
Togoischer
Togoisches
Togolesisch
Togolesische
Togolesischem
Togolesischen
Togolesischer
Togolesisches
Tongaisch
Tongaische
Tongaischem
Tongaischen
Tongaischer
Tongaisches
Transnistrisch
Transnistrische
Transnistrischem
Transnistrischen
Transnistrischer
Transnistrisches
Tschadisch
Tschadische
Tschadischem
Tschadischen
Tschadischer
Tschadisches
Tschechisch
Tschechische
Tschechischem
Tschechischen
Tschechischer
Tschechisches
Tschechoslowakisch
Tschechoslowakische
Tschechoslowakischem
Tschechoslowakischen
Tschechoslowakischer
Tschechoslowakisches
Tschetschenisch
Tschetschenische
Tschetschenischem
Tschetschenischen
Tschetschenischer
Tschetschenisches
Tuerkisch
Tuerkische
Tuerkischem
Tuerkischen
Tuerkischer
Tuerkisches
Tunesisch
Tunesische
Tunesischem
Tunesischen
Tunesischer
Tunesisches
Turkmenisch
Turkmenische
Turkmenischem
Turkmenischen
Turkmenischer
Turkmenisches
Tuvaluisch
Tuvaluische
Tuvaluischem
Tuvaluischen
Tuvaluischer
Tuvaluisches
Türkisch
Türkische
Türkischem
Türkischen
Türkischer
Türkisches
US-amerikanisch
US-amerikanische
US-amerikanischem
US-amerikanischen
US-amerikanischer
US-amerikanisches
USamerikanisch
USamerikanische
USamerikanischem
USamerikanischen
USamerikanischer
USamerikanisches
Ugandisch
Ugandische
Ugandischem
Ugandischen
Ugandischer
Ugandisches
Ukrainisch
Ukrainische
Ukrainischem
Ukrainischen
Ukrainischer
Ukrainisches
Ungarisch
Ungarische
Ungarischem
Ungarischen
Ungarischer
Ungarisches
Uruguayisch
Uruguayische
Uruguayischem
Uruguayischen
Uruguayischer
Uruguayisches
Us-amerikanisch
Us-amerikanische
Us-amerikanischem
Us-amerikanischen
Us-amerikanischer
Us-amerikanisches
Usamerikanisch
Usamerikanische
Usamerikanischem
Usamerikanischen
Usamerikanischer
Usamerikanisches
Usbekisch
Usbekische
Usbekischem
Usbekischen
Usbekischer
Usbekisches
Vanuatuisch
Vanuatuische
Vanuatuischem
Vanuatuischen
Vanuatuischer
Vanuatuisches
Vatikanisch
Vatikanische
Vatikanischem
Vatikanischen
Vatikanischer
Vatikanisches
Venezolanisch
Venezolanische
Venezolanischem
Venezolanischen
Venezolanischer
Venezolanisches
Vietnamesisch
Vietnamesische
Vietnamesischem
Vietnamesischen
Vietnamesischer
Vietnamesisches
Vincentisch
Vincentische
Vincentischem
Vincentischen
Vincentischer
Vincentisches
Weissrussisch
Weissrussische
Weissrussischem
Weissrussischen
Weissrussischer
Weissrussisches
Weißrussisch
Weißrussische
Weißrussischem
Weißrussischen
Weißrussischer
Weißrussisches
Zentralafrikanisch
Zentralafrikanische
Zentralafrikanischem
Zentralafrikanischen
Zentralafrikanischer
Zentralafrikanisches
Zypriotisch
Zypriotische
Zypriotischem
Zypriotischen
Zypriotischer
Zypriotisches
Zyprisch
Zyprische
Zyprischem
Zyprischen
Zyprischer
Zyprisches
abchasisch
abchasische
abchasischem
abchasischen
abchasischer
abchasisches
abessinisch
abessinische
abessinischem
abessinischen
abessinischer
abessinisches
aegyptisch
aegyptische
aegyptischem
aegyptischen
aegyptischer
aegyptisches
aequatorialguineisch
aequatorialguineische
aequatorialguineischem
aequatorialguineischen
aequatorialguineischer
aequatorialguineisches
aethiopisch
aethiopische
aethiopischem
aethiopischen
aethiopischer
aethiopisches
afghanisch
afghanische
afghanischem
afghanischen
afghanischer
afghanisches
albanisch
albanische
albanischem
albanischen
albanischer
albanisches
algerisch
algerische
algerischem
algerischen
algerischer
algerisches
amerikanisch
amerikanische
amerikanischem
amerikanischen
amerikanischer
amerikanisches
andorranisch
andorranische
andorranischem
andorranischen
andorranischer
andorranisches
angolanisch
angolanische
angolanischem
angolanischen
angolanischer
angolanisches
antiguanisch
antiguanische
antiguanischem
antiguanischen
antiguanischer
antiguanisches
argentinisch
argentinische
argentinischem
argentinischen
argentinischer
argentinisches
armenisch
armenische
armenischem
armenischen
armenischer
armenisches
aserbaidschanisch
aserbaidschanische
aserbaidschanischem
aserbaidschanischen
aserbaidschanischer
aserbaidschanisches
australisch
australische
australischem
australischen
australischer
australisches
bahamaisch
bahamaische
bahamaischem
bahamaischen
bahamaischer
bahamaisches
bahrainisch
bahrainische
bahrainischem
bahrainischen
bahrainischer
bahrainisches
bangalisch
bangalische
bangalischem
bangalischen
bangalischer
bangalisches
bangladeschisch
bangladeschische
bangladeschischem
bangladeschischen
bangladeschischer
bangladeschisches
barbadisch
barbadische
barbadischem
barbadischen
barbadischer
barbadisches
belarussisch
belarussische
belarussischem
belarussischen
belarussischer
belarussisches
belgisch
belgische
belgischem
belgischen
belgischer
belgisches
belizisch
belizische
belizischem
belizischen
belizischer
belizisches
beninisch
beninische
beninischem
beninischen
beninischer
beninisches
bhutanisch
bhutanische
bhutanischem
bhutanischen
bhutanischer
bhutanisches
birmanisch
birmanische
birmanischem
birmanischen
birmanischer
birmanisches
bolivianisch
bolivianische
bolivianischem
bolivianischen
bolivianischer
bolivianisches
bosnisch
bosnisch-herzegowinisch
bosnisch-herzegowinische
bosnisch-herzegowinischem
bosnisch-herzegowinischen
bosnisch-herzegowinischer
bosnisch-herzegowinisches
bosnische
bosnischem
bosnischen
bosnischer
bosnisches
bosnischherzegowinisch
bosnischherzegowinische
bosnischherzegowinischem
bosnischherzegowinischen
bosnischherzegowinischer
bosnischherzegowinisches
botsuanisch
botsuanische
botsuanischem
botsuanischen
botsuanischer
botsuanisches
brasilianisch
brasilianische
brasilianischem
brasilianischen
brasilianischer
brasilianisches
britisch
britische
britischem
britischen
britischer
britisches
bruneiisch
bruneiische
bruneiischem
bruneiischen
bruneiischer
bruneiisches
bulgarisch
bulgarische
bulgarischem
bulgarischen
bulgarischer
bulgarisches
burkinisch
burkinische
burkinischem
burkinischen
burkinischer
burkinisches
burmesisch
burmesische
burmesischem
burmesischen
burmesischer
burmesisches
burundisch
burundische
burundischem
burundischen
burundischer
burundisches
chilenisch
chilenische
chilenischem
chilenischen
chilenischer
chilenisches
chinesisch
chinesische
chinesischem
chinesischen
chinesischer
chinesisches
costa-ricanisch
costa-ricanische
costa-ricanischem
costa-ricanischen
costa-ricanischer
costa-ricanisches
costaricanisch
costaricanische
costaricanischem
costaricanischen
costaricanischer
costaricanisches
daenisch
daenische
daenischem
daenischen
daenischer
daenisches
deutsch
deutsche
deutschem
deutschen
deutscher
deutsches
dominicanisch
dominicanische
dominicanischem
dominicanischen
dominicanischer
dominicanisches
dominikanisch
dominikanische
dominikanischem
dominikanischen
dominikanischer
dominikanisches
dschibutisch
dschibutische
dschibutischem
dschibutischen
dschibutischer
dschibutisches
dänisch
dänische
dänischem
dänischen
dänischer
dänisches
ecuadorianisch
ecuadorianische
ecuadorianischem
ecuadorianischen
ecuadorianischer
ecuadorianisches
englisch
englische
englischem
englischen
englischer
englisches
eritreisch
eritreische
eritreischem
eritreischen
eritreischer
eritreisches
estnisch
estnische
estnischem
estnischen
estnischer
estnisches
faeringisch
faeringische
faeringischem
faeringischen
faeringischer
faeringisches
faeröisch
faeröische
faeröischem
faeröischen
faeröischer
faeröisches
fidschianisch
fidschianische
fidschianischem
fidschianischen
fidschianischer
fidschianisches
finnisch
finnische
finnischem
finnischen
finnischer
finnisches
finnlaendisch
finnlaendische
finnlaendischem
finnlaendischen
finnlaendischer
finnlaendisches
finnländisch
finnländische
finnländischem
finnländischen
finnländischer
finnländisches
franzoesisch
franzoesische
franzoesischem
franzoesischen
franzoesischer
franzoesisches
französisch
französische
französischem
französischen
französischer
französisches
färingisch
färingische
färingischem
färingischen
färingischer
färingisches
färoeisch
färoeische
färoeischem
färoeischen
färoeischer
färoeisches
färöisch
färöische
färöischem
färöischen
färöischer
färöisches
gabunisch
gabunische
gabunischem
gabunischen
gabunischer
gabunisches
gambisch
gambische
gambischem
gambischen
gambischer
gambisches
georgisch
georgische
georgischem
georgischen
georgischer
georgisches
ghanaisch
ghanaische
ghanaischem
ghanaischen
ghanaischer
ghanaisches
grenadisch
grenadische
grenadischem
grenadischen
grenadischer
grenadisches
griechisch
griechische
griechischem
griechischen
griechischer
griechisches
groenländisch
groenländische
groenländischem
groenländischen
groenländischer
groenländisches
grossbritannisch
grossbritannische
grossbritannischem
grossbritannischen
grossbritannischer
grossbritannisches
großbritannisch
großbritannische
großbritannischem
großbritannischen
großbritannischer
großbritannisches
grönlaendisch
grönlaendische
grönlaendischem
grönlaendischen
grönlaendischer
grönlaendisches
grönländisch
grönländische
grönländischem
grönländischen
grönländischer
grönländisches
guatemaltekisch
guatemaltekische
guatemaltekischem
guatemaltekischen
guatemaltekischer
guatemaltekisches
guinea-bissauisch
guinea-bissauische
guinea-bissauischem
guinea-bissauischen
guinea-bissauischer
guinea-bissauisches
guineabissauisch
guineabissauische
guineabissauischem
guineabissauischen
guineabissauischer
guineabissauisches
guineisch
guineische
guineischem
guineischen
guineischer
guineisches
guyanisch
guyanische
guyanischem
guyanischen
guyanischer
guyanisches
haitianisch
haitianische
haitianischem
haitianischen
haitianischer
haitianisches
hawaiisch
hawaiische
hawaiischem
hawaiischen
hawaiischer
hawaiisches
helvetisch
helvetische
helvetischem
helvetischen
helvetischer
helvetisches
honduranisch
honduranische
honduranischem
honduranischen
honduranischer
honduranisches
indisch
indische
indischem
indischen
indischer
indisches
indonesisch
indonesische
indonesischem
indonesischen
indonesischer
indonesisches
irakisch
irakische
irakischem
irakischen
irakischer
irakisches
iranisch
iranische
iranischem
iranischen
iranischer
iranisches
irisch
irische
irischem
irischen
irischer
irisches
irlaendisch
irlaendische
irlaendischem
irlaendischen
irlaendischer
irlaendisches
irländisch
irländische
irländischem
irländischen
irländischer
irländisches
islaendisch
islaendische
islaendischem
islaendischen
islaendischer
islaendisches
isländisch
isländische
isländischem
isländischen
isländischer
isländisches
israelisch
israelische
israelischem
israelischen
israelischer
israelisches
italienisch
italienische
italienischem
italienischen
italienischer
italienisches
ivorisch
ivorische
ivorischem
ivorischen
ivorischer
ivorisches
jamaikanisch
jamaikanische
jamaikanischem
jamaikanischen
jamaikanischer
jamaikanisches
japanisch
japanische
japanischem
japanischen
japanischer
japanisches
jemenitisch
jemenitische
jemenitischem
jemenitischen
jemenitischer
jemenitisches
jordanisch
jordanische
jordanischem
jordanischen
jordanischer
jordanisches
jugoslawisch
jugoslawische
jugoslawischem
jugoslawischen
jugoslawischer
jugoslawisches
kambodschanisch
kambodschanische
kambodschanischem
kambodschanischen
kambodschanischer
kambodschanisches
kamerunisch
kamerunische
kamerunischem
kamerunischen
kamerunischer
kamerunisches
kanadisch
kanadische
kanadischem
kanadischen
kanadischer
kanadisches
kapverdisch
kapverdische
kapverdischem
kapverdischen
kapverdischer
kapverdisches
kasachisch
kasachische
kasachischem
kasachischen
kasachischer
kasachisches
katarisch
katarische
katarischem
katarischen
katarischer
katarisches
kenianisch
kenianische
kenianischem
kenianischen
kenianischer
kenianisches
kirgisisch
kirgisische
kirgisischem
kirgisischen
kirgisischer
kirgisisches
kiribatisch
kiribatische
kiribatischem
kiribatischen
kiribatischer
kiribatisches
kolumbianisch
kolumbianische
kolumbianischem
kolumbianischen
kolumbianischer
kolumbianisches
komorisch
komorische
komorischem
komorischen
komorischer
komorisches
kongolesisch
kongolesische
kongolesischem
kongolesischen
kongolesischer
kongolesisches
kosovarisch
kosovarische
kosovarischem
kosovarischen
kosovarischer
kosovarisches
kroatisch
kroatische
kroatischem
kroatischen
kroatischer
kroatisches
kubanisch
kubanische
kubanischem
kubanischen
kubanischer
kubanisches
kuwaitisch
kuwaitische
kuwaitischem
kuwaitischen
kuwaitischer
kuwaitisches
laotisch
laotische
laotischem
laotischen
laotischer
laotisches
lesothisch
lesothische
lesothischem
lesothischen
lesothischer
lesothisches
lettisch
lettische
lettischem
lettischen
lettischer
lettisches
libanesisch
libanesische
libanesischem
libanesischen
libanesischer
libanesisches
liberianisch
liberianische
liberianischem
liberianischen
liberianischer
liberianisches
libysch
libysche
libyschem
libyschen
libyscher
libysches
liechtensteinisch
liechtensteinische
liechtensteinischem
liechtensteinischen
liechtensteinischer
liechtensteinisches
litauisch
litauische
litauischem
litauischen
litauischer
litauisches
lucianisch
lucianische
lucianischem
lucianischen
lucianischer
lucianisches
luxemburgisch
luxemburgische
luxemburgischem
luxemburgischen
luxemburgischer
luxemburgisches
madagassisch
madagassische
madagassischem
madagassischen
madagassischer
madagassisches
madegassisch
madegassische
madegassischem
madegassischen
madegassischer
madegassisches
makedonisch
makedonische
makedonischem
makedonischen
makedonischer
makedonisches
malawisch
malawische
malawischem
malawischen
malawischer
malawisches
malaysisch
malaysische
malaysischem
malaysischen
malaysischer
malaysisches
maledivisch
maledivische
maledivischem
maledivischen
maledivischer
maledivisches
malisch
malische
malischem
malischen
malischer
malisches
maltesisch
maltesische
maltesischem
maltesischen
maltesischer
maltesisches
marokkanisch
marokkanische
marokkanischem
marokkanischen
marokkanischer
marokkanisches
marshallisch
marshallische
marshallischem
marshallischen
marshallischer
marshallisches
mauretanisch
mauretanische
mauretanischem
mauretanischen
mauretanischer
mauretanisches
mauritisch
mauritische
mauritischem
mauritischen
mauritischer
mauritisches
mazedonisch
mazedonische
mazedonischem
mazedonischen
mazedonischer
mazedonisches
mexikanisch
mexikanische
mexikanischem
mexikanischen
mexikanischer
mexikanisches
mikronesisch
mikronesische
mikronesischem
mikronesischen
mikronesischer
mikronesisches
moldauisch
moldauische
moldauischem
moldauischen
moldauischer
moldauisches
monegassisch
monegassische
monegassischem
monegassischen
monegassischer
monegassisches
mongolisch
mongolische
mongolischem
mongolischen
mongolischer
mongolisches
montenegrinisch
montenegrinische
montenegrinischem
montenegrinischen
montenegrinischer
montenegrinisches
mosambikanisch
mosambikanische
mosambikanischem
mosambikanischen
mosambikanischer
mosambikanisches
myanmarisch
myanmarische
myanmarischem
myanmarischen
myanmarischer
myanmarisches
namibisch
namibische
namibischem
namibischen
namibischer
namibisches
nauruisch
nauruische
nauruischem
nauruischen
nauruischer
nauruisches
nepalesisch
nepalesische
nepalesischem
nepalesischen
nepalesischer
nepalesisches
neuseelaendisch
neuseelaendische
neuseelaendischem
neuseelaendischen
neuseelaendischer
neuseelaendisches
neuseeländisch
neuseeländische
neuseeländischem
neuseeländischen
neuseeländischer
neuseeländisches
nicaraguanisch
nicaraguanische
nicaraguanischem
nicaraguanischen
nicaraguanischer
nicaraguanisches
niederlaendisch
niederlaendische
niederlaendischem
niederlaendischen
niederlaendischer
niederlaendisches
niederländisch
niederländische
niederländischem
niederländischen
niederländischer
niederländisches
nigerianisch
nigerianische
nigerianischem
nigerianischen
nigerianischer
nigerianisches
nigrisch
nigrische
nigrischem
nigrischen
nigrischer
nigrisches
nikaraguanisch
nikaraguanische
nikaraguanischem
nikaraguanischen
nikaraguanischer
nikaraguanisches
niueanisch
niueanische
niueanischem
niueanischen
niueanischer
niueanisches
nordkoreanisch
nordkoreanische
nordkoreanischem
nordkoreanischen
nordkoreanischer
nordkoreanisches
nordmazedonisch
nordmazedonische
nordmazedonischem
nordmazedonischen
nordmazedonischer
nordmazedonisches
norwegisch
norwegische
norwegischem
norwegischen
norwegischer
norwegisches
oesterreichisch
oesterreichische
oesterreichischem
oesterreichischen
oesterreichischer
oesterreichisches
omanisch
omanische
omanischem
omanischen
omanischer
omanisches
pakistanisch
pakistanische
pakistanischem
pakistanischen
pakistanischer
pakistanisches
palaestinensisch
palaestinensische
palaestinensischem
palaestinensischen
palaestinensischer
palaestinensisches
palauisch
palauische
palauischem
palauischen
palauischer
palauisches
palästinensisch
palästinensische
palästinensischem
palästinensischen
palästinensischer
palästinensisches
panamaisch
panamaische
panamaischem
panamaischen
panamaischer
panamaisches
papua-neuguineisch
papua-neuguineische
papua-neuguineischem
papua-neuguineischen
papua-neuguineischer
papua-neuguineisches
papuaneuguineisch
papuaneuguineische
papuaneuguineischem
papuaneuguineischen
papuaneuguineischer
papuaneuguineisches
paraguayisch
paraguayische
paraguayischem
paraguayischen
paraguayischer
paraguayisches
peruanisch
peruanische
peruanischem
peruanischen
peruanischer
peruanisches
philippinisch
philippinische
philippinischem
philippinischen
philippinischer
philippinisches
polnisch
polnische
polnischem
polnischen
polnischer
polnisches
portugiesisch
portugiesische
portugiesischem
portugiesischen
portugiesischer
portugiesisches
ruandisch
ruandische
ruandischem
ruandischen
ruandischer
ruandisches
rumaenisch
rumaenische
rumaenischem
rumaenischen
rumaenischer
rumaenisches
rumänisch
rumänische
rumänischem
rumänischen
rumänischer
rumänisches
russisch
russische
russischem
russischen
russischer
russisches
russlaendisch
russlaendische
russlaendischem
russlaendischen
russlaendischer
russlaendisches
russländisch
russländische
russländischem
russländischen
russländischer
russländisches
salomonisch
salomonische
salomonischem
salomonischen
salomonischer
salomonisches
salvadorianisch
salvadorianische
salvadorianischem
salvadorianischen
salvadorianischer
salvadorianisches
sambisch
sambische
sambischem
sambischen
sambischer
sambisches
samoanisch
samoanische
samoanischem
samoanischen
samoanischer
samoanisches
san-marinesisch
san-marinesische
san-marinesischem
san-marinesischen
san-marinesischer
san-marinesisches
sanmarinesisch
sanmarinesische
sanmarinesischem
sanmarinesischen
sanmarinesischer
sanmarinesisches
santomeisch
santomeische
santomeischem
santomeischen
santomeischer
santomeisches
saudi-arabisch
saudi-arabische
saudi-arabischem
saudi-arabischen
saudi-arabischer
saudi-arabisches
saudiarabisch
saudiarabische
saudiarabischem
saudiarabischen
saudiarabischer
saudiarabisches
saudisch
saudische
saudischem
saudischen
saudischer
saudisches
schwedisch
schwedische
schwedischem
schwedischen
schwedischer
schwedisches
schweizerisch
schweizerische
schweizerischem
schweizerischen
schweizerischer
schweizerisches
senegalesisch
senegalesische
senegalesischem
senegalesischen
senegalesischer
senegalesisches
serbisch
serbisch-montenegrinisch
serbisch-montenegrinische
serbisch-montenegrinischem
serbisch-montenegrinischen
serbisch-montenegrinischer
serbisch-montenegrinisches
serbische
serbischem
serbischen
serbischer
serbisches
serbokroatisch
serbokroatische
serbokroatischem
serbokroatischen
serbokroatischer
serbokroatisches
seychellisch
seychellische
seychellischem
seychellischen
seychellischer
seychellisches
sierra-leonisch
sierra-leonische
sierra-leonischem
sierra-leonischen
sierra-leonischer
sierra-leonisches
sierraleonisch
sierraleonische
sierraleonischem
sierraleonischen
sierraleonischer
sierraleonisches
simbabwisch
simbabwische
simbabwischem
simbabwischen
simbabwischer
simbabwisches
singapurisch
singapurische
singapurischem
singapurischen
singapurischer
singapurisches
slowakisch
slowakische
slowakischem
slowakischen
slowakischer
slowakisches
slowenisch
slowenische
slowenischem
slowenischen
slowenischer
slowenisches
somalisch
somalische
somalischem
somalischen
somalischer
somalisches
sowjetisch
sowjetische
sowjetischem
sowjetischen
sowjetischer
sowjetisches
spanisch
spanische
spanischem
spanischen
spanischer
spanisches
sri-lankisch
sri-lankische
sri-lankischem
sri-lankischen
sri-lankischer
sri-lankisches
srilankisch
srilankische
srilankischem
srilankischen
srilankischer
srilankisches
sudanesisch
sudanesische
sudanesischem
sudanesischen
sudanesischer
sudanesisches
suedafrikanisch
suedafrikanische
suedafrikanischem
suedafrikanischen
suedafrikanischer
suedafrikanisches
suedkoreanisch
suedkoreanische
suedkoreanischem
suedkoreanischen
suedkoreanischer
suedkoreanisches
suedsudanesisch
suedsudanesische
suedsudanesischem
suedsudanesischen
suedsudanesischer
suedsudanesisches
surinamisch
surinamische
surinamischem
surinamischen
surinamischer
surinamisches
swasilaendisch
swasilaendische
swasilaendischem
swasilaendischen
swasilaendischer
swasilaendisches
swasiländisch
swasiländische
swasiländischem
swasiländischen
swasiländischer
swasiländisches
syrisch
syrische
syrischem
syrischen
syrischer
syrisches
são-toméisch
são-toméische
são-toméischem
são-toméischen
são-toméischer
são-toméisches
sãotoméisch
sãotoméische
sãotoméischem
sãotoméischen
sãotoméischer
sãotoméisches
südafrikanisch
südafrikanische
südafrikanischem
südafrikanischen
südafrikanischer
südafrikanisches
südkoreanisch
südkoreanische
südkoreanischem
südkoreanischen
südkoreanischer
südkoreanisches
südsudanesisch
südsudanesische
südsudanesischem
südsudanesischen
südsudanesischer
südsudanesisches
tadschikisch
tadschikische
tadschikischem
tadschikischen
tadschikischer
tadschikisches
tansanisch
tansanische
tansanischem
tansanischen
tansanischer
tansanisches
thailaendisch
thailaendische
thailaendischem
thailaendischen
thailaendischer
thailaendisches
thailändisch
thailändische
thailändischem
thailändischen
thailändischer
thailändisches
tibetisch
tibetische
tibetischem
tibetischen
tibetischer
tibetisches
timoresisch
timoresische
timoresischem
timoresischen
timoresischer
timoresisches
timorisch
timorische
timorischem
timorischen
timorischer
timorisches
togoisch
togoische
togoischem
togoischen
togoischer
togoisches
togolesisch
togolesische
togolesischem
togolesischen
togolesischer
togolesisches
tongaisch
tongaische
tongaischem
tongaischen
tongaischer
tongaisches
transnistrisch
transnistrische
transnistrischem
transnistrischen
transnistrischer
transnistrisches
tschadisch
tschadische
tschadischem
tschadischen
tschadischer
tschadisches
tschechisch
tschechische
tschechischem
tschechischen
tschechischer
tschechisches
tschechoslowakisch
tschechoslowakische
tschechoslowakischem
tschechoslowakischen
tschechoslowakischer
tschechoslowakisches
tschetschenisch
tschetschenische
tschetschenischem
tschetschenischen
tschetschenischer
tschetschenisches
tuerkisch
tuerkische
tuerkischem
tuerkischen
tuerkischer
tuerkisches
tunesisch
tunesische
tunesischem
tunesischen
tunesischer
tunesisches
turkmenisch
turkmenische
turkmenischem
turkmenischen
turkmenischer
turkmenisches
tuvaluisch
tuvaluische
tuvaluischem
tuvaluischen
tuvaluischer
tuvaluisches
türkisch
türkische
türkischem
türkischen
türkischer
türkisches
ugandisch
ugandische
ugandischem
ugandischen
ugandischer
ugandisches
ukrainisch
ukrainische
ukrainischem
ukrainischen
ukrainischer
ukrainisches
ungarisch
ungarische
ungarischem
ungarischen
ungarischer
ungarisches
uruguayisch
uruguayische
uruguayischem
uruguayischen
uruguayischer
uruguayisches
usbekisch
usbekische
usbekischem
usbekischen
usbekischer
usbekisches
vanuatuisch
vanuatuische
vanuatuischem
vanuatuischen
vanuatuischer
vanuatuisches
vatikanisch
vatikanische
vatikanischem
vatikanischen
vatikanischer
vatikanisches
venezolanisch
venezolanische
venezolanischem
venezolanischen
venezolanischer
venezolanisches
vietnamesisch
vietnamesische
vietnamesischem
vietnamesischen
vietnamesischer
vietnamesisches
vincentisch
vincentische
vincentischem
vincentischen
vincentischer
vincentisches
weissrussisch
weissrussische
weissrussischem
weissrussischen
weissrussischer
weissrussisches
weißrussisch
weißrussische
weißrussischem
weißrussischen
weißrussischer
weißrussisches
zentralafrikanisch
zentralafrikanische
zentralafrikanischem
zentralafrikanischen
zentralafrikanischer
zentralafrikanisches
zypriotisch
zypriotische
zypriotischem
zypriotischen
zypriotischer
zypriotisches
zyprisch
zyprische
zyprischem
zyprischen
zyprischer
zyprisches
Ägyptisch
Ägyptische
Ägyptischem
Ägyptischen
Ägyptischer
Ägyptisches
Äquatorialguineisch
Äquatorialguineische
Äquatorialguineischem
Äquatorialguineischen
Äquatorialguineischer
Äquatorialguineisches
Äthiopisch
Äthiopische
Äthiopischem
Äthiopischen
Äthiopischer
Äthiopisches
Österreichisch
Österreichische
Österreichischem
Österreichischen
Österreichischer
Österreichisches
ägyptisch
ägyptische
ägyptischem
ägyptischen
ägyptischer
ägyptisches
äquatorialguineisch
äquatorialguineische
äquatorialguineischem
äquatorialguineischen
äquatorialguineischer
äquatorialguineisches
äthiopisch
äthiopische
äthiopischem
äthiopischen
äthiopischer
äthiopisches
österreichisch
österreichische
österreichischem
österreichischen
österreichischer
österreichisches