'Ali Sabieh
's-Hertogenbosch
Aalborg
Abakaliki
Abakan
Abancay
Abengourou
Abeokuta
Abha
Abidjan
Abomey
Abu Dhabi
Abuja
Abéché
Accra
Ad Dīwānīyah
Ad-Damazin
Adana
Adapazarı
Addis Ababa
Adelaide
Aden
Ado-Ekiti
Adıyaman
Afyonkarahisar
Agadez
Agadir
Agartala
Aguascalientes
Ahvaz
Aizawl
Ajaccio
Ajdabiya
Ajman City
Akita
Aksaray
Aktau
Aktobe
Akure
Al Aḩmadī
Al Bahah
Al Bayḑā’
Al Buraymī
Al Farwānīyah
Al Fayyūm
Al Fujairah City
Al Khums
Al Khārijah
Al Kūt
Al Manşūrah
Al Marj
Al Minyā
Al Qadarif
Al Ḩasakah
Al Ḩillah
Al Ḩudaydah
Al ‘Amārah
Alba Iulia
Albany
Aleppo
Alexandria
Algiers
Almaty
Alor Setar
Alytus
Amasya
Ambato
Ambon
Ambovombe
Amman
Amsterdam
Ancona
Andijon
Andong
Ankara
Annaba
Antakya
Antalya
Antananarivo
Antofagasta
Antsirabe
Antsiranana
Anuradhapura
Aomori
Aqaba
Ar Raqqah
Ar Rayyān
Aracaju
Arad
Arar
Arauca
Ardabīl
Arequipa
Ariana
Arica
Arish
Arkhangel’sk
Armenia
Arnhem
Artemisa
Arusha
Arāk
As Salţ
As Samawah
As Sulaymānīyah
As-Suwayda
Asaba
Ashgabat
Asmara
Assen
Astrakhan
Asunción
Aswan
Asyūţ
Atakpamé
Athens
Atlanta
Atyrau
Auckland
Austin
Aveiro
Awka
Ayacucho
Aydın
Az Zāwīyah
Azua
Aïn Defla
Aïn Temouchent
Ağrı
Babahoyo
Bacău
Bafoussam
Baghdad
Bago
Baguio
Bahir Dar
Baia Mare
Baidoa
Baikonur
Baku
Balkanabat
Balıkesir
Bamako
Bamenda
Banda Aceh
Bandar Abbas
Bandar Lampung
Bandar Seri Begawan
Bandung
Banfora
Bangkok
Bangui
Banhā
Banja Luka
Banjarmasin
Banská Bystrica
Baní
Banī Suwayf
Baqubah
Barcelona
Bari
Barinas
Barisāl
Barnaul
Barquisimeto
Barranquilla
Basel
Basrah
Bata
Batman
Batna
Baton Rouge
Battambang
Batumi
Bauchi
Bayamo
Bayamón
Beau Bassin-Rose Hill
Beersheba
Beijing
Beira
Beirut
Bejaïa
Beledweyne
Belfast
Belgorod
Belgrade
Belize City
Belo Horizonte
Belém
Ben Arous
Bender
Bengaluru
Benghazi
Bengkulu
Benguela
Beni Mellal
Benin City
Berbérati
Bergen
Berlin
Bern
Bertoua
Bhisho
Bhopal
Bhubaneshwar
Białystok
Bimbo
Bingöl
Birnin Kebbi
Birobidzhan
Bishkek
Biskra
Bismarck
Bissau
Bistriţa
Bitola
Bizerte
Biên Hòa
Blagoevgrad
Blagoveshchensk
Blantyre
Blida
Bloemfontein
Bo
Boa Vista
Bobo-Dioulasso
Bogotá
Boise
Bojnūrd
Bolgatanga
Bologna
Bolu
Bonao
Bondoukou
Bordeaux
Bordj Bou Arreridj
Bosaso
Boston
Botoşani
Bouaké
Boumerdas
Bouïra
Braga
Brasília
Bratislava
Brazzaville
Braşov
Bremen
Brest
Bridgetown
Brikama
Brisbane
Brno
Brussels
Bryansk
Brăila
Bucaramanga
Bucharest
Budapest
Buenos Aires
Bujumbura
Bukavu
Bukhara
Bukoba
Bulawayo
Bungoma
Bunia
Burao
Buraydah
Burdur
Burgas
Bursa
Busan
Bushehr
Busia
Buta
Butuan
Buzău
Buôn Ma Thuột
Bydgoszcz
Byumba
Béchar
Béja
Békéscsaba
Bāmyān
Bāzārak
Bălţi
Bīrjand
Bạc Liêu
Bắc Giang
Bến Tre
Cabinda
Cagliari
Caguas
Cairo
Cajamarca
Calabar
Calamba
Calapan
Cali
Callao
Camagüey
Campeche
Campo Grande
Canberra
Cao Lãnh
Cape Coast
Cape Town
Caracas
Cardiff
Carolina
Carson City
Cartagena
Casablanca
Catanzaro
Cayenne
Cebu City
Cerro de Pasco
Ceuta
Chaguanas
Chaiyaphum
Chandigarh
Changchun
Changsha
Changwon
Chanthaburi
Charikar
Cheboksary
Chelyabinsk
Chengdu
Chennai
Cheongju-si
Cherkasy
Cherkessk
Chernihiv
Chernivtsi
Chetumal
Cheyenne
Chiang Mai
Chiang Rai
Chiba
Chiclayo
Chihuahua
Chillán
Chilpancingo
Chimaltenango
Chimoio
Chinandega
Chinhoyi
Chipata
Chisinau
Chita
Chittagong
Chlef
Chon Buri
Chongjin
Chongqing
Christchurch
Chumphon
Chuncheon
Ciego de Ávila
Cienfuegos
Ciudad Bolívar
Ciudad Choluteca
Ciudad Victoria
Ciudad del Este
Cluj-Napoca
Cobán
Cochabamba
Coimbra
Colima
Colombo
Columbia
Columbus
Colón
Comayagua
Conakry
Concepción
Concepción de La Vega
Constantine
Constanţa
Copenhagen
Copiapó
Coro
Coronel Oviedo
Corrientes
Cotabato
Craiova
Cuenca
Cuernavaca
Cuiabá
Cuito
Culiacán
Cumaná
Curitiba
Cusco
Cà Mau
Córdoba
Cúcuta
Cần Thơ
Da Nang
Daegu
Daejeon
Dakar
Dakhla
Daloa
Damanhūr
Damascus
Damietta
Dammam
Dar es Salaam
Darhan
Darnah
Darwin
Dar‘ā
Daugavpils
Davao
David
Dawei
Daşoguz
Debrecen
Dehra Dūn
Deir ez-Zor
Delhi
Denizli
Denpasar
Denver
Des Moines
Dhaka
Dhamār
Dihok
Dijon
Dili
Dimbokro
Dire Dawa
Diyarbakır
Djelfa
Djibouti
Djougou
Dnipro
Dobrich
Dodoma
Doha
Dolisie
Donetsk
Douala
Drammen
Dresden
Drobeta-Turnu Severin
Dubai
Dublin
Dunedin
Durrës
Dushanbe
Düsseldorf
Düzce
Ed Damer
Edinburgh
Edirne
Edmonton
Eger
El Bayadh
El Daein
El Fasher
El Obeid
El Oued
Elazığ
Elbasan
Eldoret
Elista
Encarnación
Enugu
Erbil
Erdenet
Erfurt
Erzincan
Erzurum
Escuintla
Eskişehir
Esmeraldas
Estelí
Fergana
Ferizaj
Fianarantsoa
Fier
Florence
Florencia
Florianópolis
Focșani
Formosa
Fort-de-France
Fortaleza
Francistown
Fredericton
Freetown
Fukui-shi
Fukuoka
Fukushima
Funchal
Fuzhou
Fès
Gaalkacyo
Gaborone
Gabrovo
Gabès
Gafsa
Gagnoa
Gaillimh
Galaţi
Galle
Gandhinagar
Ganja
Gao
Gardez
Garissa
Garoowe
Garoua
Gasteiz / Vitoria
Gaza
Gaziantep
Gbadolite
Gdańsk
Geneina
Genoa
Genève
George Town
Georgetown
Ghardaïa
Gharyan
Ghazni
Gifu-shi
Giresun
Giurgiu
Giza
Gjakovë
Gjilan
Goiânia
Goma
Gombe
Gonaïves
Gorgān
Gorno-Altaysk
Gorontalo
Gorzów Wielkopolski
Gostivar
Granada
Graz
Groningen
Groznyy
Guadalajara
Guanajuato
Guanare
Guangzhou
Guantánamo
Guatemala City
Guayaquil
Guaynabo
Guelma
Guelmim
Guiyang
Guliston
Gulu
Gusau
Gwangju
Gweru
Gyumri
Győr
Gävle
Göteborg
Ha'il
Haarlem
Haeju
Haifa
Haikou
Haiphong
Hakkâri
Halifax
Halmstad
Hamadān
Hamburg
Hamhŭng
Hamilton
Hangzhou
Hannover
Hanoi
Harar
Harare
Harbin
Hargeysa
Hartford
Haskovo
Havana
Hawassa
Hefei
Helsinki
Hermosillo
Herāt
Hiroshima
Ho
Ho Chi Minh City
Hobart
Hohhot
Holguín
Homs
Homyel'
Hong Kong
Hongseong
Honiara
Honolulu
Hradec Králové
Hrodna
Huacho
Huambo
Huancayo
Huaraz
Huehuetenango
Hunedoara
Hurghada
Huánuco
Huế
Hyderabad
Hyesan
Hòa Bình
Hạ Long
Hải Dương
Iaşi
Ibadan
Ibagué
Ibarra
Ibb
Ica
Idlib
Ikeja
Ilorin
Imphal
Incheon
Indianapolis
Inhambane
Innsbruck
Ioánnina
Ipoh
Iquique
Iquitos
Irbid
Iringa
Irkutsk
Irákleion
Isfahan
Isiro
Islamabad
Ismailia
Isparta
Istanbul
Ivano-Frankivsk
Ivanovo
Izhevsk
Iğdır
Jackson
Jacmel
Jaffna
Jaipur
Jakarta
Jalal-Abad
Jalingo
Jalālābād
Jambi City
Jayapura
Jeju City
Jelgava
Jendouba
Jerusalem
Jihlava
Jijel
Jijiga
Jinan
Jinja
Jinotega
Jizan
Jizzax
Joensuu
Johannesburg
Johor Bahru
Jos
João Pessoa
Juba
Jyväskylä
Jérémie
Jönköping
Jūrmala
Kabul
Kabwe
Kadugli
Kaduna
Kafr ash Shaykh
Kaga Bandoro
Kagoshima
Kahramanmaraş
Kairouan
Kakamega
Kalasin
Kaliningrad
Kaluga
Kamina
Kampala
Kamphaeng Phet
Kampong Cham
Kampong Chhnang
Kananga
Kanazawa
Kanchanaburi
Kandahār
Kandi
Kandy
Kangar
Kanggye
Kankan
Kano
Kaohsiung
Kaolack
Kapenguria
Kaposvár
Kara
Karabük
Karachi
Karagandy
Karaj
Karakol
Karaman
Karbala
Kardzhali
Karlovy Vary
Karlstad
Kars
Kasama
Kassala
Kasserine
Kastamonu
Kathmandu
Katowice
Katsina
Kaunas
Kayes
Kayseri
Kazan
Kaédi
Kecskemét
Kemerovo
Kendari
Kenema
Kenitra
Keren
Kerman
Kermanshah
Khabarovsk
Khanjarah
Khanty-Mansiysk
Kharkiv
Khartoum
Khenchela
Kherson
Khmelnytskyi
Khon Kaen
Khorramabad
Khulna
Khōst
Khŭjand
Kiel
Kielce
Kigali
Kigoma
Kilis
Kimberley
Kindia
Kindu
Kingston
Kinshasa
Kirkuk
Kirov
Kisangani
Kisela Voda
Kismayo
Kisumu
Kitale
Klagenfurt am Wörthersee
Klaipėda
Kobe
Kochi
Koforidua
Kohima
Kokshetau
Kolda
Kolkata
Konya
Korhogo
Koronadal
Korçë
Kostanay
Kostroma
Kota Bharu
Kota Kinabalu
Koudougou
Kowloon
Košice
Kraków
Krasnodar
Krasnoyarsk
Kristiansand
Kropyvnytskyi
Kuala Lumpur
Kuala Terengganu
Kuantan
Kuching
Kumamoto
Kumanovo
Kumasi
Kunduz
Kunming
Kuopio
Kupang
Kurgan
Kursk
Kutaisi
Kuwait City
Kyiv
Kyoto
Kyzyl
Kyzylorda
Kütahya
Kırklareli
Kırıkkale
Kırşehir
Kōfu
La Ceiba
La Chorrera
La Paz
La Plata
La Rioja
La Romana
La Serena
Laascaanood
Laayoune
Labuan
Lae
Lafia
Laghouat
Lahore
Lahti
Lampang
Lamía
Lankaran
Lansing
Lanzhou
Lappeenranta
Larnaca
Las Palmas de Gran Canaria
Las Tunas
Latacunga
Latakia
Lausanne
Lautoka
Leeuwarden
Lelystad
Les Cayes
León
Lhasa
Liberec
Libreville
Lichinga
Liepāja
Lille
Lilongwe
Lima
Limassol
Limón
Lincoln
Linköping
Linz
Lipetsk
Lisbon
Little Rock
Ljubljana
Logroño
Loja
Lokoja
Lokossa
Lomé
London
Long Xuyên
Lop Buri
Los Teques
Louga
Luanda
Lubango
Lublin
Lubumbashi
Lucknow
Luhansk
Lusaka
Lutsk
Luxembourg
Luxor
Luzern
Lviv
Lyon
Lárisa
Lạng Sơn
Ma'an
Maastricht
Macapá
Macau
Maceió
Machala
Madison
Madrid
Maebashi
Mafeteng
Mafraq
Magadan
Magdeburg
Magway
Maha Sarakham
Mahajanga
Mahilyow
Maiduguri
Mainz
Makassar
Makeni
Makhachkala
Makurdi
Malabo
Malacca
Malakal
Malanje
Malatya
Maldonado
Male
Malmö
Mamoudzou
Man
Manado
Managua
Manama
Manaus
Mandalay
Manila
Manisa
Manizales
Manokwari
Manzini
Maputo
Maracaibo
Maracay
Maradi
Mardin
Maribor
Marka
Marondera
Maroua
Marrakesh
Marseille
Mary
Masaya
Mascara
Maseru
Mashhad
Masvingo
Matadi
Matagalpa
Matanzas
Mataram
Matola
Matsue
Matsuyama
Maturín
Mawlamyine
Mayagüez
Maykop
Maymana
Mazār-e Sharīf
Mbabane
Mbandaka
Mbarara
Mbaïki
Mbeya
Mbuji-Mayi
Mecca
Medan
Medellín
Medenine
Medina
Mek'ele
Melbourne
Melilla
Melo
Mendoza
Mersa Matruh
Mersin
Mexicali
Mexico City
Mila
Milan
Mindelo
Mingelchaur
Minna
Minsk
Miragoâne
Miskolc
Mito
Mitrovicë
Miyazaki
Mişrātah
Moca
Mogadishu
Molepolole
Mombasa
Monastir
Mongu
Monrovia
Montego Bay
Monterrey
Montería
Montevideo
Montgomery
Mopti
Moquegua
Morelia
Morioka
Morogoro
Moscow
Moshi
Mostaganem
Mosul
Moundou
Mpanda
Mtwara
Muan
Mueang Nonthaburi
Mukalla
Mumbai
Munich
Murcia
Murmansk
Muscat
Musoma
Mutare
Muyinga
Muzaffarābād
Muş
Mwanza
Myitkyina
Mykolayiv
Mymensingh
Mzuzu
Médéa
Mérida
Mādabā
Mỹ Tho
M’Sila
N'Djamena
Nabatîyé et Tahta
Nabeul
Nagano
Nagasaki
Nagoya
Naha
Nairobi
Najaf
Najrān
Nakhchivan
Nakhon Pathom
Nakhon Ratchasima
Nakhon Sawan
Nakhon Si Thammarat
Nakuru
Nal’chik
Nam Định
Namangan
Namibe
Nampula
Namur
Nanchang
Nanjing
Nanning
Nantes
Napier
Naples
Nara-shi
Naryn
Nashville
Nasiriyah
Nassau
Natal
Natitingou
Navoiy
Nay Pyi Taw
Nazareth
Ndola
Neiva
Nelson
Nelspruit
Neuquén
Nevşehir
New Delhi
Ngaoundéré
Nha Trang
Niamey
Nicosia
Niigata
Nikšić
Nitra
Nizhniy Novgorod
Nizwá
Niğde
Nong Khai
Nouadhibou
Nouakchott
Nouméa
Novi Sad
Novosibirsk
Nukus
Nur-Sultan
Nyala
Nyeri
Nyíregyháza
Nzérékoré
Néma
N’dalatando
Oaxaca
Odessa
Ohrid
Okap
Okayama
Oklahoma City
Olomouc
Olsztyn
Olympia
Omsk
Opole
Oradea
Oral
Oran
Ordu
Orenburg
Orléans
Oruro
Orël
Orūmīyeh
Osaka
Osh
Osijek
Oslo
Osmaniye
Osogbo
Ostrava
Ottawa
Ouagadougou
Ouahigouya
Ouargla
Ouidah
Oujda-Angad
Oulu
Oum el Bouaghi
Oviedo
Owerri
Pachuca de Soto
Padang
Pagadian
Pakse
Palangkaraya
Palembang
Palermo
Palma
Palmas
Palmerston North
Palu
Pamplona
Panaji
Panamá
Panevėžys
Pangkalpinang
Parakou
Paramaribo
Paraná
Pardubice
Paris
Pasto
Pathein
Patna
Pavlodar
Paysandú
Pazardzhik
Pedro Juan Caballero
Pekanbaru
Pemba
Penza
Pereira
Perm
Pernik
Perth
Perugia
Peshawar
Petropavl
Petropavlovsk-Kamchatsky
Petrozavodsk
Phan Rang-Tháp Chàm
Phan Thiết
Phetchabun
Phitsanulok
Phnom Penh
Phoenix
Phra Nakhon Si Ayutthaya
Phuket
Piatra Neamţ
Pietermaritzburg
Pilsen
Pinar del Río
Piteşti
Piura
Pleiku
Pleven
Ploieşti
Plovdiv
Podgorica
Pointe-Noire
Pokhara
Polokwane
Poltava
Ponce
Pontianak
Popayán
Pori
Port Blair
Port Harcourt
Port Louis
Port Moresby
Port Said
Port Sudan
Port-Gentil
Port-au-Prince
Port-de-Paix
Porto
Porto Alegre
Porto Velho
Porto-Novo
Portoviejo
Posadas
Potenza
Potosí
Potsdam
Poznań
Prague
Praia
Pretoria
Prešov
Prilep
Pristina
Prizren
Providence
Pskov
Pucallpa
Puducherry
Puebla
Puerto Ayacucho
Puerto Barrios
Puerto Montt
Puerto Plata
Pul-e Khumrī
Puno
Punta Arenas
Pursat
Pyongyang
Pátra
Pécs
P’yŏngsŏng
Qarshi
Qazvin
Qinā
Qom
Quelimane
Quetta
Quetzaltenango
Qui Nhon
Quibdó
Quito
Québec
Qŭrghonteppa
Rabak
Rabat
Raipur
Rajin
Raleigh
Ramadi
Ramla
Rancagua
Ranchi
Rangpur
Ras Al Khaimah City
Rasht
Ratchaburi
Rayong
Recife
Regina
Relizane
Rennes
Resistencia
Reykjavík
Reşiţa
Richmond
Riga
Rijeka
Rio Branco
Rio de Janeiro
Riobamba
Riohacha
Rivera
Rivne
Riyadh
Rize
Rome
Rostov-na-Donu
Rouen
Rundu
Ruse
Ryazan’
Rzeszów
Râmnicu Vâlcea
Río Gallegos
Rājshāhi
Rạch Giá
Sa'dah
Saarbrücken
Saatlı
Sabhā
Sacramento
Saga
Sagaing
Saint Croix
Saint Paul
Saint Petersburg
Saint-Denis
Saint-Louis
Saitama
Sakakah
Sakon Nakhon
Salem
Salt Lake City
Salta
Saltillo
Salto
Salvador
Salvaleón de Higüey
Salzburg
Samara
Samarinda
Samarkand
Samsun
Samut Prakan
Samut Sakhon
San Andrés
San Carlos
San Cristóbal
San Felipe
San Fernando
San Fernando de Apure
San Fernando del Valle de Catamarca
San Francisco de Macorís
San José
San José de las Lajas
San Juan
San Juan de la Maguana
San Juan de los Morros
San Luis
San Luis Potosí
San Miguel
San Miguel de Tucumán
San Pedro Sula
San Pedro de Macorís
San Salvador
San Salvador de Jujuy
San-Pédro
Sanaa
Sanandaj
Sancti Spíritus
Sankt Gallen
Santa Ana
Santa Clara
Santa Cruz de Barahona
Santa Cruz de Tenerife
Santa Cruz de la Sierra
Santa Fe
Santa Marta
Santa Rosa
Santa Tecla
Santander
Santiago
Santiago de Compostela
Santiago de Cuba
Santiago de Querétaro
Santiago de los Caballeros
Santiago del Estero
Santo Domingo
Santo Domingo Este
Santo Domingo de los Colorados
Sapporo
Sar-e Pul
Saraburi
Sarajevo
Saransk
Saratov
Sarh
Sari
Sariwŏn
Sarpsborg
Satu Mare
Savannakhet
Saïda
Schwerin
Sejong
Sekondi-Takoradi
Semarang
Semnan
Sendai
Seoul
Serang
Seremban
Setúbal
Sevastopol
Sevilla
Sfax
Sfântu Gheorghe
Shahr-e Kord
Shanghai
Sharjah
Sheki
Shenyang
Shibirghān
Shibīn al Kawm
Shijiazhuang
Shillong
Shimla
Shinyanga
Shiraz
Shizuoka
Shkodër
Shumen
Shymkent
Sibiu
Sidi Bel Abbès
Sidon
Siem Reap
Sihanoukville
Siirt
Sikasso
Sincelejo
Singa
Singapore
Singida
Sinŭiju
Sirte
Sittwe
Sivas
Skien
Skikda
Skopje
Slatina
Slavonski Brod
Sliven
Slobozia
Smolensk
Sofia
Sohag
Sohar
Sokhumi
Sokodé
Sokoto
Songea
Songkhla
Sonsonate
Souk Ahras
Sousse
Spanish Town
Split
Springfield
Srinagar
St. John's
Stara Zagora
Stavanger
Stavropol’
Stockholm
Strasbourg
Stuttgart
Suceava
Sucre
Suez
Sumbawanga
Sumqayıt
Sumy
Sunyani
Suphan Buri
Sur
Surabaya
Surat Thani
Suva
Suwon
Sydney
Syktyvkar
Sylhet
Szczecin
Szeged
Szolnok
Szombathely
Székesfehérvár
São Luís
São Paulo
São Tomé
Ségou
Séguéla
Sétif
Sóc Trăng
Ta Khmau
Tabora
Tabriz
Tabuk
Tacna
Tacuarembó
Tahoua
Taipei
Taiyuan
Takamatsu
Takeo
Talca
Taldykorgan
Tallahassee
Tallinn
Taloqan
Tam Kỳ
Tamale
Tamanrasset
Tambacounda
Tambov
Tampere
Tanda
Tanga
Tangier
Taraz
Tarija
Tartouss
Tartu
Tashkent
Tatabánya
Tataouine
Taunggyi
Ta‘izz
Tbilisi
Tegucigalpa
Tehran
Tekirdağ
Tel Aviv
Temuco
Tepic
Teresina
Ternopil
Tete
Tetovo
Thakhèk
Thanh Hóa
Thessaloníki
Thimphu
Thiruvananthapuram
Thái Bình
Thái Nguyên
Thủ Dầu Một
Tianjin
Tiaret
Timişoara
Tirana
Tiraspol
Tirmiz
Tissemsilt
Tizi Ouzou
Tlaxcala
Tlemcen
Toamasina
Tobruk
Tokat
Tokushima
Tokyo
Toledo
Toliara
Toluca
Tomsk
Topeka
Toronto
Totonicapán
Tottori
Toulouse
Toyama
Trabzon
Trang
Trento
Trenton
Trenčín
Trieste
Trincomalee
Trinidad
Tripoli
Trnava
Tromsø
Trujillo
Trujillo Alto
Trà Vinh
Tsu
Tsuen Wan
Tucupita
Tuguegarao
Tula
Tulcea
Tulcán
Tumbes
Tunis
Tunja
Turin
Turkestan
Turku
Tuxtla
Tuy Hòa
Tver
Tyumen
Tân An
Târgovişte
Târgu Jiu
Târgu-Mureş
Tébessa
Türkmenabat
Ubon Ratchathani
Udon Thani
Ufa
Ulan Bator
Ulan-Ude
Ulsan
Ulyanovsk
Umeå
Umm Al Quwain City
Umuahia
Uppsala
Urganch
Ushuaia
Ust-Kamenogorsk
Usulután
Utrecht
Utsunomiya
Uttaradit
Uyo
Uzhgorod
Uíge
Uşak
Vaasa
Valdivia
Valencia
Valladolid
Valledupar
Valparaíso
Van
Vanadzor
Varna
Vaslui
Vejle
Veles
Velikiy Novgorod
Veliko Tŭrnovo
Venice
Veszprém
Victoria
Vidin
Vienna
Vientiane
Villa Hayes
Villahermosa
Villavicencio
Vilnius
Vinh
Vinnytsia
Vitebsk
Vitória
Việt Trì
Vladikavkaz
Vladimir
Vladivostok
Vlorë
Volgograd
Vologda
Voronezh
Vratsa
Västerås
Växjö
Vĩnh Long
Wa
Wad Medani
Wakayama
Warsaw
Washington, D.C.
Wau
Wellington
Whangarei
Wiesbaden
Willemstad
Windhoek
Winejok
Winnipeg
Wrocław
Wuhan
Wŏnsan
Xai-Xai
Xalapa de Enríquez
Xining
Xi’an
Yakutsk
Yala
Yalova
Yamagata
Yamaguchi
Yambol
Yamoussoukro
Yangon
Yaoundé
Yaroslavl
Yasuj
Yazd
Yekaterinburg
Yerevan
Yevlakh
Yinchuan
Yogyakarta
Yokohama
Yola
Yopal
Yoshkar-Ola
Yozgat
Yuen Long Kau Hui
Yuzhno-Sakhalinsk
Yên Bái
Zacatecas
Zadar
Zagazig
Zagreb
Zahedan
Zahlé
Zalaegerszeg
Zalău
Zanjān
Zanzibar
Zaporizhia
Zaragoza
Zarqa
Zhengzhou
Zhytomyr
Zielona Góra
Ziguinchor
Zinder
Zlín
Zonguldak
Zugdidi
Zwolle
Zürich
Çanakkale
Çorum
Ébolowa
Évora
Ðà Lạt
Örebro
Ústí nad Labem
Ürümqi
Čair
České Budějovice
Īlām
İzmir
İzmit
Łódź
Ōita
Ōtsu
Şalālah
Şanlıurfa
Şirvan
Şırnak
Šiauliai
Žilina
Ḩamāh
Ḩawallī
‘Ajlūn
‘Amrān