A.H. Meyer
A.H. Meyer & Cie
ABB
AEW Energie
AFG Arbonia-Forster-
AFG Arbonia-Forster-Holding
ALSO
ALSO Holding
AM
AMAG
APG SGA
AXA Winterthur
AZ Medien
Aargauische Kantonalbank
Accenture
Acer
Acino
Acino Holding
Actelion
Adecco
Aduno
Aduno Holding
Adval Tech
Adval Tech Holding
Aevis
Aevis Holding
Aldi Suisse
Alfred Müller
Alfred Müller AG
Allreal
Allreal Holding
Alpiq
Alpiq Holding
Ameropa
Ameropa Holding
Ammann
Ammann Group Holding
Apple
Apple Switzerland
Artemis
Artemis Holding
Aryzta
Ascom
Ascom Holding
Atos
Atos AG
Audemars Piguet
Autoneum
Autoneum Holding
Avaloq Evolution
Axpo
Axpo Holding
Axpo Solutions
Aziende Industriali di Lugano
B + R Industrie-Automation
B. Braun Medical
BDO
BDO AG
BHP Billiton
BHP Billiton Group
BKW
BLS
BLS Cargo
BMW
BNP Paribas
BNP Paribas SA
BT
BT Switzerland
Bachem
Bachem Holding
Bally
Bally International
Banque Cantonale Vaudoise
Barry Callebaut
Basler Kantonalbank
Basler Verkehrs-Betriebe
Baumann Federn
Baumer
Baumer Holding
Bauwerk Parkett
BeautyAlliance
BeautyAlliance Schweiz
Bechtle
Bechtle Holding Schweiz
Belimo
Belimo Holding
Bell Food
Bell Food Group
Bernard Nicod
Berner Kantonalbank
Bernina
Bernina International
Bertschi
Bindella
Blancpain
Bobst
Bobst Group
Bossard
Bossard Holding
Breitling
Brunschwig
Brunschwig Holding
Bucher Industries
Bucherer
Bulgari Horlogerie
Burckhardt Compression
Burkhalter
Burkhalter Holding
Bystronic Laser
Bühler
Bühler Holding
C&A Mode
CA Indosuez Wealth Management
CCS Customer Care &
CCS Customer Care & Solutions
CPH Chemie + Papier
CRH Gétaz
CRH Gétaz Holding
CSC
CSC Switzerland GmbH
CSL Behring
Calida
Calida Holding
Calltrade Carrier Services
Camion-Transport
Canon
Cargill
Cargill International
Cargo2
Cargo24
Carlson Wagonlit Travel
Centralschweizerische Kraftwerke
Ceva Logistics
Cham
Cham Group
Chocolat Frey
Cicor
Cisco Systems
Cisco Systems GmbH
Clariant
Clienia
Coca-Cola HBC
Coca-Cola HBC Schweiz
Cognizant
Cognizant Technology Solutions
Comet
Comet Holding
Competec
Conforama Suisse
Conzzeta
Coop Bau+Hobby
Coop Mineraloel
Coop Vitality
Coop-Gruppe
Coop@home
Credit Suisse
Cremo
Curaden
DB Schenker
DB Schenker Schweiz
DKSH
DKSH Holding
DPD
DSS
DSS International
DXT Commodities
Debrunner Koenig
Debrunner Koenig Holding
Delica
Dell
Deloitte
Denner
Depot CH
Die Schweizerische Post
Dipl. Ing. Fust
Dormakaba
Dormakaba Holding
Dufry Travel Retail
Dätwyler
Dätwyler Holding
EFG
EFG International
EMC Computer Systems
ESA-Einkaufsorganisation
EWL Energie Wasser Luzern
EWL Energie Wasser Luzern Holding
Edelweiss Air
Egon Zehnder
Egon Zehnder International
Elektrizitätswerk der Stadt Zürich
Elektrizitätswerke des Kantons Zürich
Elektro-Material
Elektro-Material AG
Emanuele Centonze
Emanuele Centonze Holding
Emil Frey
Emmi
Ems-Chemie
Endress+Hauser
Energie Wasser Bern
Energiedienst
Energiedienst Holding
Energy Financing Team
Erdgas Zürich
Ericsson
Erne
Erne Holding
Ernst & Young
Estavayer Lait
Eugster/Frismag
Feintool
Feintool International
Feldschlösschen Getränke
Fenaco
Ferag
Ferring Pharmaceuticals
Festina - Candino Watch
Fiat Automobiles
Fiat Group Automobiles
Fielmann
Firmenich
Firmenich International
Flame
Flame SA
Florin
Florin AG
Flughafen Zürich
Forbo
Forbo Holding
Fortimo
Fortimo Group
Fracht
Fracht AG
Franck Muller Watchland
Franke
Franke Schweiz
Frigemo
Fritz Meyer
Fritz Meyer Holding
Frutiger Unternehmungen
Galenica
Galliker Transport
Gasverbund Mittelland
Gategroup
Gategroup Holding
Geberit
Generali
Generali Schweiz
Georg Fischer
Georg Fischer AG
Georg Utz
Georg Utz Holding
Givaudan
Glencore
Glencore International
Globetrotter
Globetrotter Group
Goldbach
Goldbach Group
Gondrand
Gondrand Holding
Google
Google Switzerland
Griesser
Griesser Holding
Grosspeter
Groupe E
Gunvor
Gurit
Gurit Holding
Gübelin
H&M Hennes & Mauritz
HG Commerciale
HRS
HRS Holding
HSBC Private Bank
HSBC Private Bank SA
Haag-Streit
Haag-Streit Holding
Habasit
Haco
Halter
Halter AG Bauunternehmung
Hamilton Bonaduz
Hapimag
Helvetia
Hero
Hewlett-Packard
Hilcona
Hilti
Hochdorf
Hochdorf Holding
Hoco
Hoco Holding
Holdigaz
Hotelplan
Hotelplan Holding
Hoval Gruppe
Huawei
Huawei Technologies Switzerland
Huber+Suhner
Hublot
Hupac
Hälg
Hälg Holding
Hügli
Hügli Holding
IBInstitut Biochimique
IBM
IBM Schweiz
IBSA Institut Biochimique
IKEA
ISS
ISS Schweiz
Implenia
Induni
Industrielle Werke Basel
Ineos Holdings
Inficon
Inficon Holding
Infinigate
Infinigate Holding
Infosys Consulting
Infosys Consulting Holding
Ingram Micro
Insel Gruppe
Intel Semiconductor
Interdiscount
International Watch Company
Interroll
Interroll Holding
Interroute
Intersport
Investis
Investis Holding
Itris
Ivoclar Vivadent
Jaeger-LeCoultre
Jansen
Jansen AG
Jowa
Julius Bär
Jumbo-Markt
Jungfraubahn
Jungfraubahn Holding
Jura Elektroapparate
KPMG
Kabelwerke Brugg
Kambly
Kambly Holding
Kantonsspital Baselland
Kantonsspital St. Gallen
Kantonsspital Winterthur
Kardex
Karl Vögele
Karl Vögele AG
Keytrade
Kirchhofer
Kirchhofer AG
Kistler Instrumente
Klingelnberg
Kolmar
Kolmar Group
Komax
Komax Holding
Korean Motor Company
Krono
Krono Holding
Kudelski
Kühne + Nagel
Kühne + Nagel International
L.U. Chopard
L.U. Chopard & Cie
LEM
LEM Holding
LV-St.Gallen
LafargeHolcim
Lagerhäuser der Centralschweiz
Lamprecht Transport
Landi
Landis+Gyr
LeShop.ch
Leica Geosystems
Lekkerland
Lenovo
Lenovo GmbH
Leonteq
Lidl
Lidl Schweiz
Liebherr
Liebherr International
Lindt & Sprüngli
Lipo
Lipo Beteiligungen
Lista Office
Littlebit
Littlebit Technology
Logitech
Logitech International
Lonza
Lonza Group
Looser
Looser Holding
Losinger Marazzi
Luzerner Kantonalbank
Lyreco
Lyreco Switzerland
Lüchinger + Schmid
M & M Militzer & Münch
M + R Spedag
M + R Spedag Group
MB Barter & Trading
MCH
MCH Group
MET
MET Group
MIR Trade
MSC Cruises
Magazine zum Globus
Mammut Sports
Mammut Sports Group
Manor
Mars
Mars Schweiz
Marti
Marti Holding
Maus Frères
Maus Frères Holding
Maxon Motor
Mazda
McDonalds Suisse
Medela
Medela Holding
Media Markt Zürich
Mediclinic
Mediclinic Switzerland
Mediterranean Shipping Company
Meier Tobler
Merbag
Merbag Holding
Mercedes-Benz
Mercedes-Benz Schweiz
Mercuria Energy Trading
Metall Zug
Metrohm
Meyer Burger
Meyer Burger Technology
Mibelle
Micarna
Microsoft
Microsoft Schweiz
Mifroma
Migrol
Migrolino
Migros
Migros Bank
Mikron
Mikron Holding
Mobilezone
Mobilezone Holding
Mobimo
Mobimo Holding
Model
Model Holding
Montana Tech Components
Montres Breguet
Montres Longines
Mövenpick
Mövenpick Holding
Müller
Müller Schweiz
Nestlé
Neue Aargauer Bank
Neue Zürcher Zeitung
OC Oerlikon Corporation
Ochsner Sport
Octapharma
Oettinger Davidoff
Offix
Offix Holding
Omega
Omya
Oracle
Oracle Software
Orascom Development
Orascom Development Holding
Orell Füssli
Orell Füssli Holding
Orell Füssli Thalia
Orior
Ospelt Food
Otto’s
PSP Swiss Property
Panalpina Welttransport
Pargesa
Pargesa Holding
Partners
Partners Group Holding
Patek Philippe
Pfister Arco
Pfister Arco Holding
Phoenix Mecano
Piaget
Pilatus Flugzeugwerke
Pistor
Pistor Holding
Planzer
Planzer Holding
PostAuto
PostAuto Schweiz
PostFinance
PostLogistics
PricewaterhouseCoopers
Quickline
R. Nussbaum
Rado Uhren
Raiffeisen
Raiffeisen Schweiz
Rational
Rational International
Raymond Weil
Rehau
Reichle & De-Massari
Reinhard Fromm
Reinhard Fromm Holding
Reishauer
Renault Suisse
Repower
Rhenus Alpina
Rhätische Bahn
Richemont
Ricola
Ricola Holding
Rieter
Rieter Holding
Ringier
Robert Bosch
Robert Bosch Schweiz
Roche
Roche Holding
Rolex
Romande Energie
Ruag
Ruag Holding
SAK
SAK Holding
SAP
SBB
SFS
SFS Holding
SGS
SIG Combibloc
SIG Combibloc Group
SIX
SIX Group
SR Technics
SR Technics Switzerland
SRG SSR
SV
SV Group
Sabag
Sabag Holding
Salt Mobile
Samsung Electric
Sanitas
Sanitas Troesch
Saviva
Scania
Scania Schweiz
Schaffner
Schaffner Holding
Schenker Storen
Schindler
Schindler Holding
Schmid
Schmid Bauunternehmung
Schmolz+Bickenbach
Schneider Electric
Schulthess
Schulthess Group
Schurter
Schurter Holding
Schweiter
Schweiter Technologies
Schweizer Reisekasse
Schweizer Zucker
Schweizerische Mobiliar
Schätzle
Schätzle Holding
Scott Corporation
Securitas
Securitas AG
Selecta
Services industriels de Genève
Sicpa
Sicpa Holding
Siegfried
Siegfried Holding
Siemens
Siemens Schweiz
Sika
Sipro Stahl
Sipro Stahl Holding
Skyguide
SoftwareONE
Solothurner Spitäler
Sonova
Sonova Holding
Spaeter
Spar
Spar Holding
Spital Limmattal
Spitäler Schaffhausen
St.Galler Kantonalbank
Stadler Rail
Stadtwerk Winterthur
Starrag
Starrag Group Holding
Steiner
Sto
Straumann
Straumann Holding
Streck Transport
Stäubli
Sulzer
Sunrise Communications
Swiss Air Lines
Swiss Automotive
Swiss Automotive Group
Swiss International Air Lines
Swiss Life
Swiss Prime Site
Swiss Re
Swisscom
Swissgas
Swissgrid
Swissport
Swissport International
Symantec
Symantec Switzerland
Syngenta
T-Systems
T-Systems Schweiz
TAG Heuer
THeuer
Tally Weijl
Tally Weijl Holding
Tamedia
Tamoil
Tarchini FoxTown
Tata Consultancy Services
Tata Consultancy Services Switzerland
Tecan
Tecan Group
Tech Data
Temenos
Temenos Group
Tetra Pak
Tetra Pak International
The Swatch
The Swatch Group
Thermoplan
Tissot
Top Tip/Lumimart
TopCC
TopPharm
Tornos
Tornos Holding
Trafigura
Transgourmet
Transgourmet Holding
Transocean
Transports publics genevois
Trisa
Trisa Holding
Triumph
Triumph International
Trumpf Maschinen
UBS
UPC Cablecom
Unilever
Unilever Schweiz
Union Bancaire Privée
Universitätsspital Basel
Universitätsspital Zürich
VAT
VAT Group
Vacheron Constantin
Valiant
Valora
Valora Holding
Veritas
Veritas GmbH
Vetropack
Vetropack Holding
Victorinox
Vifor Pharma
Vinci Energies
Vinci Energies Schweiz
Visilab
Vitol
Volg
Volvo
Volvo Trucks
Von Roll
Von Roll Holding
Vorwerk International Strecker & Co.
Vorwerk Strecker & Co.
WRH Walter Reist
WRH Walter Reist Holding
Walo Bertschinger
Wasserwerke Zug
Watch Company
Weleda
Werco Trade
Wicor
Wicor Holding
Wilhelm Schulthess-Stiftung
Würth-Gruppe
Xerox
Ypsomed
Ypsomed Holding
ZFV-Unternehmungen
Zehnder
Zehnder Group
Ziegler Gruppe
Zimmer GmbH
Zur Rose
Zurich Insurance
Zurich Insurance Group 1
Zweifel Chips + Snacks
Zürcher Kantonalbank
agta record
digitec
swisspor
swisspor Holding
u-blox
u-blox Holding